2025-06-19 15:22:19,454 - INFO - Loading data for Australian Grand Prix - Race [v3.5.3]
2025-06-19 15:22:19,455 - INFO - No cached data found for session_info. Loading data...
2025-06-19 15:22:19,455 - INFO - Fetching session info data...
2025-06-19 15:22:20,224 - INFO - Data has been written to cache!
2025-06-19 15:22:20,785 - INFO - No cached data found for driver_info. Loading data...
2025-06-19 15:22:20,883 - INFO - Fetching driver list...
2025-06-19 15:22:21,653 - INFO - Data has been written to cache!
2025-06-19 15:22:22,780 - INFO - No cached data found for session_status_data. Loading data...
2025-06-19 15:22:22,969 - INFO - Fetching session status data...
2025-06-19 15:22:23,291 - INFO - Data has been written to cache!
2025-06-19 15:22:23,292 - INFO - No cached data found for lap_count. Loading data...
2025-06-19 15:22:23,292 - INFO - Fetching lap count data...
2025-06-19 15:22:23,625 - INFO - Data has been written to cache!
2025-06-19 15:22:23,626 - INFO - No cached data found for track_status_data. Loading data...
2025-06-19 15:22:23,626 - INFO - Fetching track status data...
2025-06-19 15:22:24,053 - INFO - Data has been written to cache!
2025-06-19 15:22:24,074 - INFO - No cached data found for _extended_timing_data. Loading data...
2025-06-19 15:22:24,111 - INFO - Fetching timing data...
2025-06-19 15:22:25,363 - INFO - Parsing timing data...
2025-06-19 15:22:25,697 - INFO - Data has been written to cache!
2025-06-19 15:22:25,698 - INFO - No cached data found for timing_app_data. Loading data...
2025-06-19 15:22:25,698 - INFO - Fetching timing app data...
2025-06-19 15:22:26,260 - INFO - Data has been written to cache!
2025-06-19 15:22:26,260 - INFO - Processing timing data...
2025-06-19 15:22:27,287 - INFO - No cached data found for car_data. Loading data...
2025-06-19 15:22:27,341 - INFO - Fetching car data...
2025-06-19 15:22:28,643 - INFO - Parsing car data...
2025-06-19 15:22:31,988 - INFO - Data has been written to cache!
2025-06-19 15:22:31,992 - INFO - No cached data found for position_data. Loading data...
2025-06-19 15:22:31,993 - INFO - Fetching position data...
2025-06-19 15:22:32,354 - DEBUG - Falling back to livetiming mirror (https://livetiming-mirror.fastf1.dev)
2025-06-19 15:22:32,742 - WARNING - Car position data is unavailable!
2025-06-19 15:22:33,226 - INFO - No cached data found for weather_data. Loading data...
2025-06-19 15:22:33,227 - INFO - Fetching weather data...
2025-06-19 15:22:33,620 - INFO - Data has been written to cache!
2025-06-19 15:22:33,622 - INFO - No cached data found for race_control_messages. Loading data...
2025-06-19 15:22:33,622 - INFO - Fetching race control messages...
2025-06-19 15:22:34,174 - INFO - Data has been written to cache!
2025-06-19 15:22:34,227 - WARNING - Driver 5 completed the race distance 00:00.123000 before the recorded end of the session.
2025-06-19 15:22:34,375 - INFO - Finished loading data for 20 drivers: ['5', '44', '7', '3', '14', '33', '27', '77', '2', '55', '11', '31', '16', '18', '28', '8', '20', '10', '9', '35']
2025-06-19 15:22:35,567 - INFO - [EXPORT OK] australian_grand_prix
2025-06-19 15:22:35,581 - INFO - Loading data for Bahrain Grand Prix - Race [v3.5.3]
2025-06-19 15:22:35,583 - INFO - No cached data found for session_info. Loading data...
2025-06-19 15:22:35,583 - INFO - Fetching session info data...
2025-06-19 15:22:36,095 - INFO - Data has been written to cache!
2025-06-19 15:22:36,102 - INFO - No cached data found for driver_info. Loading data...
2025-06-19 15:22:36,104 - INFO - Fetching driver list...
2025-06-19 15:22:36,483 - INFO - Data has been written to cache!
2025-06-19 15:22:36,707 - INFO - No cached data found for session_status_data. Loading data...
2025-06-19 15:22:36,708 - INFO - Fetching session status data...
2025-06-19 15:22:37,081 - INFO - Data has been written to cache!
2025-06-19 15:22:37,083 - INFO - No cached data found for lap_count. Loading data...
2025-06-19 15:22:37,083 - INFO - Fetching lap count data...
2025-06-19 15:22:37,685 - INFO - Data has been written to cache!
2025-06-19 15:22:37,687 - INFO - No cached data found for track_status_data. Loading data...
2025-06-19 15:22:37,688 - INFO - Fetching track status data...
2025-06-19 15:22:38,035 - INFO - Data has been written to cache!
2025-06-19 15:22:38,042 - INFO - No cached data found for _extended_timing_data. Loading data...
2025-06-19 15:22:38,042 - INFO - Fetching timing data...
2025-06-19 15:22:39,725 - INFO - Parsing timing data...
2025-06-19 15:22:40,575 - WARNING - Failed to align laps for drivers: ['33', '3']
2025-06-19 15:22:40,614 - INFO - Data has been written to cache!
2025-06-19 15:22:40,615 - INFO - No cached data found for timing_app_data. Loading data...
2025-06-19 15:22:40,616 - INFO - Fetching timing app data...
2025-06-19 15:22:41,056 - INFO - Data has been written to cache!
2025-06-19 15:22:41,056 - INFO - Processing timing data...
2025-06-19 15:22:41,400 - WARNING - Driver 27: Lap timing integrity check failed for 1 lap(s)
2025-06-19 15:22:41,411 - WARNING - Driver  2: Lap timing integrity check failed for 1 lap(s)
2025-06-19 15:22:41,416 - WARNING - Driver  9: Lap timing integrity check failed for 1 lap(s)
2025-06-19 15:22:41,422 - WARNING - Driver 31: Lap timing integrity check failed for 1 lap(s)
2025-06-19 15:22:41,430 - WARNING - Driver 55: Lap timing integrity check failed for 1 lap(s)
2025-06-19 15:22:41,435 - WARNING - Driver 16: Lap timing integrity check failed for 1 lap(s)
2025-06-19 15:22:41,441 - WARNING - Driver  8: Lap timing integrity check failed for 1 lap(s)
2025-06-19 15:22:41,448 - WARNING - Driver 18: Lap timing integrity check failed for 1 lap(s)
2025-06-19 15:22:41,453 - WARNING - Driver 35: Lap timing integrity check failed for 1 lap(s)
2025-06-19 15:22:41,469 - WARNING - Driver 28: Lap timing integrity check failed for 1 lap(s)
2025-06-19 15:22:41,964 - INFO - No cached data found for car_data. Loading data...
2025-06-19 15:22:41,965 - INFO - Fetching car data...
2025-06-19 15:22:42,364 - DEBUG - Falling back to livetiming mirror (https://livetiming-mirror.fastf1.dev)
2025-06-19 15:22:42,674 - WARNING - Car telemetry data is unavailable!
2025-06-19 15:22:42,676 - INFO - No cached data found for position_data. Loading data...
2025-06-19 15:22:42,676 - INFO - Fetching position data...
2025-06-19 15:22:43,112 - DEBUG - Falling back to livetiming mirror (https://livetiming-mirror.fastf1.dev)
2025-06-19 15:22:43,412 - WARNING - Car position data is unavailable!
2025-06-19 15:22:43,424 - WARNING - Failed to determine `Session.t0_date`!
2025-06-19 15:22:43,436 - WARNING - Failed to load telemetry data!
2025-06-19 15:22:43,464 - DEBUG - Traceback for failure in telemetry data
Traceback (most recent call last):
  File "/Users/ompatel/Downloads/RacinglinAi/.venv/lib/python3.11/site-packages/fastf1/logger.py", line 151, in __wrapped
    return func(*args, **kwargs)
           ^^^^^^^^^^^^^^^^^^^^^
  File "/Users/ompatel/Downloads/RacinglinAi/.venv/lib/python3.11/site-packages/fastf1/core.py", line 2528, in _load_telemetry
    = self._laps['LapStartTime'] + self.t0_date
      ~~~~~~~~~~~~~~~~~~~~~~~~~~~^~~~~~~~~~~~~~
  File "/Users/ompatel/Downloads/RacinglinAi/.venv/lib/python3.11/site-packages/pandas/core/ops/common.py", line 76, in new_method
    return method(self, other)
           ^^^^^^^^^^^^^^^^^^^
  File "/Users/ompatel/Downloads/RacinglinAi/.venv/lib/python3.11/site-packages/pandas/core/arraylike.py", line 186, in __add__
    return self._arith_method(other, operator.add)
           ^^^^^^^^^^^^^^^^^^^^^^^^^^^^^^^^^^^^^^^
  File "/Users/ompatel/Downloads/RacinglinAi/.venv/lib/python3.11/site-packages/pandas/core/series.py", line 6146, in _arith_method
    return base.IndexOpsMixin._arith_method(self, other, op)
           ^^^^^^^^^^^^^^^^^^^^^^^^^^^^^^^^^^^^^^^^^^^^^^^^^
  File "/Users/ompatel/Downloads/RacinglinAi/.venv/lib/python3.11/site-packages/pandas/core/base.py", line 1391, in _arith_method
    result = ops.arithmetic_op(lvalues, rvalues, op)
             ^^^^^^^^^^^^^^^^^^^^^^^^^^^^^^^^^^^^^^^
  File "/Users/ompatel/Downloads/RacinglinAi/.venv/lib/python3.11/site-packages/pandas/core/ops/array_ops.py", line 273, in arithmetic_op
    res_values = op(left, right)
                 ^^^^^^^^^^^^^^^
TypeError: unsupported operand type(s) for +: 'TimedeltaArray' and 'NoneType'
2025-06-19 15:22:43,483 - INFO - No cached data found for weather_data. Loading data...
2025-06-19 15:22:43,483 - INFO - Fetching weather data...
2025-06-19 15:22:43,925 - INFO - Data has been written to cache!
2025-06-19 15:22:43,932 - INFO - No cached data found for race_control_messages. Loading data...
2025-06-19 15:22:43,933 - INFO - Fetching race control messages...
2025-06-19 15:22:44,428 - INFO - Data has been written to cache!
2025-06-19 15:22:44,512 - INFO - Finished loading data for 20 drivers: ['5', '77', '44', '10', '20', '27', '14', '2', '9', '31', '55', '16', '8', '18', '35', '11', '28', '7', '33', '3']
2025-06-19 15:22:44,777 - INFO - [EXPORT OK] bahrain_grand_prix
2025-06-19 15:22:44,784 - INFO - Loading data for Chinese Grand Prix - Race [v3.5.3]
2025-06-19 15:22:44,785 - INFO - No cached data found for session_info. Loading data...
2025-06-19 15:22:44,785 - INFO - Fetching session info data...
2025-06-19 15:22:45,189 - INFO - Data has been written to cache!
2025-06-19 15:22:45,190 - INFO - No cached data found for driver_info. Loading data...
2025-06-19 15:22:45,190 - INFO - Fetching driver list...
2025-06-19 15:22:45,542 - INFO - Data has been written to cache!
2025-06-19 15:22:45,964 - INFO - No cached data found for session_status_data. Loading data...
2025-06-19 15:22:45,965 - INFO - Fetching session status data...
2025-06-19 15:22:46,356 - INFO - Data has been written to cache!
2025-06-19 15:22:46,367 - INFO - No cached data found for lap_count. Loading data...
2025-06-19 15:22:46,369 - INFO - Fetching lap count data...
2025-06-19 15:22:46,862 - INFO - Data has been written to cache!
2025-06-19 15:22:46,864 - INFO - No cached data found for track_status_data. Loading data...
2025-06-19 15:22:46,864 - INFO - Fetching track status data...
2025-06-19 15:22:47,266 - INFO - Data has been written to cache!
2025-06-19 15:22:47,281 - INFO - No cached data found for _extended_timing_data. Loading data...
2025-06-19 15:22:47,283 - INFO - Fetching timing data...
2025-06-19 15:22:47,958 - INFO - Parsing timing data...
2025-06-19 15:22:48,350 - INFO - Data has been written to cache!
2025-06-19 15:22:48,351 - INFO - No cached data found for timing_app_data. Loading data...
2025-06-19 15:22:48,351 - INFO - Fetching timing app data...
2025-06-19 15:22:48,746 - INFO - Data has been written to cache!
2025-06-19 15:22:48,747 - INFO - Processing timing data...
2025-06-19 15:22:50,083 - INFO - No cached data found for car_data. Loading data...
2025-06-19 15:22:50,087 - INFO - Fetching car data...
2025-06-19 15:22:50,745 - INFO - Parsing car data...
2025-06-19 15:22:53,597 - INFO - Data has been written to cache!
2025-06-19 15:22:53,603 - INFO - No cached data found for position_data. Loading data...
2025-06-19 15:22:53,603 - INFO - Fetching position data...
2025-06-19 15:22:54,252 - INFO - Parsing position data...
2025-06-19 15:22:59,135 - INFO - Data has been written to cache!
2025-06-19 15:23:00,873 - INFO - No cached data found for weather_data. Loading data...
2025-06-19 15:23:00,875 - INFO - Fetching weather data...
2025-06-19 15:23:01,437 - INFO - Data has been written to cache!
2025-06-19 15:23:01,441 - INFO - No cached data found for race_control_messages. Loading data...
2025-06-19 15:23:01,441 - INFO - Fetching race control messages...
2025-06-19 15:23:01,844 - INFO - Data has been written to cache!
2025-06-19 15:23:01,859 - WARNING - Driver 3 completed the race distance 00:00.025000 before the recorded end of the session.
2025-06-19 15:23:02,078 - INFO - Finished loading data for 20 drivers: ['3', '77', '7', '44', '33', '27', '14', '5', '55', '20', '31', '11', '2', '18', '35', '9', '8', '10', '16', '28']
2025-06-19 15:23:04,929 - INFO - [EXPORT OK] chinese_grand_prix
2025-06-19 15:23:04,940 - INFO - Loading data for Azerbaijan Grand Prix - Race [v3.5.3]
2025-06-19 15:23:04,942 - INFO - No cached data found for session_info. Loading data...
2025-06-19 15:23:04,942 - INFO - Fetching session info data...
2025-06-19 15:23:05,356 - INFO - Data has been written to cache!
2025-06-19 15:23:05,357 - INFO - No cached data found for driver_info. Loading data...
2025-06-19 15:23:05,358 - INFO - Fetching driver list...
2025-06-19 15:23:05,717 - INFO - Data has been written to cache!
2025-06-19 15:23:05,944 - INFO - No cached data found for session_status_data. Loading data...
2025-06-19 15:23:05,945 - INFO - Fetching session status data...
2025-06-19 15:23:06,502 - INFO - Data has been written to cache!
2025-06-19 15:23:06,531 - INFO - No cached data found for lap_count. Loading data...
2025-06-19 15:23:06,534 - INFO - Fetching lap count data...
2025-06-19 15:23:07,984 - INFO - Data has been written to cache!
2025-06-19 15:23:07,995 - INFO - No cached data found for track_status_data. Loading data...
2025-06-19 15:23:07,999 - INFO - Fetching track status data...
2025-06-19 15:23:08,498 - INFO - Data has been written to cache!
2025-06-19 15:23:08,507 - INFO - No cached data found for _extended_timing_data. Loading data...
2025-06-19 15:23:08,509 - INFO - Fetching timing data...
2025-06-19 15:23:09,546 - INFO - Parsing timing data...
2025-06-19 15:23:09,867 - INFO - Data has been written to cache!
2025-06-19 15:23:09,867 - INFO - No cached data found for timing_app_data. Loading data...
2025-06-19 15:23:09,867 - INFO - Fetching timing app data...
2025-06-19 15:23:10,403 - INFO - Data has been written to cache!
2025-06-19 15:23:10,408 - INFO - Processing timing data...
2025-06-19 15:23:11,510 - WARNING - Driver 55: Lap timing integrity check failed for 1 lap(s)
2025-06-19 15:23:11,530 - WARNING - Driver 16: Lap timing integrity check failed for 1 lap(s)
2025-06-19 15:23:11,846 - INFO - No cached data found for car_data. Loading data...
2025-06-19 15:23:11,846 - INFO - Fetching car data...
2025-06-19 15:23:12,616 - INFO - Parsing car data...
2025-06-19 15:23:15,500 - INFO - Data has been written to cache!
2025-06-19 15:23:15,505 - INFO - No cached data found for position_data. Loading data...
2025-06-19 15:23:15,506 - INFO - Fetching position data...
2025-06-19 15:23:16,357 - INFO - Parsing position data...
2025-06-19 15:23:18,397 - INFO - Data has been written to cache!
2025-06-19 15:23:20,619 - INFO - No cached data found for weather_data. Loading data...
2025-06-19 15:23:20,626 - INFO - Fetching weather data...
2025-06-19 15:23:20,991 - INFO - Data has been written to cache!
2025-06-19 15:23:20,993 - INFO - No cached data found for race_control_messages. Loading data...
2025-06-19 15:23:20,993 - INFO - Fetching race control messages...
2025-06-19 15:23:21,397 - INFO - Data has been written to cache!
2025-06-19 15:23:21,400 - WARNING - Driver 44 completed the race distance 00:00.110000 before the recorded end of the session.
2025-06-19 15:23:21,495 - INFO - Finished loading data for 20 drivers: ['44', '7', '11', '5', '55', '16', '14', '18', '2', '28', '9', '10', '20', '77', '8', '33', '3', '27', '31', '35']
2025-06-19 15:23:21,822 - INFO - [EXPORT OK] azerbaijan_grand_prix
2025-06-19 15:23:21,830 - INFO - Loading data for Spanish Grand Prix - Race [v3.5.3]
2025-06-19 15:23:21,831 - INFO - No cached data found for session_info. Loading data...
2025-06-19 15:23:21,831 - INFO - Fetching session info data...
2025-06-19 15:23:22,256 - INFO - Data has been written to cache!
2025-06-19 15:23:22,273 - INFO - No cached data found for driver_info. Loading data...
2025-06-19 15:23:22,304 - INFO - Fetching driver list...
2025-06-19 15:23:23,046 - INFO - Data has been written to cache!
2025-06-19 15:23:23,496 - INFO - No cached data found for session_status_data. Loading data...
2025-06-19 15:23:23,501 - INFO - Fetching session status data...
2025-06-19 15:23:23,945 - INFO - Data has been written to cache!
2025-06-19 15:23:23,947 - INFO - No cached data found for lap_count. Loading data...
2025-06-19 15:23:23,948 - INFO - Fetching lap count data...
2025-06-19 15:23:24,303 - INFO - Data has been written to cache!
2025-06-19 15:23:24,304 - INFO - No cached data found for track_status_data. Loading data...
2025-06-19 15:23:24,304 - INFO - Fetching track status data...
2025-06-19 15:23:24,661 - INFO - Data has been written to cache!
2025-06-19 15:23:24,662 - INFO - No cached data found for _extended_timing_data. Loading data...
2025-06-19 15:23:24,663 - INFO - Fetching timing data...
2025-06-19 15:23:26,117 - INFO - Parsing timing data...
2025-06-19 15:23:26,727 - INFO - Data has been written to cache!
2025-06-19 15:23:26,729 - INFO - No cached data found for timing_app_data. Loading data...
2025-06-19 15:23:26,730 - INFO - Fetching timing app data...
2025-06-19 15:23:27,345 - INFO - Data has been written to cache!
2025-06-19 15:23:27,346 - INFO - Processing timing data...
2025-06-19 15:23:28,038 - INFO - No cached data found for car_data. Loading data...
2025-06-19 15:23:28,039 - INFO - Fetching car data...
2025-06-19 15:23:28,923 - INFO - Parsing car data...
2025-06-19 15:23:30,994 - INFO - Data has been written to cache!
2025-06-19 15:23:31,000 - INFO - No cached data found for position_data. Loading data...
2025-06-19 15:23:31,001 - INFO - Fetching position data...
2025-06-19 15:23:31,748 - INFO - Parsing position data...
2025-06-19 15:23:33,370 - INFO - Data has been written to cache!
2025-06-19 15:23:35,489 - INFO - No cached data found for weather_data. Loading data...
2025-06-19 15:23:35,494 - INFO - Fetching weather data...
2025-06-19 15:23:35,897 - INFO - Data has been written to cache!
2025-06-19 15:23:35,899 - INFO - No cached data found for race_control_messages. Loading data...
2025-06-19 15:23:35,900 - INFO - Fetching race control messages...
2025-06-19 15:23:36,260 - INFO - Data has been written to cache!
2025-06-19 15:23:36,263 - WARNING - Driver 44 completed the race distance 00:00.017000 before the recorded end of the session.
2025-06-19 15:23:36,293 - INFO - Finished loading data for 20 drivers: ['44', '77', '33', '5', '3', '20', '55', '14', '11', '16', '18', '28', '9', '35', '2', '31', '7', '8', '10', '27']
2025-06-19 15:23:36,674 - INFO - [EXPORT OK] spanish_grand_prix
2025-06-19 15:23:36,682 - INFO - Loading data for Monaco Grand Prix - Race [v3.5.3]
2025-06-19 15:23:36,683 - INFO - No cached data found for session_info. Loading data...
2025-06-19 15:23:36,683 - INFO - Fetching session info data...
2025-06-19 15:23:37,053 - INFO - Data has been written to cache!
2025-06-19 15:23:37,054 - INFO - No cached data found for driver_info. Loading data...
2025-06-19 15:23:37,054 - INFO - Fetching driver list...
2025-06-19 15:23:37,522 - INFO - Data has been written to cache!
2025-06-19 15:23:38,163 - INFO - No cached data found for session_status_data. Loading data...
2025-06-19 15:23:38,167 - INFO - Fetching session status data...
2025-06-19 15:23:38,574 - INFO - Data has been written to cache!
2025-06-19 15:23:38,590 - INFO - No cached data found for lap_count. Loading data...
2025-06-19 15:23:38,591 - INFO - Fetching lap count data...
2025-06-19 15:23:38,966 - INFO - Data has been written to cache!
2025-06-19 15:23:38,967 - INFO - No cached data found for track_status_data. Loading data...
2025-06-19 15:23:38,968 - INFO - Fetching track status data...
2025-06-19 15:23:39,425 - INFO - Data has been written to cache!
2025-06-19 15:23:39,431 - INFO - No cached data found for _extended_timing_data. Loading data...
2025-06-19 15:23:39,432 - INFO - Fetching timing data...
2025-06-19 15:23:41,628 - INFO - Parsing timing data...
2025-06-19 15:23:42,447 - INFO - Data has been written to cache!
2025-06-19 15:23:42,449 - INFO - No cached data found for timing_app_data. Loading data...
2025-06-19 15:23:42,450 - INFO - Fetching timing app data...
2025-06-19 15:23:42,930 - INFO - Data has been written to cache!
2025-06-19 15:23:42,930 - INFO - Processing timing data...
2025-06-19 15:23:44,027 - INFO - No cached data found for car_data. Loading data...
2025-06-19 15:23:44,039 - INFO - Fetching car data...
2025-06-19 15:23:44,898 - INFO - Parsing car data...
2025-06-19 15:23:48,093 - INFO - Data has been written to cache!
2025-06-19 15:23:48,099 - INFO - No cached data found for position_data. Loading data...
2025-06-19 15:23:48,101 - INFO - Fetching position data...
2025-06-19 15:23:48,734 - INFO - Parsing position data...
2025-06-19 15:23:52,026 - INFO - Data has been written to cache!
2025-06-19 15:23:53,141 - INFO - No cached data found for weather_data. Loading data...
2025-06-19 15:23:53,142 - INFO - Fetching weather data...
2025-06-19 15:23:53,623 - INFO - Data has been written to cache!
2025-06-19 15:23:53,640 - INFO - No cached data found for race_control_messages. Loading data...
2025-06-19 15:23:53,648 - INFO - Fetching race control messages...
2025-06-19 15:23:54,285 - INFO - Data has been written to cache!
2025-06-19 15:23:54,301 - WARNING - Driver 3 completed the race distance 00:00.040000 before the recorded end of the session.
2025-06-19 15:23:54,375 - INFO - Finished loading data for 20 drivers: ['3', '5', '44', '7', '77', '31', '10', '27', '33', '55', '9', '11', '20', '2', '8', '35', '18', '16', '28', '14']
2025-06-19 15:23:55,043 - INFO - [EXPORT OK] monaco_grand_prix
2025-06-19 15:23:55,072 - INFO - Loading data for Canadian Grand Prix - Race [v3.5.3]
2025-06-19 15:23:55,073 - INFO - No cached data found for session_info. Loading data...
2025-06-19 15:23:55,074 - INFO - Fetching session info data...
2025-06-19 15:23:55,486 - INFO - Data has been written to cache!
2025-06-19 15:23:55,487 - INFO - No cached data found for driver_info. Loading data...
2025-06-19 15:23:55,487 - INFO - Fetching driver list...
2025-06-19 15:23:55,905 - INFO - Data has been written to cache!
2025-06-19 15:23:56,131 - INFO - No cached data found for session_status_data. Loading data...
2025-06-19 15:23:56,131 - INFO - Fetching session status data...
2025-06-19 15:23:57,276 - INFO - Data has been written to cache!
2025-06-19 15:23:57,582 - INFO - No cached data found for lap_count. Loading data...
2025-06-19 15:23:57,589 - INFO - Fetching lap count data...
2025-06-19 15:23:58,419 - INFO - Data has been written to cache!
2025-06-19 15:23:58,423 - INFO - No cached data found for track_status_data. Loading data...
2025-06-19 15:23:58,423 - INFO - Fetching track status data...
2025-06-19 15:23:58,971 - INFO - Data has been written to cache!
2025-06-19 15:23:58,979 - INFO - No cached data found for _extended_timing_data. Loading data...
2025-06-19 15:23:58,980 - INFO - Fetching timing data...
2025-06-19 15:24:00,004 - INFO - Parsing timing data...
2025-06-19 15:24:00,090 - WARNING - Driver  5: Ignoring late data for a previously processed lap.The data may contain errors (previous: 69; current 70)
2025-06-19 15:24:00,091 - WARNING - Driver  5: Ignoring late data for a previously processed lap.The data may contain errors (previous: 68; current 70)
2025-06-19 15:24:00,107 - WARNING - Driver 77: Ignoring late data for a previously processed lap.The data may contain errors (previous: 69; current 70)
2025-06-19 15:24:00,108 - WARNING - Driver 77: Ignoring late data for a previously processed lap.The data may contain errors (previous: 68; current 70)
2025-06-19 15:24:00,147 - WARNING - Driver 33: Ignoring late data for a previously processed lap.The data may contain errors (previous: 69; current 70)
2025-06-19 15:24:00,148 - WARNING - Driver 33: Ignoring late data for a previously processed lap.The data may contain errors (previous: 68; current 70)
2025-06-19 15:24:00,173 - WARNING - Driver 44: Ignoring late data for a previously processed lap.The data may contain errors (previous: 69; current 70)
2025-06-19 15:24:00,174 - WARNING - Driver 44: Ignoring late data for a previously processed lap.The data may contain errors (previous: 68; current 70)
2025-06-19 15:24:00,204 - WARNING - Driver  7: Ignoring late data for a previously processed lap.The data may contain errors (previous: 69; current 70)
2025-06-19 15:24:00,207 - WARNING - Driver  7: Ignoring late data for a previously processed lap.The data may contain errors (previous: 68; current 70)
2025-06-19 15:24:00,228 - WARNING - Driver  3: Ignoring late data for a previously processed lap.The data may contain errors (previous: 69; current 70)
2025-06-19 15:24:00,229 - WARNING - Driver  3: Ignoring late data for a previously processed lap.The data may contain errors (previous: 68; current 70)
2025-06-19 15:24:01,338 - WARNING - Driver 27: Ignoring late data for a previously processed lap.The data may contain errors (previous: 68; current 69)
2025-06-19 15:24:01,344 - WARNING - Driver 27: Ignoring late data for a previously processed lap.The data may contain errors (previous: 67; current 69)
2025-06-19 15:24:01,399 - WARNING - Driver 31: Ignoring late data for a previously processed lap.The data may contain errors (previous: 68; current 69)
2025-06-19 15:24:01,399 - WARNING - Driver 31: Ignoring late data for a previously processed lap.The data may contain errors (previous: 67; current 69)
2025-06-19 15:24:01,486 - WARNING - Driver 55: Ignoring late data for a previously processed lap.The data may contain errors (previous: 68; current 69)
2025-06-19 15:24:01,487 - WARNING - Driver 55: Ignoring late data for a previously processed lap.The data may contain errors (previous: 67; current 69)
2025-06-19 15:24:01,519 - WARNING - Driver 11: Ignoring late data for a previously processed lap.The data may contain errors (previous: 68; current 69)
2025-06-19 15:24:01,520 - WARNING - Driver 11: Ignoring late data for a previously processed lap.The data may contain errors (previous: 67; current 69)
2025-06-19 15:24:01,554 - WARNING - Driver 20: Ignoring late data for a previously processed lap.The data may contain errors (previous: 68; current 69)
2025-06-19 15:24:01,555 - WARNING - Driver 20: Ignoring late data for a previously processed lap.The data may contain errors (previous: 67; current 69)
2025-06-19 15:24:01,601 - WARNING - Driver 16: Ignoring late data for a previously processed lap.The data may contain errors (previous: 68; current 69)
2025-06-19 15:24:01,602 - WARNING - Driver 16: Ignoring late data for a previously processed lap.The data may contain errors (previous: 67; current 69)
2025-06-19 15:24:01,668 - WARNING - Driver  2: Ignoring late data for a previously processed lap.The data may contain errors (previous: 67; current 68)
2025-06-19 15:24:01,669 - WARNING - Driver  2: Ignoring late data for a previously processed lap.The data may contain errors (previous: 66; current 68)
2025-06-19 15:24:01,992 - WARNING - Driver 35: Ignoring late data for a previously processed lap.The data may contain errors (previous: 67; current 68)
2025-06-19 15:24:01,997 - WARNING - Driver 35: Ignoring late data for a previously processed lap.The data may contain errors (previous: 66; current 68)
2025-06-19 15:24:02,039 - WARNING - Driver  9: Ignoring late data for a previously processed lap.The data may contain errors (previous: 67; current 68)
2025-06-19 15:24:02,041 - WARNING - Driver  9: Ignoring late data for a previously processed lap.The data may contain errors (previous: 66; current 68)
2025-06-19 15:24:02,070 - WARNING - Driver 10: Ignoring late data for a previously processed lap.The data may contain errors (previous: 68; current 69)
2025-06-19 15:24:02,073 - WARNING - Driver 10: Ignoring late data for a previously processed lap.The data may contain errors (previous: 67; current 69)
2025-06-19 15:24:02,138 - WARNING - Driver  8: Ignoring late data for a previously processed lap.The data may contain errors (previous: 68; current 69)
2025-06-19 15:24:02,139 - WARNING - Driver  8: Ignoring late data for a previously processed lap.The data may contain errors (previous: 67; current 69)
2025-06-19 15:24:02,367 - INFO - Data has been written to cache!
2025-06-19 15:24:02,369 - INFO - No cached data found for timing_app_data. Loading data...
2025-06-19 15:24:02,370 - INFO - Fetching timing app data...
2025-06-19 15:24:02,811 - INFO - Data has been written to cache!
2025-06-19 15:24:02,812 - INFO - Processing timing data...
2025-06-19 15:24:04,173 - INFO - No cached data found for car_data. Loading data...
2025-06-19 15:24:04,182 - INFO - Fetching car data...
2025-06-19 15:24:05,412 - INFO - Parsing car data...
2025-06-19 15:24:08,347 - INFO - Data has been written to cache!
2025-06-19 15:24:08,348 - INFO - No cached data found for position_data. Loading data...
2025-06-19 15:24:08,349 - INFO - Fetching position data...
2025-06-19 15:24:09,368 - INFO - Parsing position data...
2025-06-19 15:24:11,722 - INFO - Data has been written to cache!
2025-06-19 15:24:13,048 - INFO - No cached data found for weather_data. Loading data...
2025-06-19 15:24:13,211 - INFO - Fetching weather data...
2025-06-19 15:24:13,742 - INFO - Data has been written to cache!
2025-06-19 15:24:13,750 - INFO - No cached data found for race_control_messages. Loading data...
2025-06-19 15:24:13,750 - INFO - Fetching race control messages...
2025-06-19 15:24:14,193 - INFO - Data has been written to cache!
2025-06-19 15:24:14,197 - WARNING - Driver 5 completed the race distance 00:00.044000 before the recorded end of the session.
2025-06-19 15:24:14,220 - INFO - Finished loading data for 20 drivers: ['5', '77', '33', '3', '44', '7', '27', '55', '31', '16', '10', '8', '20', '11', '9', '2', '35', '14', '28', '18']
2025-06-19 15:24:14,572 - INFO - [EXPORT OK] canadian_grand_prix
2025-06-19 15:24:14,581 - INFO - Loading data for French Grand Prix - Race [v3.5.3]
2025-06-19 15:24:14,582 - INFO - No cached data found for session_info. Loading data...
2025-06-19 15:24:14,582 - INFO - Fetching session info data...
2025-06-19 15:24:14,996 - INFO - Data has been written to cache!
2025-06-19 15:24:14,996 - INFO - No cached data found for driver_info. Loading data...
2025-06-19 15:24:14,996 - INFO - Fetching driver list...
2025-06-19 15:24:15,391 - INFO - Data has been written to cache!
2025-06-19 15:24:15,820 - INFO - No cached data found for session_status_data. Loading data...
2025-06-19 15:24:15,828 - INFO - Fetching session status data...
2025-06-19 15:24:16,391 - INFO - Data has been written to cache!
2025-06-19 15:24:16,399 - INFO - No cached data found for lap_count. Loading data...
2025-06-19 15:24:16,399 - INFO - Fetching lap count data...
2025-06-19 15:24:16,790 - INFO - Data has been written to cache!
2025-06-19 15:24:16,795 - INFO - No cached data found for track_status_data. Loading data...
2025-06-19 15:24:16,796 - INFO - Fetching track status data...
2025-06-19 15:24:17,143 - INFO - Data has been written to cache!
2025-06-19 15:24:17,149 - INFO - No cached data found for _extended_timing_data. Loading data...
2025-06-19 15:24:17,149 - INFO - Fetching timing data...
2025-06-19 15:24:17,882 - INFO - Parsing timing data...
2025-06-19 15:24:18,230 - INFO - Data has been written to cache!
2025-06-19 15:24:18,230 - INFO - No cached data found for timing_app_data. Loading data...
2025-06-19 15:24:18,231 - INFO - Fetching timing app data...
2025-06-19 15:24:18,913 - INFO - Data has been written to cache!
2025-06-19 15:24:18,916 - INFO - Processing timing data...
2025-06-19 15:24:20,520 - INFO - No cached data found for car_data. Loading data...
2025-06-19 15:24:20,521 - INFO - Fetching car data...
2025-06-19 15:24:21,601 - INFO - Parsing car data...
2025-06-19 15:24:24,238 - INFO - Data has been written to cache!
2025-06-19 15:24:24,241 - INFO - No cached data found for position_data. Loading data...
2025-06-19 15:24:24,242 - INFO - Fetching position data...
2025-06-19 15:24:25,258 - INFO - Parsing position data...
2025-06-19 15:24:26,915 - INFO - Data has been written to cache!
2025-06-19 15:24:28,874 - INFO - No cached data found for weather_data. Loading data...
2025-06-19 15:24:28,880 - INFO - Fetching weather data...
2025-06-19 15:24:29,269 - INFO - Data has been written to cache!
2025-06-19 15:24:29,273 - INFO - No cached data found for race_control_messages. Loading data...
2025-06-19 15:24:29,273 - INFO - Fetching race control messages...
2025-06-19 15:24:29,804 - INFO - Data has been written to cache!
2025-06-19 15:24:29,808 - WARNING - Driver 44 completed the race distance 00:00.028000 before the recorded end of the session.
2025-06-19 15:24:29,846 - INFO - Finished loading data for 20 drivers: ['44', '33', '7', '3', '5', '20', '77', '55', '27', '16', '8', '2', '9', '28', '35', '14', '18', '11', '31', '10']
2025-06-19 15:24:30,196 - INFO - [EXPORT OK] french_grand_prix
2025-06-19 15:24:30,203 - INFO - Loading data for Austrian Grand Prix - Race [v3.5.3]
2025-06-19 15:24:30,204 - INFO - No cached data found for session_info. Loading data...
2025-06-19 15:24:30,204 - INFO - Fetching session info data...
2025-06-19 15:24:30,534 - INFO - Data has been written to cache!
2025-06-19 15:24:30,534 - INFO - No cached data found for driver_info. Loading data...
2025-06-19 15:24:30,534 - INFO - Fetching driver list...
2025-06-19 15:24:30,956 - INFO - Data has been written to cache!
2025-06-19 15:24:31,554 - INFO - No cached data found for session_status_data. Loading data...
2025-06-19 15:24:31,557 - INFO - Fetching session status data...
2025-06-19 15:24:31,945 - INFO - Data has been written to cache!
2025-06-19 15:24:31,951 - INFO - No cached data found for lap_count. Loading data...
2025-06-19 15:24:31,952 - INFO - Fetching lap count data...
2025-06-19 15:24:32,453 - INFO - Data has been written to cache!
2025-06-19 15:24:32,453 - INFO - No cached data found for track_status_data. Loading data...
2025-06-19 15:24:32,454 - INFO - Fetching track status data...
2025-06-19 15:24:32,796 - INFO - Data has been written to cache!
2025-06-19 15:24:32,797 - INFO - No cached data found for _extended_timing_data. Loading data...
2025-06-19 15:24:32,798 - INFO - Fetching timing data...
2025-06-19 15:24:33,495 - INFO - Parsing timing data...
2025-06-19 15:24:34,662 - INFO - Data has been written to cache!
2025-06-19 15:24:34,670 - INFO - No cached data found for timing_app_data. Loading data...
2025-06-19 15:24:34,671 - INFO - Fetching timing app data...
2025-06-19 15:24:35,368 - INFO - Data has been written to cache!
2025-06-19 15:24:35,370 - INFO - Processing timing data...
2025-06-19 15:24:36,354 - INFO - No cached data found for car_data. Loading data...
2025-06-19 15:24:36,354 - INFO - Fetching car data...
2025-06-19 15:24:37,338 - INFO - Parsing car data...
2025-06-19 15:24:40,526 - INFO - Data has been written to cache!
2025-06-19 15:24:40,529 - INFO - No cached data found for position_data. Loading data...
2025-06-19 15:24:40,530 - INFO - Fetching position data...
2025-06-19 15:24:41,707 - INFO - Parsing position data...
2025-06-19 15:24:43,877 - INFO - Data has been written to cache!
2025-06-19 15:24:45,255 - INFO - No cached data found for weather_data. Loading data...
2025-06-19 15:24:45,255 - INFO - Fetching weather data...
2025-06-19 15:24:45,674 - INFO - Data has been written to cache!
2025-06-19 15:24:45,675 - INFO - No cached data found for race_control_messages. Loading data...
2025-06-19 15:24:45,675 - INFO - Fetching race control messages...
2025-06-19 15:24:46,062 - INFO - Data has been written to cache!
2025-06-19 15:24:46,065 - WARNING - Driver 33 completed the race distance 00:00.049000 before the recorded end of the session.
2025-06-19 15:24:46,162 - INFO - Finished loading data for 20 drivers: ['33', '7', '5', '8', '20', '31', '11', '14', '16', '9', '10', '55', '35', '18', '2', '44', '28', '3', '77', '27']
2025-06-19 15:24:47,134 - INFO - [EXPORT OK] austrian_grand_prix
2025-06-19 15:24:47,167 - INFO - Loading data for British Grand Prix - Race [v3.5.3]
2025-06-19 15:24:47,168 - INFO - No cached data found for session_info. Loading data...
2025-06-19 15:24:47,169 - INFO - Fetching session info data...
2025-06-19 15:24:47,635 - INFO - Data has been written to cache!
2025-06-19 15:24:47,638 - INFO - No cached data found for driver_info. Loading data...
2025-06-19 15:24:47,641 - INFO - Fetching driver list...
2025-06-19 15:24:48,046 - INFO - Data has been written to cache!
2025-06-19 15:24:48,257 - INFO - No cached data found for session_status_data. Loading data...
2025-06-19 15:24:48,258 - INFO - Fetching session status data...
2025-06-19 15:24:48,731 - INFO - Data has been written to cache!
2025-06-19 15:24:48,732 - INFO - No cached data found for lap_count. Loading data...
2025-06-19 15:24:48,733 - INFO - Fetching lap count data...
2025-06-19 15:24:49,147 - INFO - Data has been written to cache!
2025-06-19 15:24:49,148 - INFO - No cached data found for track_status_data. Loading data...
2025-06-19 15:24:49,149 - INFO - Fetching track status data...
2025-06-19 15:24:49,615 - INFO - Data has been written to cache!
2025-06-19 15:24:49,662 - INFO - No cached data found for _extended_timing_data. Loading data...
2025-06-19 15:24:49,667 - INFO - Fetching timing data...
2025-06-19 15:24:51,219 - INFO - Parsing timing data...
2025-06-19 15:24:51,867 - WARNING - Failed to align laps for drivers: ['28']
2025-06-19 15:24:51,909 - INFO - Data has been written to cache!
2025-06-19 15:24:51,910 - INFO - No cached data found for timing_app_data. Loading data...
2025-06-19 15:24:51,910 - INFO - Fetching timing app data...
2025-06-19 15:24:52,468 - INFO - Data has been written to cache!
2025-06-19 15:24:52,469 - INFO - Processing timing data...
2025-06-19 15:24:52,815 - WARNING - Driver  2: Lap timing integrity check failed for 2 lap(s)
2025-06-19 15:24:53,383 - INFO - No cached data found for car_data. Loading data...
2025-06-19 15:24:53,392 - INFO - Fetching car data...
2025-06-19 15:24:54,641 - INFO - Parsing car data...
2025-06-19 15:24:57,276 - INFO - Data has been written to cache!
2025-06-19 15:24:57,279 - INFO - No cached data found for position_data. Loading data...
2025-06-19 15:24:57,279 - INFO - Fetching position data...
2025-06-19 15:24:58,358 - INFO - Parsing position data...
2025-06-19 15:25:01,099 - INFO - Data has been written to cache!
2025-06-19 15:25:02,727 - INFO - No cached data found for weather_data. Loading data...
2025-06-19 15:25:02,730 - INFO - Fetching weather data...
2025-06-19 15:25:03,196 - INFO - Data has been written to cache!
2025-06-19 15:25:03,204 - INFO - No cached data found for race_control_messages. Loading data...
2025-06-19 15:25:03,205 - INFO - Fetching race control messages...
2025-06-19 15:25:03,698 - INFO - Data has been written to cache!
2025-06-19 15:25:03,705 - WARNING - Driver 5 completed the race distance 00:00.014000 before the recorded end of the session.
2025-06-19 15:25:03,789 - INFO - Finished loading data for 20 drivers: ['5', '44', '7', '77', '3', '27', '31', '14', '20', '11', '2', '18', '10', '35', '33', '8', '55', '9', '16', '28']
2025-06-19 15:25:04,113 - INFO - [EXPORT OK] british_grand_prix
2025-06-19 15:25:04,120 - INFO - Loading data for German Grand Prix - Race [v3.5.3]
2025-06-19 15:25:04,121 - INFO - No cached data found for session_info. Loading data...
2025-06-19 15:25:04,121 - INFO - Fetching session info data...
2025-06-19 15:25:04,495 - INFO - Data has been written to cache!
2025-06-19 15:25:04,495 - INFO - No cached data found for driver_info. Loading data...
2025-06-19 15:25:04,496 - INFO - Fetching driver list...
2025-06-19 15:25:05,004 - INFO - Data has been written to cache!
2025-06-19 15:25:05,820 - INFO - No cached data found for session_status_data. Loading data...
2025-06-19 15:25:05,828 - INFO - Fetching session status data...
2025-06-19 15:25:06,458 - INFO - Data has been written to cache!
2025-06-19 15:25:06,468 - INFO - No cached data found for lap_count. Loading data...
2025-06-19 15:25:06,470 - INFO - Fetching lap count data...
2025-06-19 15:25:06,857 - INFO - Data has been written to cache!
2025-06-19 15:25:06,861 - INFO - No cached data found for track_status_data. Loading data...
2025-06-19 15:25:06,861 - INFO - Fetching track status data...
2025-06-19 15:25:07,203 - INFO - Data has been written to cache!
2025-06-19 15:25:07,209 - INFO - No cached data found for _extended_timing_data. Loading data...
2025-06-19 15:25:07,210 - INFO - Fetching timing data...
2025-06-19 15:25:07,980 - INFO - Parsing timing data...
2025-06-19 15:25:09,022 - INFO - Data has been written to cache!
2025-06-19 15:25:09,035 - INFO - No cached data found for timing_app_data. Loading data...
2025-06-19 15:25:09,044 - INFO - Fetching timing app data...
2025-06-19 15:25:09,528 - INFO - Data has been written to cache!
2025-06-19 15:25:09,533 - INFO - Processing timing data...
2025-06-19 15:25:10,159 - WARNING - Driver 16: Lap timing integrity check failed for 1 lap(s)
2025-06-19 15:25:10,865 - INFO - No cached data found for car_data. Loading data...
2025-06-19 15:25:10,865 - INFO - Fetching car data...
2025-06-19 15:25:11,948 - INFO - Parsing car data...
2025-06-19 15:25:14,117 - INFO - Data has been written to cache!
2025-06-19 15:25:14,119 - INFO - No cached data found for position_data. Loading data...
2025-06-19 15:25:14,119 - INFO - Fetching position data...
2025-06-19 15:25:15,652 - INFO - Parsing position data...
2025-06-19 15:25:16,928 - INFO - Data has been written to cache!
2025-06-19 15:25:18,865 - INFO - No cached data found for weather_data. Loading data...
2025-06-19 15:25:18,866 - INFO - Fetching weather data...
2025-06-19 15:25:19,361 - INFO - Data has been written to cache!
2025-06-19 15:25:19,362 - INFO - No cached data found for race_control_messages. Loading data...
2025-06-19 15:25:19,363 - INFO - Fetching race control messages...
2025-06-19 15:25:19,776 - INFO - Data has been written to cache!
2025-06-19 15:25:19,779 - WARNING - Driver 44 completed the race distance 00:00.054000 before the recorded end of the session.
2025-06-19 15:25:19,829 - INFO - Finished loading data for 20 drivers: ['44', '77', '7', '33', '27', '8', '11', '31', '9', '28', '20', '55', '2', '10', '16', '14', '18', '5', '35', '3']
2025-06-19 15:25:21,067 - INFO - [EXPORT OK] german_grand_prix
2025-06-19 15:25:21,082 - INFO - Loading data for Hungarian Grand Prix - Race [v3.5.3]
2025-06-19 15:25:21,084 - INFO - No cached data found for session_info. Loading data...
2025-06-19 15:25:21,085 - INFO - Fetching session info data...
2025-06-19 15:25:21,495 - INFO - Data has been written to cache!
2025-06-19 15:25:21,500 - INFO - No cached data found for driver_info. Loading data...
2025-06-19 15:25:21,501 - INFO - Fetching driver list...
2025-06-19 15:25:21,874 - INFO - Data has been written to cache!
2025-06-19 15:25:22,094 - INFO - No cached data found for session_status_data. Loading data...
2025-06-19 15:25:22,094 - INFO - Fetching session status data...
2025-06-19 15:25:22,482 - INFO - Data has been written to cache!
2025-06-19 15:25:22,483 - INFO - No cached data found for lap_count. Loading data...
2025-06-19 15:25:22,484 - INFO - Fetching lap count data...
2025-06-19 15:25:22,837 - INFO - Data has been written to cache!
2025-06-19 15:25:22,838 - INFO - No cached data found for track_status_data. Loading data...
2025-06-19 15:25:22,838 - INFO - Fetching track status data...
2025-06-19 15:25:23,187 - INFO - Data has been written to cache!
2025-06-19 15:25:23,188 - INFO - No cached data found for _extended_timing_data. Loading data...
2025-06-19 15:25:23,189 - INFO - Fetching timing data...
2025-06-19 15:25:24,141 - INFO - Parsing timing data...
2025-06-19 15:25:24,888 - INFO - Data has been written to cache!
2025-06-19 15:25:24,889 - INFO - No cached data found for timing_app_data. Loading data...
2025-06-19 15:25:24,889 - INFO - Fetching timing app data...
2025-06-19 15:25:25,262 - INFO - Data has been written to cache!
2025-06-19 15:25:25,262 - INFO - Processing timing data...
2025-06-19 15:25:25,946 - INFO - No cached data found for car_data. Loading data...
2025-06-19 15:25:25,946 - INFO - Fetching car data...
2025-06-19 15:25:26,917 - INFO - Parsing car data...
2025-06-19 15:25:28,949 - INFO - Data has been written to cache!
2025-06-19 15:25:28,951 - INFO - No cached data found for position_data. Loading data...
2025-06-19 15:25:28,951 - INFO - Fetching position data...
2025-06-19 15:25:30,027 - INFO - Parsing position data...
2025-06-19 15:25:31,818 - INFO - Data has been written to cache!
2025-06-19 15:25:33,854 - INFO - No cached data found for weather_data. Loading data...
2025-06-19 15:25:33,858 - INFO - Fetching weather data...
2025-06-19 15:25:34,317 - INFO - Data has been written to cache!
2025-06-19 15:25:34,319 - INFO - No cached data found for race_control_messages. Loading data...
2025-06-19 15:25:34,319 - INFO - Fetching race control messages...
2025-06-19 15:25:34,725 - INFO - Data has been written to cache!
2025-06-19 15:25:34,730 - WARNING - Driver 44 completed the race distance 00:00.112000 before the recorded end of the session.
2025-06-19 15:25:34,774 - INFO - Finished loading data for 20 drivers: ['44', '5', '7', '3', '77', '10', '20', '14', '55', '8', '28', '27', '31', '11', '9', '35', '18', '2', '33', '16']
2025-06-19 15:25:35,195 - INFO - [EXPORT OK] hungarian_grand_prix
2025-06-19 15:25:35,203 - INFO - Loading data for Belgian Grand Prix - Race [v3.5.3]
2025-06-19 15:25:35,204 - INFO - No cached data found for session_info. Loading data...
2025-06-19 15:25:35,204 - INFO - Fetching session info data...
2025-06-19 15:25:35,702 - INFO - Data has been written to cache!
2025-06-19 15:25:35,710 - INFO - No cached data found for driver_info. Loading data...
2025-06-19 15:25:35,729 - INFO - Fetching driver list...
2025-06-19 15:25:36,441 - INFO - Data has been written to cache!
2025-06-19 15:25:36,717 - INFO - No cached data found for session_status_data. Loading data...
2025-06-19 15:25:36,718 - INFO - Fetching session status data...
2025-06-19 15:25:37,199 - INFO - Data has been written to cache!
2025-06-19 15:25:37,208 - INFO - No cached data found for lap_count. Loading data...
2025-06-19 15:25:37,209 - INFO - Fetching lap count data...
2025-06-19 15:25:37,708 - INFO - Data has been written to cache!
2025-06-19 15:25:37,720 - INFO - No cached data found for track_status_data. Loading data...
2025-06-19 15:25:37,722 - INFO - Fetching track status data...
2025-06-19 15:25:38,088 - INFO - Data has been written to cache!
2025-06-19 15:25:38,090 - INFO - No cached data found for _extended_timing_data. Loading data...
2025-06-19 15:25:38,090 - INFO - Fetching timing data...
2025-06-19 15:25:39,270 - INFO - Parsing timing data...
2025-06-19 15:25:39,903 - DEBUG - Failed to parse timedelta string '2 L'
Traceback (most recent call last):
  File "/Users/ompatel/Downloads/RacinglinAi/.venv/lib/python3.11/site-packages/fastf1/utils.py", line 169, in to_timedelta
    seconds=int(seconds), microseconds=int(msus)
            ^^^^^^^^^^^^
ValueError: invalid literal for int() with base 10: '2 L'
2025-06-19 15:25:39,964 - DEBUG - Failed to parse timedelta string '2 L'
Traceback (most recent call last):
  File "/Users/ompatel/Downloads/RacinglinAi/.venv/lib/python3.11/site-packages/fastf1/utils.py", line 169, in to_timedelta
    seconds=int(seconds), microseconds=int(msus)
            ^^^^^^^^^^^^
ValueError: invalid literal for int() with base 10: '2 L'
2025-06-19 15:25:39,987 - DEBUG - Failed to parse timedelta string '2 L'
Traceback (most recent call last):
  File "/Users/ompatel/Downloads/RacinglinAi/.venv/lib/python3.11/site-packages/fastf1/utils.py", line 169, in to_timedelta
    seconds=int(seconds), microseconds=int(msus)
            ^^^^^^^^^^^^
ValueError: invalid literal for int() with base 10: '2 L'
2025-06-19 15:25:40,013 - DEBUG - Failed to parse timedelta string '2 L'
Traceback (most recent call last):
  File "/Users/ompatel/Downloads/RacinglinAi/.venv/lib/python3.11/site-packages/fastf1/utils.py", line 169, in to_timedelta
    seconds=int(seconds), microseconds=int(msus)
            ^^^^^^^^^^^^
ValueError: invalid literal for int() with base 10: '2 L'
2025-06-19 15:25:40,029 - DEBUG - Failed to parse timedelta string '2 L'
Traceback (most recent call last):
  File "/Users/ompatel/Downloads/RacinglinAi/.venv/lib/python3.11/site-packages/fastf1/utils.py", line 169, in to_timedelta
    seconds=int(seconds), microseconds=int(msus)
            ^^^^^^^^^^^^
ValueError: invalid literal for int() with base 10: '2 L'
2025-06-19 15:25:40,056 - DEBUG - Failed to parse timedelta string '2 L'
Traceback (most recent call last):
  File "/Users/ompatel/Downloads/RacinglinAi/.venv/lib/python3.11/site-packages/fastf1/utils.py", line 169, in to_timedelta
    seconds=int(seconds), microseconds=int(msus)
            ^^^^^^^^^^^^
ValueError: invalid literal for int() with base 10: '2 L'
2025-06-19 15:25:40,074 - DEBUG - Failed to parse timedelta string '2 L'
Traceback (most recent call last):
  File "/Users/ompatel/Downloads/RacinglinAi/.venv/lib/python3.11/site-packages/fastf1/utils.py", line 169, in to_timedelta
    seconds=int(seconds), microseconds=int(msus)
            ^^^^^^^^^^^^
ValueError: invalid literal for int() with base 10: '2 L'
2025-06-19 15:25:40,089 - WARNING - Failed to align laps for drivers: ['3']
2025-06-19 15:25:40,119 - INFO - Data has been written to cache!
2025-06-19 15:25:40,120 - INFO - No cached data found for timing_app_data. Loading data...
2025-06-19 15:25:40,120 - INFO - Fetching timing app data...
2025-06-19 15:25:40,598 - INFO - Data has been written to cache!
2025-06-19 15:25:40,599 - INFO - Processing timing data...
2025-06-19 15:25:41,057 - INFO - No cached data found for car_data. Loading data...
2025-06-19 15:25:41,058 - INFO - Fetching car data...
2025-06-19 15:25:42,164 - INFO - Parsing car data...
2025-06-19 15:25:44,264 - INFO - Data has been written to cache!
2025-06-19 15:25:44,267 - INFO - No cached data found for position_data. Loading data...
2025-06-19 15:25:44,267 - INFO - Fetching position data...
2025-06-19 15:25:45,736 - INFO - Parsing position data...
2025-06-19 15:25:47,117 - INFO - Data has been written to cache!
2025-06-19 15:25:49,119 - INFO - No cached data found for weather_data. Loading data...
2025-06-19 15:25:49,120 - INFO - Fetching weather data...
2025-06-19 15:25:49,573 - INFO - Data has been written to cache!
2025-06-19 15:25:49,574 - INFO - No cached data found for race_control_messages. Loading data...
2025-06-19 15:25:49,574 - INFO - Fetching race control messages...
2025-06-19 15:25:49,981 - INFO - Data has been written to cache!
2025-06-19 15:25:49,984 - WARNING - Driver 5 completed the race distance 00:00.033000 before the recorded end of the session.
2025-06-19 15:25:50,005 - INFO - Finished loading data for 20 drivers: ['5', '44', '33', '77', '11', '31', '8', '20', '10', '9', '55', '35', '18', '28', '2', '3', '7', '16', '14', '27']
2025-06-19 15:25:51,436 - INFO - [EXPORT OK] belgian_grand_prix
2025-06-19 15:25:51,465 - INFO - Loading data for Italian Grand Prix - Race [v3.5.3]
2025-06-19 15:25:51,469 - INFO - No cached data found for session_info. Loading data...
2025-06-19 15:25:51,469 - INFO - Fetching session info data...
2025-06-19 15:25:51,924 - INFO - Data has been written to cache!
2025-06-19 15:25:51,925 - INFO - No cached data found for driver_info. Loading data...
2025-06-19 15:25:51,926 - INFO - Fetching driver list...
2025-06-19 15:25:52,301 - INFO - Data has been written to cache!
2025-06-19 15:25:52,444 - INFO - No cached data found for session_status_data. Loading data...
2025-06-19 15:25:52,444 - INFO - Fetching session status data...
2025-06-19 15:25:52,937 - INFO - Data has been written to cache!
2025-06-19 15:25:52,938 - INFO - No cached data found for lap_count. Loading data...
2025-06-19 15:25:52,939 - INFO - Fetching lap count data...
2025-06-19 15:25:53,361 - INFO - Data has been written to cache!
2025-06-19 15:25:53,387 - INFO - No cached data found for track_status_data. Loading data...
2025-06-19 15:25:53,390 - INFO - Fetching track status data...
2025-06-19 15:25:53,850 - INFO - Data has been written to cache!
2025-06-19 15:25:53,855 - INFO - No cached data found for _extended_timing_data. Loading data...
2025-06-19 15:25:53,855 - INFO - Fetching timing data...
2025-06-19 15:25:54,922 - INFO - Parsing timing data...
2025-06-19 15:25:55,333 - INFO - Data has been written to cache!
2025-06-19 15:25:55,333 - INFO - No cached data found for timing_app_data. Loading data...
2025-06-19 15:25:55,334 - INFO - Fetching timing app data...
2025-06-19 15:25:55,870 - INFO - Data has been written to cache!
2025-06-19 15:25:55,870 - INFO - Processing timing data...
2025-06-19 15:25:57,171 - INFO - No cached data found for car_data. Loading data...
2025-06-19 15:25:57,173 - INFO - Fetching car data...
2025-06-19 15:25:58,402 - INFO - Parsing car data...
2025-06-19 15:26:01,295 - INFO - Data has been written to cache!
2025-06-19 15:26:01,299 - INFO - No cached data found for position_data. Loading data...
2025-06-19 15:26:01,299 - INFO - Fetching position data...
2025-06-19 15:26:02,381 - INFO - Parsing position data...
2025-06-19 15:26:04,120 - INFO - Data has been written to cache!
2025-06-19 15:26:05,831 - INFO - No cached data found for weather_data. Loading data...
2025-06-19 15:26:05,834 - INFO - Fetching weather data...
2025-06-19 15:26:06,378 - INFO - Data has been written to cache!
2025-06-19 15:26:06,392 - INFO - No cached data found for race_control_messages. Loading data...
2025-06-19 15:26:06,394 - INFO - Fetching race control messages...
2025-06-19 15:26:06,773 - INFO - Data has been written to cache!
2025-06-19 15:26:06,778 - WARNING - Driver 44 completed the race distance 00:00.051000 before the recorded end of the session.
2025-06-19 15:26:06,812 - INFO - Finished loading data for 20 drivers: ['44', '7', '77', '5', '33', '31', '11', '55', '18', '35', '16', '2', '27', '10', '9', '20', '3', '14', '28', '8']
2025-06-19 15:26:07,248 - INFO - [EXPORT OK] italian_grand_prix
2025-06-19 15:26:07,256 - INFO - Loading data for Singapore Grand Prix - Race [v3.5.3]
2025-06-19 15:26:07,256 - INFO - No cached data found for session_info. Loading data...
2025-06-19 15:26:07,256 - INFO - Fetching session info data...
2025-06-19 15:26:07,786 - INFO - Data has been written to cache!
2025-06-19 15:26:07,787 - INFO - No cached data found for driver_info. Loading data...
2025-06-19 15:26:07,788 - INFO - Fetching driver list...
2025-06-19 15:26:08,261 - INFO - Data has been written to cache!
2025-06-19 15:26:08,462 - INFO - No cached data found for session_status_data. Loading data...
2025-06-19 15:26:08,465 - INFO - Fetching session status data...
2025-06-19 15:26:09,073 - INFO - Data has been written to cache!
2025-06-19 15:26:09,077 - INFO - No cached data found for lap_count. Loading data...
2025-06-19 15:26:09,078 - INFO - Fetching lap count data...
2025-06-19 15:26:09,527 - INFO - Data has been written to cache!
2025-06-19 15:26:09,532 - INFO - No cached data found for track_status_data. Loading data...
2025-06-19 15:26:09,532 - INFO - Fetching track status data...
2025-06-19 15:26:09,893 - INFO - Data has been written to cache!
2025-06-19 15:26:09,897 - INFO - No cached data found for _extended_timing_data. Loading data...
2025-06-19 15:26:09,897 - INFO - Fetching timing data...
2025-06-19 15:26:10,739 - INFO - Parsing timing data...
2025-06-19 15:26:11,118 - INFO - Data has been written to cache!
2025-06-19 15:26:11,119 - INFO - No cached data found for timing_app_data. Loading data...
2025-06-19 15:26:11,119 - INFO - Fetching timing app data...
2025-06-19 15:26:11,894 - INFO - Data has been written to cache!
2025-06-19 15:26:11,895 - INFO - Processing timing data...
2025-06-19 15:26:12,896 - INFO - No cached data found for car_data. Loading data...
2025-06-19 15:26:12,897 - INFO - Fetching car data...
2025-06-19 15:26:14,182 - INFO - Parsing car data...
2025-06-19 15:26:18,718 - INFO - Data has been written to cache!
2025-06-19 15:26:18,723 - INFO - No cached data found for position_data. Loading data...
2025-06-19 15:26:18,724 - INFO - Fetching position data...
2025-06-19 15:26:20,068 - INFO - Parsing position data...
2025-06-19 15:26:24,959 - INFO - Data has been written to cache!
2025-06-19 15:26:26,684 - INFO - No cached data found for weather_data. Loading data...
2025-06-19 15:26:26,685 - INFO - Fetching weather data...
2025-06-19 15:26:27,087 - INFO - Data has been written to cache!
2025-06-19 15:26:27,090 - INFO - No cached data found for race_control_messages. Loading data...
2025-06-19 15:26:27,091 - INFO - Fetching race control messages...
2025-06-19 15:26:27,665 - INFO - Data has been written to cache!
2025-06-19 15:26:27,687 - WARNING - Driver 44 completed the race distance 00:00.017000 before the recorded end of the session.
2025-06-19 15:26:27,816 - INFO - Finished loading data for 20 drivers: ['44', '33', '5', '77', '7', '3', '14', '55', '16', '27', '9', '2', '10', '18', '8', '11', '28', '20', '35', '31']
2025-06-19 15:26:28,449 - INFO - [EXPORT OK] singapore_grand_prix
2025-06-19 15:26:28,474 - INFO - Loading data for Russian Grand Prix - Race [v3.5.3]
2025-06-19 15:26:28,476 - INFO - No cached data found for session_info. Loading data...
2025-06-19 15:26:28,477 - INFO - Fetching session info data...
2025-06-19 15:26:29,017 - INFO - Data has been written to cache!
2025-06-19 15:26:29,023 - INFO - No cached data found for driver_info. Loading data...
2025-06-19 15:26:29,024 - INFO - Fetching driver list...
2025-06-19 15:26:29,536 - INFO - Data has been written to cache!
2025-06-19 15:26:30,095 - INFO - No cached data found for session_status_data. Loading data...
2025-06-19 15:26:30,108 - INFO - Fetching session status data...
2025-06-19 15:26:31,280 - INFO - Data has been written to cache!
2025-06-19 15:26:31,306 - INFO - No cached data found for lap_count. Loading data...
2025-06-19 15:26:31,309 - INFO - Fetching lap count data...
2025-06-19 15:26:31,910 - INFO - Data has been written to cache!
2025-06-19 15:26:31,913 - INFO - No cached data found for track_status_data. Loading data...
2025-06-19 15:26:31,914 - INFO - Fetching track status data...
2025-06-19 15:26:32,332 - INFO - Data has been written to cache!
2025-06-19 15:26:32,340 - INFO - No cached data found for _extended_timing_data. Loading data...
2025-06-19 15:26:32,342 - INFO - Fetching timing data...
2025-06-19 15:26:33,910 - INFO - Parsing timing data...
2025-06-19 15:26:34,313 - INFO - Data has been written to cache!
2025-06-19 15:26:34,317 - INFO - No cached data found for timing_app_data. Loading data...
2025-06-19 15:26:34,318 - INFO - Fetching timing app data...
2025-06-19 15:26:34,775 - INFO - Data has been written to cache!
2025-06-19 15:26:34,776 - INFO - Processing timing data...
2025-06-19 15:26:35,468 - INFO - No cached data found for car_data. Loading data...
2025-06-19 15:26:35,469 - INFO - Fetching car data...
2025-06-19 15:26:36,628 - INFO - Parsing car data...
2025-06-19 15:26:38,811 - INFO - Data has been written to cache!
2025-06-19 15:26:38,812 - INFO - No cached data found for position_data. Loading data...
2025-06-19 15:26:38,813 - INFO - Fetching position data...
2025-06-19 15:26:46,951 - INFO - Parsing position data...
2025-06-19 15:26:48,352 - INFO - Data has been written to cache!
2025-06-19 15:26:49,221 - INFO - No cached data found for weather_data. Loading data...
2025-06-19 15:26:49,222 - INFO - Fetching weather data...
2025-06-19 15:26:49,637 - INFO - Data has been written to cache!
2025-06-19 15:26:49,638 - INFO - No cached data found for race_control_messages. Loading data...
2025-06-19 15:26:49,638 - INFO - Fetching race control messages...
2025-06-19 15:26:50,092 - INFO - Data has been written to cache!
2025-06-19 15:26:50,095 - WARNING - Driver 44 completed the race distance 00:00.089000 before the recorded end of the session.
2025-06-19 15:26:50,118 - INFO - Finished loading data for 20 drivers: ['44', '77', '5', '7', '33', '3', '16', '20', '31', '11', '8', '27', '9', '14', '18', '2', '55', '35', '10', '28']
2025-06-19 15:26:50,604 - INFO - [EXPORT OK] russian_grand_prix
2025-06-19 15:26:50,618 - INFO - Loading data for Japanese Grand Prix - Race [v3.5.3]
2025-06-19 15:26:50,618 - INFO - No cached data found for session_info. Loading data...
2025-06-19 15:26:50,619 - INFO - Fetching session info data...
2025-06-19 15:26:51,098 - INFO - Data has been written to cache!
2025-06-19 15:26:51,098 - INFO - No cached data found for driver_info. Loading data...
2025-06-19 15:26:51,099 - INFO - Fetching driver list...
2025-06-19 15:26:51,525 - INFO - Data has been written to cache!
2025-06-19 15:26:51,665 - INFO - No cached data found for session_status_data. Loading data...
2025-06-19 15:26:51,666 - INFO - Fetching session status data...
2025-06-19 15:26:52,117 - INFO - Data has been written to cache!
2025-06-19 15:26:52,119 - INFO - No cached data found for lap_count. Loading data...
2025-06-19 15:26:52,119 - INFO - Fetching lap count data...
2025-06-19 15:26:52,540 - INFO - Data has been written to cache!
2025-06-19 15:26:52,541 - INFO - No cached data found for track_status_data. Loading data...
2025-06-19 15:26:52,542 - INFO - Fetching track status data...
2025-06-19 15:26:52,946 - INFO - Data has been written to cache!
2025-06-19 15:26:52,947 - INFO - No cached data found for _extended_timing_data. Loading data...
2025-06-19 15:26:52,948 - INFO - Fetching timing data...
2025-06-19 15:26:54,067 - INFO - Parsing timing data...
2025-06-19 15:26:54,422 - DEBUG - Failed to parse timedelta string '1 L'
Traceback (most recent call last):
  File "/Users/ompatel/Downloads/RacinglinAi/.venv/lib/python3.11/site-packages/fastf1/utils.py", line 169, in to_timedelta
    seconds=int(seconds), microseconds=int(msus)
            ^^^^^^^^^^^^
ValueError: invalid literal for int() with base 10: '1 L'
2025-06-19 15:26:54,487 - INFO - Data has been written to cache!
2025-06-19 15:26:54,487 - INFO - No cached data found for timing_app_data. Loading data...
2025-06-19 15:26:54,487 - INFO - Fetching timing app data...
2025-06-19 15:26:54,899 - INFO - Data has been written to cache!
2025-06-19 15:26:54,900 - INFO - Processing timing data...
2025-06-19 15:26:55,422 - INFO - No cached data found for car_data. Loading data...
2025-06-19 15:26:55,422 - INFO - Fetching car data...
2025-06-19 15:26:56,619 - INFO - Parsing car data...
2025-06-19 15:26:58,953 - INFO - Data has been written to cache!
2025-06-19 15:26:58,956 - INFO - No cached data found for position_data. Loading data...
2025-06-19 15:26:58,956 - INFO - Fetching position data...
2025-06-19 15:27:00,006 - INFO - Parsing position data...
2025-06-19 15:27:01,586 - INFO - Data has been written to cache!
2025-06-19 15:27:02,574 - INFO - No cached data found for weather_data. Loading data...
2025-06-19 15:27:02,575 - INFO - Fetching weather data...
2025-06-19 15:27:02,954 - INFO - Data has been written to cache!
2025-06-19 15:27:02,955 - INFO - No cached data found for race_control_messages. Loading data...
2025-06-19 15:27:02,956 - INFO - Fetching race control messages...
2025-06-19 15:27:03,404 - INFO - Data has been written to cache!
2025-06-19 15:27:03,408 - WARNING - Driver 44 completed the race distance 00:00.042000 before the recorded end of the session.
2025-06-19 15:27:03,441 - INFO - Finished loading data for 20 drivers: ['44', '77', '33', '3', '7', '5', '11', '8', '31', '55', '10', '9', '28', '14', '2', '35', '18', '16', '27', '20']
2025-06-19 15:27:03,756 - INFO - [EXPORT OK] japanese_grand_prix
2025-06-19 15:27:03,765 - INFO - Loading data for United States Grand Prix - Race [v3.5.3]
2025-06-19 15:27:03,765 - INFO - No cached data found for session_info. Loading data...
2025-06-19 15:27:03,766 - INFO - Fetching session info data...
2025-06-19 15:27:04,209 - INFO - Data has been written to cache!
2025-06-19 15:27:04,210 - INFO - No cached data found for driver_info. Loading data...
2025-06-19 15:27:04,211 - INFO - Fetching driver list...
2025-06-19 15:27:04,951 - INFO - Data has been written to cache!
2025-06-19 15:27:05,089 - INFO - No cached data found for session_status_data. Loading data...
2025-06-19 15:27:05,090 - INFO - Fetching session status data...
2025-06-19 15:27:05,645 - INFO - Data has been written to cache!
2025-06-19 15:27:05,649 - INFO - No cached data found for lap_count. Loading data...
2025-06-19 15:27:05,650 - INFO - Fetching lap count data...
2025-06-19 15:27:06,029 - INFO - Data has been written to cache!
2025-06-19 15:27:06,031 - INFO - No cached data found for track_status_data. Loading data...
2025-06-19 15:27:06,032 - INFO - Fetching track status data...
2025-06-19 15:27:06,591 - INFO - Data has been written to cache!
2025-06-19 15:27:06,593 - INFO - No cached data found for _extended_timing_data. Loading data...
2025-06-19 15:27:06,593 - INFO - Fetching timing data...
2025-06-19 15:27:07,640 - INFO - Parsing timing data...
2025-06-19 15:27:09,391 - WARNING - Failed to align laps for drivers: ['14', '8']
2025-06-19 15:27:09,444 - INFO - Data has been written to cache!
2025-06-19 15:27:09,445 - INFO - No cached data found for timing_app_data. Loading data...
2025-06-19 15:27:09,446 - INFO - Fetching timing app data...
2025-06-19 15:27:10,099 - INFO - Data has been written to cache!
2025-06-19 15:27:10,100 - INFO - Processing timing data...
2025-06-19 15:27:10,669 - WARNING - Driver 18: Lap timing integrity check failed for 1 lap(s)
2025-06-19 15:27:10,827 - INFO - No cached data found for car_data. Loading data...
2025-06-19 15:27:10,828 - INFO - Fetching car data...
2025-06-19 15:27:12,051 - INFO - Parsing car data...
2025-06-19 15:27:14,211 - INFO - Data has been written to cache!
2025-06-19 15:27:14,212 - INFO - No cached data found for position_data. Loading data...
2025-06-19 15:27:14,212 - INFO - Fetching position data...
2025-06-19 15:27:15,221 - INFO - Parsing position data...
2025-06-19 15:27:16,753 - INFO - Data has been written to cache!
2025-06-19 15:27:17,781 - INFO - No cached data found for weather_data. Loading data...
2025-06-19 15:27:17,782 - INFO - Fetching weather data...
2025-06-19 15:27:18,249 - INFO - Data has been written to cache!
2025-06-19 15:27:18,251 - INFO - No cached data found for race_control_messages. Loading data...
2025-06-19 15:27:18,251 - INFO - Fetching race control messages...
2025-06-19 15:27:18,673 - INFO - Data has been written to cache!
2025-06-19 15:27:18,676 - WARNING - Driver 7 completed the race distance 00:00.022000 before the recorded end of the session.
2025-06-19 15:27:18,714 - INFO - Finished loading data for 20 drivers: ['7', '33', '44', '5', '77', '27', '55', '11', '28', '9', '2', '10', '35', '18', '16', '3', '8', '14', '31', '20']
2025-06-19 15:27:19,142 - INFO - [EXPORT OK] united_states_grand_prix
2025-06-19 15:27:19,150 - INFO - Loading data for Mexican Grand Prix - Race [v3.5.3]
2025-06-19 15:27:19,151 - INFO - No cached data found for session_info. Loading data...
2025-06-19 15:27:19,151 - INFO - Fetching session info data...
2025-06-19 15:27:19,575 - INFO - Data has been written to cache!
2025-06-19 15:27:19,576 - INFO - No cached data found for driver_info. Loading data...
2025-06-19 15:27:19,577 - INFO - Fetching driver list...
2025-06-19 15:27:19,992 - INFO - Data has been written to cache!
2025-06-19 15:27:20,838 - INFO - No cached data found for session_status_data. Loading data...
2025-06-19 15:27:20,851 - INFO - Fetching session status data...
2025-06-19 15:27:21,517 - INFO - Data has been written to cache!
2025-06-19 15:27:21,702 - INFO - No cached data found for lap_count. Loading data...
2025-06-19 15:27:21,709 - INFO - Fetching lap count data...
2025-06-19 15:27:22,116 - INFO - Data has been written to cache!
2025-06-19 15:27:22,118 - INFO - No cached data found for track_status_data. Loading data...
2025-06-19 15:27:22,119 - INFO - Fetching track status data...
2025-06-19 15:27:22,499 - INFO - Data has been written to cache!
2025-06-19 15:27:22,505 - INFO - No cached data found for _extended_timing_data. Loading data...
2025-06-19 15:27:22,506 - INFO - Fetching timing data...
2025-06-19 15:27:23,207 - INFO - Parsing timing data...
2025-06-19 15:27:23,655 - INFO - Data has been written to cache!
2025-06-19 15:27:23,655 - INFO - No cached data found for timing_app_data. Loading data...
2025-06-19 15:27:23,656 - INFO - Fetching timing app data...
2025-06-19 15:27:24,136 - INFO - Data has been written to cache!
2025-06-19 15:27:24,137 - INFO - Processing timing data...
2025-06-19 15:27:24,719 - INFO - No cached data found for car_data. Loading data...
2025-06-19 15:27:24,719 - INFO - Fetching car data...
2025-06-19 15:27:25,920 - INFO - Parsing car data...
2025-06-19 15:27:28,128 - INFO - Data has been written to cache!
2025-06-19 15:27:28,130 - INFO - No cached data found for position_data. Loading data...
2025-06-19 15:27:28,131 - INFO - Fetching position data...
2025-06-19 15:27:29,134 - INFO - Parsing position data...
2025-06-19 15:27:30,792 - INFO - Data has been written to cache!
2025-06-19 15:27:32,105 - INFO - No cached data found for weather_data. Loading data...
2025-06-19 15:27:32,106 - INFO - Fetching weather data...
2025-06-19 15:27:32,640 - INFO - Data has been written to cache!
2025-06-19 15:27:32,711 - INFO - No cached data found for race_control_messages. Loading data...
2025-06-19 15:27:32,715 - INFO - Fetching race control messages...
2025-06-19 15:27:33,598 - INFO - Data has been written to cache!
2025-06-19 15:27:33,613 - WARNING - Driver 33 completed the race distance 00:00.015000 before the recorded end of the session.
2025-06-19 15:27:33,768 - INFO - Finished loading data for 20 drivers: ['33', '5', '7', '44', '77', '27', '16', '2', '9', '10', '31', '18', '35', '28', '20', '8', '3', '11', '55', '14']
2025-06-19 15:27:34,421 - INFO - [EXPORT OK] mexican_grand_prix
2025-06-19 15:27:34,547 - INFO - Loading data for Brazilian Grand Prix - Race [v3.5.3]
2025-06-19 15:27:34,548 - INFO - No cached data found for session_info. Loading data...
2025-06-19 15:27:34,549 - INFO - Fetching session info data...
2025-06-19 15:27:35,142 - INFO - Data has been written to cache!
2025-06-19 15:27:35,143 - INFO - No cached data found for driver_info. Loading data...
2025-06-19 15:27:35,144 - INFO - Fetching driver list...
2025-06-19 15:27:35,519 - INFO - Data has been written to cache!
2025-06-19 15:27:35,644 - INFO - No cached data found for session_status_data. Loading data...
2025-06-19 15:27:35,645 - INFO - Fetching session status data...
2025-06-19 15:27:36,158 - INFO - Data has been written to cache!
2025-06-19 15:27:36,159 - INFO - No cached data found for lap_count. Loading data...
2025-06-19 15:27:36,159 - INFO - Fetching lap count data...
2025-06-19 15:27:36,576 - INFO - Data has been written to cache!
2025-06-19 15:27:36,577 - INFO - No cached data found for track_status_data. Loading data...
2025-06-19 15:27:36,577 - INFO - Fetching track status data...
2025-06-19 15:27:36,972 - INFO - Data has been written to cache!
2025-06-19 15:27:36,974 - INFO - No cached data found for _extended_timing_data. Loading data...
2025-06-19 15:27:36,975 - INFO - Fetching timing data...
2025-06-19 15:27:37,991 - INFO - Parsing timing data...
2025-06-19 15:27:38,192 - WARNING - Driver 27: Encountered 1 timing integrity error(s) near lap(s): [2].
This might be a bug and should be reported.
2025-06-19 15:27:38,404 - INFO - Data has been written to cache!
2025-06-19 15:27:38,404 - INFO - No cached data found for timing_app_data. Loading data...
2025-06-19 15:27:38,404 - INFO - Fetching timing app data...
2025-06-19 15:27:38,917 - INFO - Data has been written to cache!
2025-06-19 15:27:38,917 - INFO - Processing timing data...
2025-06-19 15:27:39,537 - INFO - No cached data found for car_data. Loading data...
2025-06-19 15:27:39,538 - INFO - Fetching car data...
2025-06-19 15:27:40,730 - INFO - Parsing car data...
2025-06-19 15:27:42,811 - INFO - Data has been written to cache!
2025-06-19 15:27:42,813 - INFO - No cached data found for position_data. Loading data...
2025-06-19 15:27:42,813 - INFO - Fetching position data...
2025-06-19 15:27:43,778 - INFO - Parsing position data...
2025-06-19 15:27:46,548 - INFO - Data has been written to cache!
2025-06-19 15:27:47,607 - INFO - No cached data found for weather_data. Loading data...
2025-06-19 15:27:47,608 - INFO - Fetching weather data...
2025-06-19 15:27:48,056 - INFO - Data has been written to cache!
2025-06-19 15:27:48,057 - INFO - No cached data found for race_control_messages. Loading data...
2025-06-19 15:27:48,058 - INFO - Fetching race control messages...
2025-06-19 15:27:48,566 - INFO - Data has been written to cache!
2025-06-19 15:27:48,569 - WARNING - Driver 44 completed the race distance 00:00.157000 before the recorded end of the session.
2025-06-19 15:27:48,594 - INFO - Finished loading data for 20 drivers: ['44', '33', '7', '3', '77', '5', '16', '8', '20', '11', '28', '55', '10', '2', '31', '35', '14', '18', '27', '9']
2025-06-19 15:27:49,038 - INFO - [EXPORT OK] brazilian_grand_prix
2025-06-19 15:27:49,046 - INFO - Loading data for Abu Dhabi Grand Prix - Race [v3.5.3]
2025-06-19 15:27:49,047 - INFO - No cached data found for session_info. Loading data...
2025-06-19 15:27:49,047 - INFO - Fetching session info data...
2025-06-19 15:27:49,474 - INFO - Data has been written to cache!
2025-06-19 15:27:49,475 - INFO - No cached data found for driver_info. Loading data...
2025-06-19 15:27:49,476 - INFO - Fetching driver list...
2025-06-19 15:27:49,889 - INFO - Data has been written to cache!
2025-06-19 15:27:50,062 - INFO - No cached data found for session_status_data. Loading data...
2025-06-19 15:27:50,063 - INFO - Fetching session status data...
2025-06-19 15:27:50,601 - INFO - Data has been written to cache!
2025-06-19 15:27:50,603 - INFO - No cached data found for lap_count. Loading data...
2025-06-19 15:27:50,604 - INFO - Fetching lap count data...
2025-06-19 15:27:51,012 - INFO - Data has been written to cache!
2025-06-19 15:27:51,013 - INFO - No cached data found for track_status_data. Loading data...
2025-06-19 15:27:51,016 - INFO - Fetching track status data...
2025-06-19 15:27:51,629 - INFO - Data has been written to cache!
2025-06-19 15:27:51,631 - INFO - No cached data found for _extended_timing_data. Loading data...
2025-06-19 15:27:51,631 - INFO - Fetching timing data...
2025-06-19 15:27:52,697 - INFO - Parsing timing data...
2025-06-19 15:27:53,025 - INFO - Data has been written to cache!
2025-06-19 15:27:53,026 - INFO - No cached data found for timing_app_data. Loading data...
2025-06-19 15:27:53,026 - INFO - Fetching timing app data...
2025-06-19 15:27:53,486 - INFO - Data has been written to cache!
2025-06-19 15:27:53,486 - INFO - Processing timing data...
2025-06-19 15:27:54,010 - INFO - No cached data found for car_data. Loading data...
2025-06-19 15:27:54,011 - INFO - Fetching car data...
2025-06-19 15:27:55,304 - INFO - Parsing car data...
2025-06-19 15:27:58,740 - INFO - Data has been written to cache!
2025-06-19 15:27:58,744 - INFO - No cached data found for position_data. Loading data...
2025-06-19 15:27:58,744 - INFO - Fetching position data...
2025-06-19 15:27:59,787 - INFO - Parsing position data...
2025-06-19 15:28:01,684 - INFO - Data has been written to cache!
2025-06-19 15:28:02,838 - INFO - No cached data found for weather_data. Loading data...
2025-06-19 15:28:02,838 - INFO - Fetching weather data...
2025-06-19 15:28:03,206 - INFO - Data has been written to cache!
2025-06-19 15:28:03,207 - INFO - No cached data found for race_control_messages. Loading data...
2025-06-19 15:28:03,208 - INFO - Fetching race control messages...
2025-06-19 15:28:03,615 - INFO - Data has been written to cache!
2025-06-19 15:28:03,619 - WARNING - Driver 44 completed the race distance 00:00.074000 before the recorded end of the session.
2025-06-19 15:28:03,665 - INFO - Finished loading data for 20 drivers: ['44', '5', '33', '3', '77', '55', '16', '11', '8', '20', '14', '28', '18', '2', '35', '10', '31', '9', '7', '27']
2025-06-19 15:28:03,990 - INFO - [EXPORT OK] abu_dhabi_grand_prix
