2025-06-19 15:28:26,692 - INFO - Loading data for Austrian Grand Prix - Race [v3.5.3]
2025-06-19 15:28:26,693 - INFO - No cached data found for session_info. Loading data...
2025-06-19 15:28:26,693 - INFO - Fetching session info data...
2025-06-19 15:28:27,125 - INFO - Data has been written to cache!
2025-06-19 15:28:27,126 - INFO - No cached data found for driver_info. Loading data...
2025-06-19 15:28:27,127 - INFO - Fetching driver list...
2025-06-19 15:28:27,481 - INFO - Data has been written to cache!
2025-06-19 15:28:27,888 - INFO - No cached data found for session_status_data. Loading data...
2025-06-19 15:28:27,889 - INFO - Fetching session status data...
2025-06-19 15:28:28,271 - INFO - Data has been written to cache!
2025-06-19 15:28:28,273 - INFO - No cached data found for lap_count. Loading data...
2025-06-19 15:28:28,273 - INFO - Fetching lap count data...
2025-06-19 15:28:28,720 - INFO - Data has been written to cache!
2025-06-19 15:28:28,721 - INFO - No cached data found for track_status_data. Loading data...
2025-06-19 15:28:28,721 - INFO - Fetching track status data...
2025-06-19 15:28:29,076 - INFO - Data has been written to cache!
2025-06-19 15:28:29,079 - INFO - No cached data found for _extended_timing_data. Loading data...
2025-06-19 15:28:29,079 - INFO - Fetching timing data...
2025-06-19 15:28:30,082 - INFO - Parsing timing data...
2025-06-19 15:28:30,537 - WARNING - Driver 63: Encountered 1 timing integrity error(s) near lap(s): [9].
This might be a bug and should be reported.
2025-06-19 15:28:30,583 - WARNING - Driver  7: Encountered 1 timing integrity error(s) near lap(s): [9].
This might be a bug and should be reported.
2025-06-19 15:28:30,836 - INFO - Data has been written to cache!
2025-06-19 15:28:30,857 - INFO - No cached data found for timing_app_data. Loading data...
2025-06-19 15:28:30,859 - INFO - Fetching timing app data...
2025-06-19 15:28:31,457 - INFO - Data has been written to cache!
2025-06-19 15:28:31,460 - INFO - Processing timing data...
2025-06-19 15:28:32,042 - WARNING - Driver 77: Lap timing integrity check failed for 1 lap(s)
2025-06-19 15:28:32,050 - WARNING - Driver 16: Lap timing integrity check failed for 1 lap(s)
2025-06-19 15:28:32,056 - WARNING - Driver  4: Lap timing integrity check failed for 1 lap(s)
2025-06-19 15:28:32,062 - WARNING - Driver 44: Lap timing integrity check failed for 1 lap(s)
2025-06-19 15:28:32,072 - WARNING - Driver 55: Lap timing integrity check failed for 1 lap(s)
2025-06-19 15:28:32,085 - WARNING - Driver 11: Lap timing integrity check failed for 1 lap(s)
2025-06-19 15:28:32,092 - WARNING - Driver 10: Lap timing integrity check failed for 1 lap(s)
2025-06-19 15:28:32,106 - WARNING - Driver 31: Lap timing integrity check failed for 1 lap(s)
2025-06-19 15:28:32,113 - WARNING - Driver 99: Lap timing integrity check failed for 1 lap(s)
2025-06-19 15:28:32,119 - WARNING - Driver  5: Lap timing integrity check failed for 1 lap(s)
2025-06-19 15:28:32,131 - WARNING - Driver 26: Lap timing integrity check failed for 1 lap(s)
2025-06-19 15:28:32,138 - WARNING - Driver 23: Lap timing integrity check failed for 1 lap(s)
2025-06-19 15:28:32,151 - WARNING - Driver  8: Lap timing integrity check failed for 1 lap(s)
2025-06-19 15:28:32,154 - WARNING - Driver 20: Lap timing integrity check failed for 1 lap(s)
2025-06-19 15:28:32,156 - WARNING - Driver 18: Lap timing integrity check failed for 1 lap(s)
2025-06-19 15:28:32,159 - WARNING - Driver  3: Lap timing integrity check failed for 1 lap(s)
2025-06-19 15:28:32,291 - INFO - No cached data found for car_data. Loading data...
2025-06-19 15:28:32,292 - INFO - Fetching car data...
2025-06-19 15:28:34,490 - INFO - Parsing car data...
2025-06-19 15:28:38,921 - INFO - Data has been written to cache!
2025-06-19 15:28:38,925 - INFO - No cached data found for position_data. Loading data...
2025-06-19 15:28:38,925 - INFO - Fetching position data...
2025-06-19 15:28:39,789 - INFO - Parsing position data...
2025-06-19 15:28:43,143 - WARNING - Driver 241: Position data is incomplete!
2025-06-19 15:28:43,160 - WARNING - Driver 242: Position data is incomplete!
2025-06-19 15:28:43,174 - WARNING - Driver 243: Position data is incomplete!
2025-06-19 15:28:43,485 - INFO - Data has been written to cache!
2025-06-19 15:28:44,927 - INFO - No cached data found for weather_data. Loading data...
2025-06-19 15:28:44,927 - INFO - Fetching weather data...
2025-06-19 15:28:45,318 - INFO - Data has been written to cache!
2025-06-19 15:28:45,322 - INFO - No cached data found for race_control_messages. Loading data...
2025-06-19 15:28:45,322 - INFO - Fetching race control messages...
2025-06-19 15:28:45,682 - INFO - Data has been written to cache!
2025-06-19 15:28:45,811 - INFO - Finished loading data for 20 drivers: ['77', '16', '4', '44', '55', '11', '10', '31', '99', '5', '6', '26', '23', '7', '63', '8', '20', '18', '3', '33']
2025-06-19 15:28:49,193 - INFO - [EXPORT OK] austrian_grand_prix
2025-06-19 15:28:49,206 - INFO - Loading data for Styrian Grand Prix - Race [v3.5.3]
2025-06-19 15:28:49,208 - INFO - No cached data found for session_info. Loading data...
2025-06-19 15:28:49,209 - INFO - Fetching session info data...
2025-06-19 15:28:49,528 - INFO - Data has been written to cache!
2025-06-19 15:28:49,529 - INFO - No cached data found for driver_info. Loading data...
2025-06-19 15:28:49,530 - INFO - Fetching driver list...
2025-06-19 15:28:49,874 - INFO - Data has been written to cache!
2025-06-19 15:28:50,113 - INFO - No cached data found for session_status_data. Loading data...
2025-06-19 15:28:50,114 - INFO - Fetching session status data...
2025-06-19 15:28:50,445 - INFO - Data has been written to cache!
2025-06-19 15:28:50,448 - INFO - No cached data found for lap_count. Loading data...
2025-06-19 15:28:50,449 - INFO - Fetching lap count data...
2025-06-19 15:28:50,794 - INFO - Data has been written to cache!
2025-06-19 15:28:50,795 - INFO - No cached data found for track_status_data. Loading data...
2025-06-19 15:28:50,795 - INFO - Fetching track status data...
2025-06-19 15:28:51,116 - INFO - Data has been written to cache!
2025-06-19 15:28:51,117 - INFO - No cached data found for _extended_timing_data. Loading data...
2025-06-19 15:28:51,118 - INFO - Fetching timing data...
2025-06-19 15:28:52,340 - INFO - Parsing timing data...
2025-06-19 15:28:53,152 - WARNING - Failed to align laps for drivers: ['5']
2025-06-19 15:28:53,213 - INFO - Data has been written to cache!
2025-06-19 15:28:53,214 - INFO - No cached data found for timing_app_data. Loading data...
2025-06-19 15:28:53,215 - INFO - Fetching timing app data...
2025-06-19 15:28:53,631 - INFO - Data has been written to cache!
2025-06-19 15:28:53,632 - INFO - Processing timing data...
2025-06-19 15:28:54,676 - INFO - No cached data found for car_data. Loading data...
2025-06-19 15:28:54,683 - INFO - Fetching car data...
2025-06-19 15:28:55,289 - INFO - Parsing car data...
2025-06-19 15:28:57,951 - INFO - Data has been written to cache!
2025-06-19 15:28:57,958 - INFO - No cached data found for position_data. Loading data...
2025-06-19 15:28:57,959 - INFO - Fetching position data...
2025-06-19 15:28:59,576 - INFO - Parsing position data...
2025-06-19 15:29:03,824 - WARNING - Driver 241: Position data is incomplete!
2025-06-19 15:29:03,838 - WARNING - Driver 242: Position data is incomplete!
2025-06-19 15:29:03,849 - WARNING - Driver 243: Position data is incomplete!
2025-06-19 15:29:04,141 - INFO - Data has been written to cache!
2025-06-19 15:29:05,740 - INFO - No cached data found for weather_data. Loading data...
2025-06-19 15:29:05,743 - INFO - Fetching weather data...
2025-06-19 15:29:06,101 - INFO - Data has been written to cache!
2025-06-19 15:29:06,103 - INFO - No cached data found for race_control_messages. Loading data...
2025-06-19 15:29:06,103 - INFO - Fetching race control messages...
2025-06-19 15:29:06,424 - INFO - Data has been written to cache!
2025-06-19 15:29:06,433 - WARNING - Driver 44 completed the race distance 00:00.057000 before the recorded end of the session.
2025-06-19 15:29:06,496 - INFO - Finished loading data for 20 drivers: ['44', '77', '33', '23', '4', '11', '18', '3', '55', '26', '7', '20', '8', '99', '10', '63', '6', '31', '16', '5']
2025-06-19 15:29:06,801 - INFO - [EXPORT OK] styrian_grand_prix
2025-06-19 15:29:06,810 - INFO - Loading data for Hungarian Grand Prix - Race [v3.5.3]
2025-06-19 15:29:06,811 - INFO - No cached data found for session_info. Loading data...
2025-06-19 15:29:06,812 - INFO - Fetching session info data...
2025-06-19 15:29:07,197 - INFO - Data has been written to cache!
2025-06-19 15:29:07,198 - INFO - No cached data found for driver_info. Loading data...
2025-06-19 15:29:07,199 - INFO - Fetching driver list...
2025-06-19 15:29:07,708 - INFO - Data has been written to cache!
2025-06-19 15:29:07,862 - INFO - No cached data found for session_status_data. Loading data...
2025-06-19 15:29:07,862 - INFO - Fetching session status data...
2025-06-19 15:29:08,357 - INFO - Data has been written to cache!
2025-06-19 15:29:08,359 - INFO - No cached data found for lap_count. Loading data...
2025-06-19 15:29:08,360 - INFO - Fetching lap count data...
2025-06-19 15:29:08,683 - INFO - Data has been written to cache!
2025-06-19 15:29:08,684 - INFO - No cached data found for track_status_data. Loading data...
2025-06-19 15:29:08,684 - INFO - Fetching track status data...
2025-06-19 15:29:09,052 - INFO - Data has been written to cache!
2025-06-19 15:29:09,053 - INFO - No cached data found for _extended_timing_data. Loading data...
2025-06-19 15:29:09,053 - INFO - Fetching timing data...
2025-06-19 15:29:10,258 - INFO - Parsing timing data...
2025-06-19 15:29:12,352 - INFO - Data has been written to cache!
2025-06-19 15:29:12,358 - INFO - No cached data found for timing_app_data. Loading data...
2025-06-19 15:29:12,360 - INFO - Fetching timing app data...
2025-06-19 15:29:12,859 - INFO - Data has been written to cache!
2025-06-19 15:29:12,867 - INFO - Processing timing data...
2025-06-19 15:29:14,249 - INFO - No cached data found for car_data. Loading data...
2025-06-19 15:29:14,250 - INFO - Fetching car data...
2025-06-19 15:29:15,217 - INFO - Parsing car data...
2025-06-19 15:29:19,567 - INFO - Data has been written to cache!
2025-06-19 15:29:19,583 - INFO - No cached data found for position_data. Loading data...
2025-06-19 15:29:19,585 - INFO - Fetching position data...
2025-06-19 15:29:20,460 - INFO - Parsing position data...
2025-06-19 15:29:26,562 - INFO - Data has been written to cache!
2025-06-19 15:29:28,381 - INFO - No cached data found for weather_data. Loading data...
2025-06-19 15:29:28,382 - INFO - Fetching weather data...
2025-06-19 15:29:28,708 - INFO - Data has been written to cache!
2025-06-19 15:29:28,709 - INFO - No cached data found for race_control_messages. Loading data...
2025-06-19 15:29:28,709 - INFO - Fetching race control messages...
2025-06-19 15:29:29,057 - INFO - Data has been written to cache!
2025-06-19 15:29:29,063 - WARNING - Driver 44 completed the race distance 00:00.098000 before the recorded end of the session.
2025-06-19 15:29:29,095 - INFO - Finished loading data for 20 drivers: ['44', '33', '77', '18', '23', '5', '11', '3', '55', '20', '16', '26', '4', '31', '7', '8', '99', '63', '6', '10']
2025-06-19 15:29:29,760 - INFO - [EXPORT OK] hungarian_grand_prix
2025-06-19 15:29:29,770 - INFO - Loading data for British Grand Prix - Race [v3.5.3]
2025-06-19 15:29:29,771 - INFO - No cached data found for session_info. Loading data...
2025-06-19 15:29:29,772 - INFO - Fetching session info data...
2025-06-19 15:29:30,134 - INFO - Data has been written to cache!
2025-06-19 15:29:30,135 - INFO - No cached data found for driver_info. Loading data...
2025-06-19 15:29:30,135 - INFO - Fetching driver list...
2025-06-19 15:29:30,549 - INFO - Data has been written to cache!
2025-06-19 15:29:30,685 - INFO - No cached data found for session_status_data. Loading data...
2025-06-19 15:29:30,686 - INFO - Fetching session status data...
2025-06-19 15:29:31,141 - INFO - Data has been written to cache!
2025-06-19 15:29:31,146 - INFO - No cached data found for lap_count. Loading data...
2025-06-19 15:29:31,147 - INFO - Fetching lap count data...
2025-06-19 15:29:31,516 - INFO - Data has been written to cache!
2025-06-19 15:29:31,517 - INFO - No cached data found for track_status_data. Loading data...
2025-06-19 15:29:31,518 - INFO - Fetching track status data...
2025-06-19 15:29:31,870 - INFO - Data has been written to cache!
2025-06-19 15:29:31,871 - INFO - No cached data found for _extended_timing_data. Loading data...
2025-06-19 15:29:31,871 - INFO - Fetching timing data...
2025-06-19 15:29:32,980 - INFO - Parsing timing data...
2025-06-19 15:29:33,209 - WARNING - Driver  4: Ignoring late data for a previously processed lap.The data may contain errors (previous: 35; current 36)
2025-06-19 15:29:33,525 - WARNING - Driver  8: Encountered 1 timing integrity error(s) near lap(s): [15].
This might be a bug and should be reported.
2025-06-19 15:29:33,659 - WARNING - Failed to align laps for drivers: ['20']
2025-06-19 15:29:33,718 - INFO - Data has been written to cache!
2025-06-19 15:29:33,719 - INFO - No cached data found for timing_app_data. Loading data...
2025-06-19 15:29:33,719 - INFO - Fetching timing app data...
2025-06-19 15:29:34,116 - INFO - Data has been written to cache!
2025-06-19 15:29:34,116 - INFO - Processing timing data...
2025-06-19 15:29:34,782 - INFO - No cached data found for car_data. Loading data...
2025-06-19 15:29:34,782 - INFO - Fetching car data...
2025-06-19 15:29:35,634 - INFO - Parsing car data...
2025-06-19 15:29:44,188 - INFO - Data has been written to cache!
2025-06-19 15:29:44,197 - INFO - No cached data found for position_data. Loading data...
2025-06-19 15:29:44,199 - INFO - Fetching position data...
2025-06-19 15:29:45,033 - INFO - Parsing position data...
2025-06-19 15:29:48,542 - WARNING - Driver 241: Position data is incomplete!
2025-06-19 15:29:48,553 - WARNING - Driver 242: Position data is incomplete!
2025-06-19 15:29:48,563 - WARNING - Driver 243: Position data is incomplete!
2025-06-19 15:29:48,807 - INFO - Data has been written to cache!
2025-06-19 15:29:50,842 - INFO - No cached data found for weather_data. Loading data...
2025-06-19 15:29:50,845 - INFO - Fetching weather data...
2025-06-19 15:29:51,189 - INFO - Data has been written to cache!
2025-06-19 15:29:51,192 - INFO - No cached data found for race_control_messages. Loading data...
2025-06-19 15:29:51,194 - INFO - Fetching race control messages...
2025-06-19 15:29:51,641 - INFO - Data has been written to cache!
2025-06-19 15:29:51,703 - INFO - Finished loading data for 20 drivers: ['44', '33', '16', '3', '4', '31', '10', '23', '18', '5', '77', '63', '55', '99', '6', '8', '7', '26', '20', '27']
2025-06-19 15:29:52,264 - INFO - [EXPORT OK] british_grand_prix
2025-06-19 15:29:52,275 - INFO - Loading data for 70th Anniversary Grand Prix - Race [v3.5.3]
2025-06-19 15:29:52,276 - INFO - No cached data found for session_info. Loading data...
2025-06-19 15:29:52,277 - INFO - Fetching session info data...
2025-06-19 15:29:52,612 - INFO - Data has been written to cache!
2025-06-19 15:29:52,614 - INFO - No cached data found for driver_info. Loading data...
2025-06-19 15:29:52,615 - INFO - Fetching driver list...
2025-06-19 15:29:52,959 - INFO - Data has been written to cache!
2025-06-19 15:29:53,081 - INFO - No cached data found for session_status_data. Loading data...
2025-06-19 15:29:53,081 - INFO - Fetching session status data...
2025-06-19 15:29:53,544 - INFO - Data has been written to cache!
2025-06-19 15:29:53,545 - INFO - No cached data found for lap_count. Loading data...
2025-06-19 15:29:53,546 - INFO - Fetching lap count data...
2025-06-19 15:29:53,970 - INFO - Data has been written to cache!
2025-06-19 15:29:53,971 - INFO - No cached data found for track_status_data. Loading data...
2025-06-19 15:29:53,972 - INFO - Fetching track status data...
2025-06-19 15:29:54,472 - INFO - Data has been written to cache!
2025-06-19 15:29:54,474 - INFO - No cached data found for _extended_timing_data. Loading data...
2025-06-19 15:29:54,474 - INFO - Fetching timing data...
2025-06-19 15:29:57,943 - INFO - Parsing timing data...
2025-06-19 15:29:59,355 - INFO - Data has been written to cache!
2025-06-19 15:29:59,364 - INFO - No cached data found for timing_app_data. Loading data...
2025-06-19 15:29:59,365 - INFO - Fetching timing app data...
2025-06-19 15:29:59,806 - INFO - Data has been written to cache!
2025-06-19 15:29:59,807 - INFO - Processing timing data...
2025-06-19 15:30:00,759 - INFO - No cached data found for car_data. Loading data...
2025-06-19 15:30:00,760 - INFO - Fetching car data...
2025-06-19 15:30:01,679 - INFO - Parsing car data...
2025-06-19 15:30:04,156 - INFO - Data has been written to cache!
2025-06-19 15:30:04,160 - INFO - No cached data found for position_data. Loading data...
2025-06-19 15:30:04,161 - INFO - Fetching position data...
2025-06-19 15:30:05,000 - INFO - Parsing position data...
2025-06-19 15:30:07,943 - INFO - Data has been written to cache!
2025-06-19 15:30:11,031 - INFO - No cached data found for weather_data. Loading data...
2025-06-19 15:30:11,032 - INFO - Fetching weather data...
2025-06-19 15:30:11,622 - INFO - Data has been written to cache!
2025-06-19 15:30:11,625 - INFO - No cached data found for race_control_messages. Loading data...
2025-06-19 15:30:11,626 - INFO - Fetching race control messages...
2025-06-19 15:30:12,014 - INFO - Data has been written to cache!
2025-06-19 15:30:12,019 - WARNING - Driver 33 completed the race distance 00:00.036000 before the recorded end of the session.
2025-06-19 15:30:12,062 - INFO - Finished loading data for 20 drivers: ['33', '44', '77', '16', '23', '18', '27', '31', '4', '26', '10', '5', '55', '3', '7', '8', '99', '63', '6', '20']
2025-06-19 15:30:12,379 - INFO - [EXPORT OK] 70th_anniversary_grand_prix
2025-06-19 15:30:12,387 - INFO - Loading data for Spanish Grand Prix - Race [v3.5.3]
2025-06-19 15:30:12,387 - INFO - No cached data found for session_info. Loading data...
2025-06-19 15:30:12,388 - INFO - Fetching session info data...
2025-06-19 15:30:12,743 - INFO - Data has been written to cache!
2025-06-19 15:30:12,744 - INFO - No cached data found for driver_info. Loading data...
2025-06-19 15:30:12,746 - INFO - Fetching driver list...
2025-06-19 15:30:13,129 - INFO - Data has been written to cache!
2025-06-19 15:30:13,276 - INFO - No cached data found for session_status_data. Loading data...
2025-06-19 15:30:13,277 - INFO - Fetching session status data...
2025-06-19 15:30:13,954 - INFO - Data has been written to cache!
2025-06-19 15:30:13,954 - INFO - No cached data found for lap_count. Loading data...
2025-06-19 15:30:13,955 - INFO - Fetching lap count data...
2025-06-19 15:30:14,366 - INFO - Data has been written to cache!
2025-06-19 15:30:14,367 - INFO - No cached data found for track_status_data. Loading data...
2025-06-19 15:30:14,367 - INFO - Fetching track status data...
2025-06-19 15:30:14,701 - INFO - Data has been written to cache!
2025-06-19 15:30:14,702 - INFO - No cached data found for _extended_timing_data. Loading data...
2025-06-19 15:30:14,702 - INFO - Fetching timing data...
2025-06-19 15:30:16,087 - INFO - Parsing timing data...
2025-06-19 15:30:16,889 - INFO - Data has been written to cache!
2025-06-19 15:30:16,891 - INFO - No cached data found for timing_app_data. Loading data...
2025-06-19 15:30:16,891 - INFO - Fetching timing app data...
2025-06-19 15:30:17,558 - INFO - Data has been written to cache!
2025-06-19 15:30:17,559 - INFO - Processing timing data...
2025-06-19 15:30:18,196 - INFO - No cached data found for car_data. Loading data...
2025-06-19 15:30:18,197 - INFO - Fetching car data...
2025-06-19 15:30:19,065 - INFO - Parsing car data...
2025-06-19 15:30:23,217 - INFO - Data has been written to cache!
2025-06-19 15:30:23,222 - INFO - No cached data found for position_data. Loading data...
2025-06-19 15:30:23,222 - INFO - Fetching position data...
2025-06-19 15:30:23,953 - INFO - Parsing position data...
2025-06-19 15:30:26,292 - INFO - Data has been written to cache!
2025-06-19 15:30:27,624 - INFO - No cached data found for weather_data. Loading data...
2025-06-19 15:30:27,625 - INFO - Fetching weather data...
2025-06-19 15:30:27,969 - INFO - Data has been written to cache!
2025-06-19 15:30:27,970 - INFO - No cached data found for race_control_messages. Loading data...
2025-06-19 15:30:27,971 - INFO - Fetching race control messages...
2025-06-19 15:30:28,293 - INFO - Data has been written to cache!
2025-06-19 15:30:28,296 - WARNING - Driver 44 completed the race distance 00:00.071000 before the recorded end of the session.
2025-06-19 15:30:28,320 - INFO - Finished loading data for 20 drivers: ['44', '33', '77', '18', '11', '55', '5', '23', '10', '4', '3', '26', '31', '7', '20', '99', '63', '6', '8', '16']
2025-06-19 15:30:28,663 - INFO - [EXPORT OK] spanish_grand_prix
2025-06-19 15:30:28,671 - INFO - Loading data for Belgian Grand Prix - Race [v3.5.3]
2025-06-19 15:30:28,672 - INFO - No cached data found for session_info. Loading data...
2025-06-19 15:30:28,672 - INFO - Fetching session info data...
2025-06-19 15:30:29,114 - INFO - Data has been written to cache!
2025-06-19 15:30:29,115 - INFO - No cached data found for driver_info. Loading data...
2025-06-19 15:30:29,115 - INFO - Fetching driver list...
2025-06-19 15:30:29,528 - INFO - Data has been written to cache!
2025-06-19 15:30:29,688 - INFO - No cached data found for session_status_data. Loading data...
2025-06-19 15:30:29,689 - INFO - Fetching session status data...
2025-06-19 15:30:30,137 - INFO - Data has been written to cache!
2025-06-19 15:30:30,138 - INFO - No cached data found for lap_count. Loading data...
2025-06-19 15:30:30,138 - INFO - Fetching lap count data...
2025-06-19 15:30:30,547 - INFO - Data has been written to cache!
2025-06-19 15:30:30,548 - INFO - No cached data found for track_status_data. Loading data...
2025-06-19 15:30:30,548 - INFO - Fetching track status data...
2025-06-19 15:30:31,017 - INFO - Data has been written to cache!
2025-06-19 15:30:31,019 - INFO - No cached data found for _extended_timing_data. Loading data...
2025-06-19 15:30:31,020 - INFO - Fetching timing data...
2025-06-19 15:30:32,208 - INFO - Parsing timing data...
2025-06-19 15:30:33,816 - WARNING - Driver 26: Ignoring late data for a previously processed lap.The data may contain errors (previous: 40; current 41)
2025-06-19 15:30:34,482 - INFO - Data has been written to cache!
2025-06-19 15:30:34,488 - INFO - No cached data found for timing_app_data. Loading data...
2025-06-19 15:30:34,489 - INFO - Fetching timing app data...
2025-06-19 15:30:34,915 - INFO - Data has been written to cache!
2025-06-19 15:30:34,916 - INFO - Processing timing data...
2025-06-19 15:30:35,548 - INFO - No cached data found for car_data. Loading data...
2025-06-19 15:30:35,548 - INFO - Fetching car data...
2025-06-19 15:30:36,331 - INFO - Parsing car data...
2025-06-19 15:30:38,824 - INFO - Data has been written to cache!
2025-06-19 15:30:38,829 - INFO - No cached data found for position_data. Loading data...
2025-06-19 15:30:38,829 - INFO - Fetching position data...
2025-06-19 15:30:39,871 - INFO - Parsing position data...
2025-06-19 15:30:42,240 - WARNING - Driver 241: Position data is incomplete!
2025-06-19 15:30:42,255 - WARNING - Driver 242: Position data is incomplete!
2025-06-19 15:30:42,262 - WARNING - Driver 243: Position data is incomplete!
2025-06-19 15:30:42,469 - INFO - Data has been written to cache!
2025-06-19 15:30:44,210 - INFO - No cached data found for weather_data. Loading data...
2025-06-19 15:30:44,212 - INFO - Fetching weather data...
2025-06-19 15:30:45,468 - INFO - Data has been written to cache!
2025-06-19 15:30:45,487 - INFO - No cached data found for race_control_messages. Loading data...
2025-06-19 15:30:45,489 - INFO - Fetching race control messages...
2025-06-19 15:30:46,015 - INFO - Data has been written to cache!
2025-06-19 15:30:46,035 - WARNING - Driver 44 completed the race distance 00:00.105000 before the recorded end of the session.
2025-06-19 15:30:46,139 - INFO - Finished loading data for 20 drivers: ['44', '77', '33', '3', '31', '23', '4', '10', '18', '11', '26', '7', '5', '16', '8', '6', '20', '99', '63', '55']
2025-06-19 15:30:46,977 - INFO - [EXPORT OK] belgian_grand_prix
2025-06-19 15:30:46,997 - INFO - Loading data for Italian Grand Prix - Race [v3.5.3]
2025-06-19 15:30:46,998 - INFO - No cached data found for session_info. Loading data...
2025-06-19 15:30:46,999 - INFO - Fetching session info data...
2025-06-19 15:30:47,113 - INFO - Data has been written to cache!
2025-06-19 15:30:47,114 - INFO - No cached data found for driver_info. Loading data...
2025-06-19 15:30:47,114 - INFO - Fetching driver list...
2025-06-19 15:30:47,364 - INFO - Data has been written to cache!
2025-06-19 15:30:47,628 - INFO - No cached data found for session_status_data. Loading data...
2025-06-19 15:30:47,630 - INFO - Fetching session status data...
2025-06-19 15:30:47,853 - INFO - Data has been written to cache!
2025-06-19 15:30:47,853 - INFO - No cached data found for lap_count. Loading data...
2025-06-19 15:30:47,854 - INFO - Fetching lap count data...
2025-06-19 15:30:48,105 - INFO - Data has been written to cache!
2025-06-19 15:30:48,105 - INFO - No cached data found for track_status_data. Loading data...
2025-06-19 15:30:48,106 - INFO - Fetching track status data...
2025-06-19 15:30:48,366 - INFO - Data has been written to cache!
2025-06-19 15:30:48,367 - INFO - No cached data found for _extended_timing_data. Loading data...
2025-06-19 15:30:48,367 - INFO - Fetching timing data...
2025-06-19 15:30:49,293 - INFO - Parsing timing data...
2025-06-19 15:30:49,983 - INFO - Data has been written to cache!
2025-06-19 15:30:49,983 - INFO - No cached data found for timing_app_data. Loading data...
2025-06-19 15:30:49,984 - INFO - Fetching timing app data...
2025-06-19 15:30:50,190 - INFO - Data has been written to cache!
2025-06-19 15:30:50,191 - INFO - Processing timing data...
2025-06-19 15:30:50,858 - INFO - No cached data found for car_data. Loading data...
2025-06-19 15:30:50,859 - INFO - Fetching car data...
2025-06-19 15:30:51,482 - INFO - Parsing car data...
2025-06-19 15:30:53,950 - INFO - Data has been written to cache!
2025-06-19 15:30:53,951 - INFO - No cached data found for position_data. Loading data...
2025-06-19 15:30:53,952 - INFO - Fetching position data...
2025-06-19 15:30:54,340 - INFO - Parsing position data...
2025-06-19 15:30:58,538 - WARNING - Driver 241: Position data is incomplete!
2025-06-19 15:30:58,556 - WARNING - Driver 242: Position data is incomplete!
2025-06-19 15:30:58,577 - WARNING - Driver 243: Position data is incomplete!
2025-06-19 15:30:59,048 - INFO - Data has been written to cache!
2025-06-19 15:31:00,796 - INFO - No cached data found for weather_data. Loading data...
2025-06-19 15:31:00,798 - INFO - Fetching weather data...
2025-06-19 15:31:00,920 - INFO - Data has been written to cache!
2025-06-19 15:31:00,921 - INFO - No cached data found for race_control_messages. Loading data...
2025-06-19 15:31:00,921 - INFO - Fetching race control messages...
2025-06-19 15:31:01,205 - INFO - Data has been written to cache!
2025-06-19 15:31:01,213 - WARNING - Driver 10 completed the race distance 00:00.067000 before the recorded end of the session.
2025-06-19 15:31:01,263 - INFO - Finished loading data for 20 drivers: ['10', '55', '18', '4', '77', '3', '44', '31', '26', '11', '6', '8', '7', '63', '23', '99', '33', '16', '20', '5']
2025-06-19 15:31:01,889 - INFO - [EXPORT OK] italian_grand_prix
2025-06-19 15:31:01,899 - INFO - Loading data for Tuscan Grand Prix - Race [v3.5.3]
2025-06-19 15:31:01,899 - INFO - No cached data found for session_info. Loading data...
2025-06-19 15:31:01,900 - INFO - Fetching session info data...
2025-06-19 15:31:02,210 - INFO - Data has been written to cache!
2025-06-19 15:31:02,210 - INFO - No cached data found for driver_info. Loading data...
2025-06-19 15:31:02,211 - INFO - Fetching driver list...
2025-06-19 15:31:02,605 - INFO - Data has been written to cache!
2025-06-19 15:31:02,720 - INFO - No cached data found for session_status_data. Loading data...
2025-06-19 15:31:02,720 - INFO - Fetching session status data...
2025-06-19 15:31:03,172 - INFO - Data has been written to cache!
2025-06-19 15:31:03,173 - INFO - No cached data found for lap_count. Loading data...
2025-06-19 15:31:03,174 - INFO - Fetching lap count data...
2025-06-19 15:31:03,491 - INFO - Data has been written to cache!
2025-06-19 15:31:03,492 - INFO - No cached data found for track_status_data. Loading data...
2025-06-19 15:31:03,492 - INFO - Fetching track status data...
2025-06-19 15:31:03,802 - INFO - Data has been written to cache!
2025-06-19 15:31:03,803 - INFO - No cached data found for _extended_timing_data. Loading data...
2025-06-19 15:31:03,804 - INFO - Fetching timing data...
2025-06-19 15:31:04,704 - INFO - Parsing timing data...
2025-06-19 15:31:05,213 - INFO - Data has been written to cache!
2025-06-19 15:31:05,215 - INFO - No cached data found for timing_app_data. Loading data...
2025-06-19 15:31:05,216 - INFO - Fetching timing app data...
2025-06-19 15:31:05,818 - INFO - Data has been written to cache!
2025-06-19 15:31:05,824 - INFO - Processing timing data...
2025-06-19 15:31:07,336 - INFO - No cached data found for car_data. Loading data...
2025-06-19 15:31:07,338 - INFO - Fetching car data...
2025-06-19 15:31:08,124 - INFO - Parsing car data...
2025-06-19 15:31:13,579 - INFO - Data has been written to cache!
2025-06-19 15:31:13,584 - INFO - No cached data found for position_data. Loading data...
2025-06-19 15:31:13,584 - INFO - Fetching position data...
2025-06-19 15:31:14,359 - INFO - Parsing position data...
2025-06-19 15:31:17,793 - WARNING - Driver 241: Position data is incomplete!
2025-06-19 15:31:17,807 - WARNING - Driver 242: Position data is incomplete!
2025-06-19 15:31:17,817 - WARNING - Driver 243: Position data is incomplete!
2025-06-19 15:31:18,170 - INFO - Data has been written to cache!
2025-06-19 15:31:20,182 - INFO - No cached data found for weather_data. Loading data...
2025-06-19 15:31:20,183 - INFO - Fetching weather data...
2025-06-19 15:31:20,607 - INFO - Data has been written to cache!
2025-06-19 15:31:20,613 - INFO - No cached data found for race_control_messages. Loading data...
2025-06-19 15:31:20,614 - INFO - Fetching race control messages...
2025-06-19 15:31:20,989 - INFO - Data has been written to cache!
2025-06-19 15:31:21,001 - WARNING - Driver 44 completed the race distance 00:00.070000 before the recorded end of the session.
2025-06-19 15:31:21,071 - INFO - Finished loading data for 20 drivers: ['44', '77', '23', '3', '11', '4', '26', '16', '7', '5', '63', '8', '18', '31', '6', '20', '99', '55', '33', '10']
2025-06-19 15:31:21,501 - INFO - [EXPORT OK] tuscan_grand_prix
2025-06-19 15:31:21,515 - INFO - Loading data for Russian Grand Prix - Race [v3.5.3]
2025-06-19 15:31:21,516 - INFO - No cached data found for session_info. Loading data...
2025-06-19 15:31:21,517 - INFO - Fetching session info data...
2025-06-19 15:31:21,828 - INFO - Data has been written to cache!
2025-06-19 15:31:21,829 - INFO - No cached data found for driver_info. Loading data...
2025-06-19 15:31:21,829 - INFO - Fetching driver list...
2025-06-19 15:31:22,208 - INFO - Data has been written to cache!
2025-06-19 15:31:22,357 - INFO - No cached data found for session_status_data. Loading data...
2025-06-19 15:31:22,358 - INFO - Fetching session status data...
2025-06-19 15:31:23,539 - INFO - Data has been written to cache!
2025-06-19 15:31:23,573 - INFO - No cached data found for lap_count. Loading data...
2025-06-19 15:31:23,573 - INFO - Fetching lap count data...
2025-06-19 15:31:24,015 - INFO - Data has been written to cache!
2025-06-19 15:31:24,046 - INFO - No cached data found for track_status_data. Loading data...
2025-06-19 15:31:24,059 - INFO - Fetching track status data...
2025-06-19 15:31:24,476 - INFO - Data has been written to cache!
2025-06-19 15:31:24,484 - INFO - No cached data found for _extended_timing_data. Loading data...
2025-06-19 15:31:24,486 - INFO - Fetching timing data...
2025-06-19 15:31:25,897 - INFO - Parsing timing data...
2025-06-19 15:31:26,529 - INFO - Data has been written to cache!
2025-06-19 15:31:26,529 - INFO - No cached data found for timing_app_data. Loading data...
2025-06-19 15:31:26,530 - INFO - Fetching timing app data...
2025-06-19 15:31:26,943 - INFO - Data has been written to cache!
2025-06-19 15:31:26,944 - INFO - Processing timing data...
2025-06-19 15:31:27,487 - INFO - No cached data found for car_data. Loading data...
2025-06-19 15:31:27,487 - INFO - Fetching car data...
2025-06-19 15:31:28,362 - INFO - Parsing car data...
2025-06-19 15:31:31,626 - INFO - Data has been written to cache!
2025-06-19 15:31:31,634 - INFO - No cached data found for position_data. Loading data...
2025-06-19 15:31:31,634 - INFO - Fetching position data...
2025-06-19 15:31:32,391 - INFO - Parsing position data...
2025-06-19 15:31:40,588 - WARNING - Driver 241: Position data is incomplete!
2025-06-19 15:31:40,609 - WARNING - Driver 242: Position data is incomplete!
2025-06-19 15:31:40,621 - WARNING - Driver 243: Position data is incomplete!
2025-06-19 15:31:41,123 - INFO - Data has been written to cache!
2025-06-19 15:31:44,810 - INFO - No cached data found for weather_data. Loading data...
2025-06-19 15:31:44,815 - INFO - Fetching weather data...
2025-06-19 15:31:45,286 - INFO - Data has been written to cache!
2025-06-19 15:31:45,297 - INFO - No cached data found for race_control_messages. Loading data...
2025-06-19 15:31:45,303 - INFO - Fetching race control messages...
2025-06-19 15:31:45,700 - INFO - Data has been written to cache!
2025-06-19 15:31:45,706 - WARNING - Driver 77 completed the race distance 00:00.039000 before the recorded end of the session.
2025-06-19 15:31:45,765 - INFO - Finished loading data for 20 drivers: ['77', '33', '44', '11', '3', '16', '31', '26', '10', '23', '99', '20', '5', '7', '4', '6', '8', '63', '55', '18']
2025-06-19 15:31:46,611 - INFO - [EXPORT OK] russian_grand_prix
2025-06-19 15:31:46,670 - INFO - Loading data for Eifel Grand Prix - Race [v3.5.3]
2025-06-19 15:31:46,671 - INFO - No cached data found for session_info. Loading data...
2025-06-19 15:31:46,672 - INFO - Fetching session info data...
2025-06-19 15:31:47,001 - INFO - Data has been written to cache!
2025-06-19 15:31:47,002 - INFO - No cached data found for driver_info. Loading data...
2025-06-19 15:31:47,002 - INFO - Fetching driver list...
2025-06-19 15:31:47,374 - INFO - Data has been written to cache!
2025-06-19 15:31:47,623 - INFO - No cached data found for session_status_data. Loading data...
2025-06-19 15:31:47,623 - INFO - Fetching session status data...
2025-06-19 15:31:48,012 - INFO - Data has been written to cache!
2025-06-19 15:31:48,013 - INFO - No cached data found for lap_count. Loading data...
2025-06-19 15:31:48,014 - INFO - Fetching lap count data...
2025-06-19 15:31:48,327 - INFO - Data has been written to cache!
2025-06-19 15:31:48,328 - INFO - No cached data found for track_status_data. Loading data...
2025-06-19 15:31:48,329 - INFO - Fetching track status data...
2025-06-19 15:31:48,693 - INFO - Data has been written to cache!
2025-06-19 15:31:48,695 - INFO - No cached data found for _extended_timing_data. Loading data...
2025-06-19 15:31:48,697 - INFO - Fetching timing data...
2025-06-19 15:31:53,110 - INFO - Parsing timing data...
2025-06-19 15:31:54,205 - WARNING - Driver  7: Ignoring late data for a previously processed lap.The data may contain errors (previous: 37; current 38)
2025-06-19 15:31:54,451 - INFO - Data has been written to cache!
2025-06-19 15:31:54,452 - INFO - No cached data found for timing_app_data. Loading data...
2025-06-19 15:31:54,452 - INFO - Fetching timing app data...
2025-06-19 15:31:55,127 - INFO - Data has been written to cache!
2025-06-19 15:31:55,128 - INFO - Processing timing data...
2025-06-19 15:31:55,912 - INFO - No cached data found for car_data. Loading data...
2025-06-19 15:31:55,912 - INFO - Fetching car data...
2025-06-19 15:31:56,736 - INFO - Parsing car data...
2025-06-19 15:31:59,184 - INFO - Data has been written to cache!
2025-06-19 15:31:59,186 - INFO - No cached data found for position_data. Loading data...
2025-06-19 15:31:59,186 - INFO - Fetching position data...
2025-06-19 15:31:59,978 - INFO - Parsing position data...
2025-06-19 15:32:03,171 - WARNING - Driver 241: Position data is incomplete!
2025-06-19 15:32:03,188 - WARNING - Driver 242: Position data is incomplete!
2025-06-19 15:32:03,207 - WARNING - Driver 243: Position data is incomplete!
2025-06-19 15:32:04,663 - INFO - Data has been written to cache!
2025-06-19 15:32:08,383 - INFO - No cached data found for weather_data. Loading data...
2025-06-19 15:32:08,384 - INFO - Fetching weather data...
2025-06-19 15:32:08,847 - INFO - Data has been written to cache!
2025-06-19 15:32:08,854 - INFO - No cached data found for race_control_messages. Loading data...
2025-06-19 15:32:08,854 - INFO - Fetching race control messages...
2025-06-19 15:32:09,182 - INFO - Data has been written to cache!
2025-06-19 15:32:09,192 - WARNING - Driver 44 completed the race distance 00:00.016000 before the recorded end of the session.
2025-06-19 15:32:09,277 - INFO - Finished loading data for 20 drivers: ['44', '33', '3', '11', '55', '10', '16', '27', '8', '99', '5', '7', '20', '6', '26', '4', '23', '31', '77', '63']
2025-06-19 15:32:09,719 - INFO - [EXPORT OK] eifel_grand_prix
2025-06-19 15:32:09,739 - INFO - Loading data for Portuguese Grand Prix - Race [v3.5.3]
2025-06-19 15:32:09,740 - INFO - No cached data found for session_info. Loading data...
2025-06-19 15:32:09,740 - INFO - Fetching session info data...
2025-06-19 15:32:10,091 - INFO - Data has been written to cache!
2025-06-19 15:32:10,092 - INFO - No cached data found for driver_info. Loading data...
2025-06-19 15:32:10,092 - INFO - Fetching driver list...
2025-06-19 15:32:10,434 - INFO - Data has been written to cache!
2025-06-19 15:32:10,577 - INFO - No cached data found for session_status_data. Loading data...
2025-06-19 15:32:10,578 - INFO - Fetching session status data...
2025-06-19 15:32:11,007 - INFO - Data has been written to cache!
2025-06-19 15:32:11,010 - INFO - No cached data found for lap_count. Loading data...
2025-06-19 15:32:11,010 - INFO - Fetching lap count data...
2025-06-19 15:32:11,344 - INFO - Data has been written to cache!
2025-06-19 15:32:11,344 - INFO - No cached data found for track_status_data. Loading data...
2025-06-19 15:32:11,345 - INFO - Fetching track status data...
2025-06-19 15:32:11,653 - INFO - Data has been written to cache!
2025-06-19 15:32:11,655 - INFO - No cached data found for _extended_timing_data. Loading data...
2025-06-19 15:32:11,655 - INFO - Fetching timing data...
2025-06-19 15:32:13,158 - INFO - Parsing timing data...
2025-06-19 15:32:13,218 - WARNING - Driver 77: Ignoring late data for a previously processed lap.The data may contain errors (previous: 62; current 63)
2025-06-19 15:32:14,046 - INFO - Data has been written to cache!
2025-06-19 15:32:14,047 - INFO - No cached data found for timing_app_data. Loading data...
2025-06-19 15:32:14,048 - INFO - Fetching timing app data...
2025-06-19 15:32:14,439 - INFO - Data has been written to cache!
2025-06-19 15:32:14,440 - INFO - Processing timing data...
2025-06-19 15:32:15,151 - INFO - No cached data found for car_data. Loading data...
2025-06-19 15:32:15,152 - INFO - Fetching car data...
2025-06-19 15:32:17,287 - INFO - Parsing car data...
2025-06-19 15:32:21,913 - INFO - Data has been written to cache!
2025-06-19 15:32:21,920 - INFO - No cached data found for position_data. Loading data...
2025-06-19 15:32:21,921 - INFO - Fetching position data...
2025-06-19 15:32:22,672 - INFO - Parsing position data...
2025-06-19 15:32:25,909 - INFO - Data has been written to cache!
2025-06-19 15:32:27,616 - INFO - No cached data found for weather_data. Loading data...
2025-06-19 15:32:27,617 - INFO - Fetching weather data...
2025-06-19 15:32:28,800 - INFO - Data has been written to cache!
2025-06-19 15:32:28,810 - INFO - No cached data found for race_control_messages. Loading data...
2025-06-19 15:32:28,811 - INFO - Fetching race control messages...
2025-06-19 15:32:29,461 - INFO - Data has been written to cache!
2025-06-19 15:32:29,491 - WARNING - Driver 44 completed the race distance 00:00.098000 before the recorded end of the session.
2025-06-19 15:32:29,675 - INFO - Finished loading data for 20 drivers: ['44', '77', '33', '16', '10', '55', '11', '31', '3', '5', '7', '23', '4', '63', '99', '20', '8', '6', '26', '18']
2025-06-19 15:32:30,502 - INFO - [EXPORT OK] portuguese_grand_prix
2025-06-19 15:32:30,534 - INFO - Loading data for Emilia Romagna Grand Prix - Race [v3.5.3]
2025-06-19 15:32:30,537 - INFO - No cached data found for session_info. Loading data...
2025-06-19 15:32:30,538 - INFO - Fetching session info data...
2025-06-19 15:32:30,858 - INFO - Data has been written to cache!
2025-06-19 15:32:30,858 - INFO - No cached data found for driver_info. Loading data...
2025-06-19 15:32:30,859 - INFO - Fetching driver list...
2025-06-19 15:32:31,274 - INFO - Data has been written to cache!
2025-06-19 15:32:31,405 - INFO - No cached data found for session_status_data. Loading data...
2025-06-19 15:32:31,405 - INFO - Fetching session status data...
2025-06-19 15:32:31,890 - INFO - Data has been written to cache!
2025-06-19 15:32:31,891 - INFO - No cached data found for lap_count. Loading data...
2025-06-19 15:32:31,891 - INFO - Fetching lap count data...
2025-06-19 15:32:32,283 - INFO - Data has been written to cache!
2025-06-19 15:32:32,284 - INFO - No cached data found for track_status_data. Loading data...
2025-06-19 15:32:32,285 - INFO - Fetching track status data...
2025-06-19 15:32:32,619 - INFO - Data has been written to cache!
2025-06-19 15:32:32,620 - INFO - No cached data found for _extended_timing_data. Loading data...
2025-06-19 15:32:32,621 - INFO - Fetching timing data...
2025-06-19 15:32:33,866 - INFO - Parsing timing data...
2025-06-19 15:32:34,771 - INFO - Data has been written to cache!
2025-06-19 15:32:34,771 - INFO - No cached data found for timing_app_data. Loading data...
2025-06-19 15:32:34,772 - INFO - Fetching timing app data...
2025-06-19 15:32:35,357 - INFO - Data has been written to cache!
2025-06-19 15:32:35,359 - INFO - Processing timing data...
2025-06-19 15:32:36,060 - WARNING - Driver 23: Lap timing integrity check failed for 1 lap(s)
2025-06-19 15:32:36,224 - INFO - No cached data found for car_data. Loading data...
2025-06-19 15:32:36,225 - INFO - Fetching car data...
2025-06-19 15:32:37,029 - INFO - Parsing car data...
2025-06-19 15:32:42,346 - INFO - Data has been written to cache!
2025-06-19 15:32:42,354 - INFO - No cached data found for position_data. Loading data...
2025-06-19 15:32:42,355 - INFO - Fetching position data...
2025-06-19 15:32:43,054 - INFO - Parsing position data...
2025-06-19 15:32:46,089 - WARNING - Driver 241: Position data is incomplete!
2025-06-19 15:32:46,104 - WARNING - Driver 242: Position data is incomplete!
2025-06-19 15:32:46,122 - WARNING - Driver 243: Position data is incomplete!
2025-06-19 15:32:46,437 - INFO - Data has been written to cache!
2025-06-19 15:32:48,143 - INFO - No cached data found for weather_data. Loading data...
2025-06-19 15:32:48,152 - INFO - Fetching weather data...
2025-06-19 15:32:48,524 - INFO - Data has been written to cache!
2025-06-19 15:32:48,527 - INFO - No cached data found for race_control_messages. Loading data...
2025-06-19 15:32:48,527 - INFO - Fetching race control messages...
2025-06-19 15:32:48,897 - INFO - Data has been written to cache!
2025-06-19 15:32:48,901 - WARNING - Driver 44 completed the race distance 00:00.100000 before the recorded end of the session.
2025-06-19 15:32:48,965 - INFO - Finished loading data for 20 drivers: ['44', '77', '3', '26', '16', '11', '55', '4', '7', '99', '6', '5', '18', '8', '23', '63', '33', '20', '31', '10']
2025-06-19 15:32:49,466 - INFO - [EXPORT OK] emilia_romagna_grand_prix
2025-06-19 15:32:49,483 - INFO - Loading data for Turkish Grand Prix - Race [v3.5.3]
2025-06-19 15:32:49,484 - INFO - No cached data found for session_info. Loading data...
2025-06-19 15:32:49,485 - INFO - Fetching session info data...
2025-06-19 15:32:49,861 - INFO - Data has been written to cache!
2025-06-19 15:32:49,862 - INFO - No cached data found for driver_info. Loading data...
2025-06-19 15:32:49,862 - INFO - Fetching driver list...
2025-06-19 15:32:50,372 - INFO - Data has been written to cache!
2025-06-19 15:32:50,526 - INFO - No cached data found for session_status_data. Loading data...
2025-06-19 15:32:50,526 - INFO - Fetching session status data...
2025-06-19 15:32:50,960 - INFO - Data has been written to cache!
2025-06-19 15:32:50,961 - INFO - No cached data found for lap_count. Loading data...
2025-06-19 15:32:50,962 - INFO - Fetching lap count data...
2025-06-19 15:32:51,297 - INFO - Data has been written to cache!
2025-06-19 15:32:51,297 - INFO - No cached data found for track_status_data. Loading data...
2025-06-19 15:32:51,298 - INFO - Fetching track status data...
2025-06-19 15:32:51,658 - INFO - Data has been written to cache!
2025-06-19 15:32:51,838 - INFO - No cached data found for _extended_timing_data. Loading data...
2025-06-19 15:32:51,841 - INFO - Fetching timing data...
2025-06-19 15:32:55,035 - INFO - Parsing timing data...
2025-06-19 15:32:55,736 - INFO - Data has been written to cache!
2025-06-19 15:32:55,738 - INFO - No cached data found for timing_app_data. Loading data...
2025-06-19 15:32:55,738 - INFO - Fetching timing app data...
2025-06-19 15:32:56,192 - INFO - Data has been written to cache!
2025-06-19 15:32:56,194 - INFO - Processing timing data...
2025-06-19 15:32:57,007 - INFO - No cached data found for car_data. Loading data...
2025-06-19 15:32:57,008 - INFO - Fetching car data...
2025-06-19 15:32:57,901 - INFO - Parsing car data...
2025-06-19 15:33:02,619 - INFO - Data has been written to cache!
2025-06-19 15:33:02,625 - INFO - No cached data found for position_data. Loading data...
2025-06-19 15:33:02,630 - INFO - Fetching position data...
2025-06-19 15:33:03,522 - INFO - Parsing position data...
2025-06-19 15:33:10,198 - INFO - Data has been written to cache!
2025-06-19 15:33:12,335 - INFO - No cached data found for weather_data. Loading data...
2025-06-19 15:33:12,336 - INFO - Fetching weather data...
2025-06-19 15:33:12,676 - INFO - Data has been written to cache!
2025-06-19 15:33:12,679 - INFO - No cached data found for race_control_messages. Loading data...
2025-06-19 15:33:12,680 - INFO - Fetching race control messages...
2025-06-19 15:33:13,028 - INFO - Data has been written to cache!
2025-06-19 15:33:13,031 - WARNING - Driver 44 completed the race distance 00:00.068000 before the recorded end of the session.
2025-06-19 15:33:13,114 - INFO - Finished loading data for 20 drivers: ['44', '11', '5', '16', '55', '33', '23', '4', '18', '3', '31', '26', '10', '77', '7', '63', '20', '8', '6', '99']
2025-06-19 15:33:13,490 - INFO - [EXPORT OK] turkish_grand_prix
2025-06-19 15:33:13,503 - INFO - Loading data for Bahrain Grand Prix - Race [v3.5.3]
2025-06-19 15:33:13,504 - INFO - No cached data found for session_info. Loading data...
2025-06-19 15:33:13,505 - INFO - Fetching session info data...
2025-06-19 15:33:13,821 - INFO - Data has been written to cache!
2025-06-19 15:33:13,822 - INFO - No cached data found for driver_info. Loading data...
2025-06-19 15:33:13,822 - INFO - Fetching driver list...
2025-06-19 15:33:14,179 - INFO - Data has been written to cache!
2025-06-19 15:33:14,323 - INFO - No cached data found for session_status_data. Loading data...
2025-06-19 15:33:14,323 - INFO - Fetching session status data...
2025-06-19 15:33:14,759 - INFO - Data has been written to cache!
2025-06-19 15:33:14,761 - INFO - No cached data found for lap_count. Loading data...
2025-06-19 15:33:14,761 - INFO - Fetching lap count data...
2025-06-19 15:33:15,121 - INFO - Data has been written to cache!
2025-06-19 15:33:15,122 - INFO - No cached data found for track_status_data. Loading data...
2025-06-19 15:33:15,122 - INFO - Fetching track status data...
2025-06-19 15:33:15,484 - INFO - Data has been written to cache!
2025-06-19 15:33:15,485 - INFO - No cached data found for _extended_timing_data. Loading data...
2025-06-19 15:33:15,485 - INFO - Fetching timing data...
2025-06-19 15:33:18,839 - INFO - Parsing timing data...
2025-06-19 15:33:19,557 - WARNING - Driver 55: Encountered 1 timing integrity error(s) near lap(s): [48].
This might be a bug and should be reported.
2025-06-19 15:33:19,809 - WARNING - Failed to align laps for drivers: ['18']
2025-06-19 15:33:19,884 - INFO - Data has been written to cache!
2025-06-19 15:33:19,885 - INFO - No cached data found for timing_app_data. Loading data...
2025-06-19 15:33:19,885 - INFO - Fetching timing app data...
2025-06-19 15:33:20,373 - INFO - Data has been written to cache!
2025-06-19 15:33:20,376 - INFO - Processing timing data...
2025-06-19 15:33:21,006 - INFO - No cached data found for car_data. Loading data...
2025-06-19 15:33:21,007 - INFO - Fetching car data...
2025-06-19 15:33:21,922 - INFO - Parsing car data...
2025-06-19 15:33:26,138 - INFO - Data has been written to cache!
2025-06-19 15:33:26,140 - INFO - No cached data found for position_data. Loading data...
2025-06-19 15:33:26,140 - INFO - Fetching position data...
2025-06-19 15:33:26,968 - INFO - Parsing position data...
2025-06-19 15:33:33,427 - WARNING - Driver 241: Position data is incomplete!
2025-06-19 15:33:33,446 - WARNING - Driver 242: Position data is incomplete!
2025-06-19 15:33:33,463 - WARNING - Driver 243: Position data is incomplete!
2025-06-19 15:33:33,853 - INFO - Data has been written to cache!
2025-06-19 15:33:36,731 - INFO - No cached data found for weather_data. Loading data...
2025-06-19 15:33:36,732 - INFO - Fetching weather data...
2025-06-19 15:33:37,198 - INFO - Data has been written to cache!
2025-06-19 15:33:37,200 - INFO - No cached data found for race_control_messages. Loading data...
2025-06-19 15:33:37,201 - INFO - Fetching race control messages...
2025-06-19 15:33:37,765 - INFO - Data has been written to cache!
2025-06-19 15:33:37,869 - INFO - Finished loading data for 20 drivers: ['44', '33', '23', '4', '55', '10', '3', '77', '31', '16', '26', '63', '5', '6', '7', '99', '20', '11', '18', '8']
2025-06-19 15:33:38,815 - INFO - [EXPORT OK] bahrain_grand_prix
2025-06-19 15:33:38,939 - INFO - Loading data for Sakhir Grand Prix - Race [v3.5.3]
2025-06-19 15:33:38,943 - INFO - No cached data found for session_info. Loading data...
2025-06-19 15:33:38,944 - INFO - Fetching session info data...
2025-06-19 15:33:40,634 - INFO - Data has been written to cache!
2025-06-19 15:33:40,645 - INFO - No cached data found for driver_info. Loading data...
2025-06-19 15:33:40,647 - INFO - Fetching driver list...
2025-06-19 15:33:41,220 - INFO - Data has been written to cache!
2025-06-19 15:33:41,768 - INFO - No cached data found for session_status_data. Loading data...
2025-06-19 15:33:41,768 - INFO - Fetching session status data...
2025-06-19 15:33:42,139 - INFO - Data has been written to cache!
2025-06-19 15:33:42,142 - INFO - No cached data found for lap_count. Loading data...
2025-06-19 15:33:42,142 - INFO - Fetching lap count data...
2025-06-19 15:33:42,563 - INFO - Data has been written to cache!
2025-06-19 15:33:42,565 - INFO - No cached data found for track_status_data. Loading data...
2025-06-19 15:33:42,566 - INFO - Fetching track status data...
2025-06-19 15:33:42,881 - INFO - Data has been written to cache!
2025-06-19 15:33:42,887 - INFO - No cached data found for _extended_timing_data. Loading data...
2025-06-19 15:33:42,888 - INFO - Fetching timing data...
2025-06-19 15:33:45,505 - INFO - Parsing timing data...
2025-06-19 15:33:46,544 - INFO - Data has been written to cache!
2025-06-19 15:33:46,546 - INFO - No cached data found for timing_app_data. Loading data...
2025-06-19 15:33:46,547 - INFO - Fetching timing app data...
2025-06-19 15:33:46,985 - INFO - Data has been written to cache!
2025-06-19 15:33:46,985 - INFO - Processing timing data...
2025-06-19 15:33:48,030 - INFO - No cached data found for car_data. Loading data...
2025-06-19 15:33:48,031 - INFO - Fetching car data...
2025-06-19 15:33:48,743 - INFO - Parsing car data...
2025-06-19 15:33:54,330 - INFO - Data has been written to cache!
2025-06-19 15:33:54,338 - INFO - No cached data found for position_data. Loading data...
2025-06-19 15:33:54,339 - INFO - Fetching position data...
2025-06-19 15:33:55,322 - INFO - Parsing position data...
2025-06-19 15:33:58,023 - WARNING - Driver 241: Position data is incomplete!
2025-06-19 15:33:58,038 - WARNING - Driver 242: Position data is incomplete!
2025-06-19 15:33:58,049 - WARNING - Driver 243: Position data is incomplete!
2025-06-19 15:33:58,314 - INFO - Data has been written to cache!
2025-06-19 15:34:00,176 - INFO - No cached data found for weather_data. Loading data...
2025-06-19 15:34:00,182 - INFO - Fetching weather data...
2025-06-19 15:34:00,585 - INFO - Data has been written to cache!
2025-06-19 15:34:00,587 - INFO - No cached data found for race_control_messages. Loading data...
2025-06-19 15:34:00,587 - INFO - Fetching race control messages...
2025-06-19 15:34:00,941 - INFO - Data has been written to cache!
2025-06-19 15:34:00,950 - WARNING - Driver 11 completed the race distance 00:00.111000 before the recorded end of the session.
2025-06-19 15:34:01,018 - INFO - Finished loading data for 20 drivers: ['11', '31', '18', '55', '3', '23', '26', '77', '63', '4', '10', '5', '99', '7', '20', '89', '51', '6', '33', '16']
2025-06-19 15:34:01,596 - INFO - [EXPORT OK] sakhir_grand_prix
2025-06-19 15:34:01,606 - INFO - Loading data for Abu Dhabi Grand Prix - Race [v3.5.3]
2025-06-19 15:34:01,607 - INFO - No cached data found for session_info. Loading data...
2025-06-19 15:34:01,607 - INFO - Fetching session info data...
2025-06-19 15:34:01,961 - INFO - Data has been written to cache!
2025-06-19 15:34:01,961 - INFO - No cached data found for driver_info. Loading data...
2025-06-19 15:34:01,962 - INFO - Fetching driver list...
2025-06-19 15:34:02,318 - INFO - Data has been written to cache!
2025-06-19 15:34:02,835 - INFO - No cached data found for session_status_data. Loading data...
2025-06-19 15:34:02,835 - INFO - Fetching session status data...
2025-06-19 15:34:03,176 - INFO - Data has been written to cache!
2025-06-19 15:34:03,177 - INFO - No cached data found for lap_count. Loading data...
2025-06-19 15:34:03,178 - INFO - Fetching lap count data...
2025-06-19 15:34:03,561 - INFO - Data has been written to cache!
2025-06-19 15:34:03,561 - INFO - No cached data found for track_status_data. Loading data...
2025-06-19 15:34:03,562 - INFO - Fetching track status data...
2025-06-19 15:34:04,013 - INFO - Data has been written to cache!
2025-06-19 15:34:04,044 - INFO - No cached data found for _extended_timing_data. Loading data...
2025-06-19 15:34:04,063 - INFO - Fetching timing data...
2025-06-19 15:34:06,958 - INFO - Parsing timing data...
2025-06-19 15:34:07,674 - INFO - Data has been written to cache!
2025-06-19 15:34:07,675 - INFO - No cached data found for timing_app_data. Loading data...
2025-06-19 15:34:07,675 - INFO - Fetching timing app data...
2025-06-19 15:34:08,244 - INFO - Data has been written to cache!
2025-06-19 15:34:08,244 - INFO - Processing timing data...
2025-06-19 15:34:08,696 - WARNING - Driver  6: Lap timing integrity check failed for 1 lap(s)
2025-06-19 15:34:09,093 - INFO - No cached data found for car_data. Loading data...
2025-06-19 15:34:09,094 - INFO - Fetching car data...
2025-06-19 15:34:09,850 - INFO - Parsing car data...
2025-06-19 15:34:12,206 - INFO - Data has been written to cache!
2025-06-19 15:34:12,211 - INFO - No cached data found for position_data. Loading data...
2025-06-19 15:34:12,212 - INFO - Fetching position data...
2025-06-19 15:34:12,983 - INFO - Parsing position data...
2025-06-19 15:34:17,523 - WARNING - Driver 241: Position data is incomplete!
2025-06-19 15:34:17,558 - WARNING - Driver 242: Position data is incomplete!
2025-06-19 15:34:17,578 - WARNING - Driver 243: Position data is incomplete!
2025-06-19 15:34:18,016 - INFO - Data has been written to cache!
2025-06-19 15:34:19,747 - INFO - No cached data found for weather_data. Loading data...
2025-06-19 15:34:19,748 - INFO - Fetching weather data...
2025-06-19 15:34:20,126 - INFO - Data has been written to cache!
2025-06-19 15:34:20,127 - INFO - No cached data found for race_control_messages. Loading data...
2025-06-19 15:34:20,128 - INFO - Fetching race control messages...
2025-06-19 15:34:20,557 - INFO - Data has been written to cache!
2025-06-19 15:34:20,565 - WARNING - Driver 33 completed the race distance 00:00.087000 before the recorded end of the session.
2025-06-19 15:34:20,621 - INFO - Finished loading data for 20 drivers: ['33', '77', '44', '23', '4', '55', '3', '10', '31', '18', '26', '7', '16', '5', '63', '99', '6', '20', '51', '11']
2025-06-19 15:34:21,041 - INFO - [EXPORT OK] abu_dhabi_grand_prix
