2025-06-19 15:28:24,960 - INFO - Loading data for Australian Grand Prix - Race [v3.5.3]
2025-06-19 15:28:24,962 - INFO - No cached data found for session_info. Loading data...
2025-06-19 15:28:24,962 - INFO - Fetching session info data...
2025-06-19 15:28:25,494 - INFO - Data has been written to cache!
2025-06-19 15:28:25,495 - INFO - No cached data found for driver_info. Loading data...
2025-06-19 15:28:25,496 - INFO - Fetching driver list...
2025-06-19 15:28:25,885 - INFO - Data has been written to cache!
2025-06-19 15:28:26,560 - INFO - No cached data found for session_status_data. Loading data...
2025-06-19 15:28:26,561 - INFO - Fetching session status data...
2025-06-19 15:28:26,985 - INFO - Data has been written to cache!
2025-06-19 15:28:26,986 - INFO - No cached data found for lap_count. Loading data...
2025-06-19 15:28:26,986 - INFO - Fetching lap count data...
2025-06-19 15:28:27,375 - INFO - Data has been written to cache!
2025-06-19 15:28:27,376 - INFO - No cached data found for track_status_data. Loading data...
2025-06-19 15:28:27,377 - INFO - Fetching track status data...
2025-06-19 15:28:27,706 - INFO - Data has been written to cache!
2025-06-19 15:28:27,709 - INFO - No cached data found for _extended_timing_data. Loading data...
2025-06-19 15:28:27,710 - INFO - Fetching timing data...
2025-06-19 15:28:28,806 - INFO - Parsing timing data...
2025-06-19 15:28:29,265 - INFO - Data has been written to cache!
2025-06-19 15:28:29,266 - INFO - No cached data found for timing_app_data. Loading data...
2025-06-19 15:28:29,266 - INFO - Fetching timing app data...
2025-06-19 15:28:29,679 - INFO - Data has been written to cache!
2025-06-19 15:28:29,680 - INFO - Processing timing data...
2025-06-19 15:28:30,188 - WARNING - Driver 16: Lap timing integrity check failed for 1 lap(s)
2025-06-19 15:28:30,770 - INFO - No cached data found for car_data. Loading data...
2025-06-19 15:28:30,775 - INFO - Fetching car data...
2025-06-19 15:28:31,612 - INFO - Parsing car data...
2025-06-19 15:28:37,048 - INFO - Data has been written to cache!
2025-06-19 15:28:37,057 - INFO - No cached data found for position_data. Loading data...
2025-06-19 15:28:37,059 - INFO - Fetching position data...
2025-06-19 15:28:37,985 - INFO - Parsing position data...
2025-06-19 15:28:39,977 - INFO - Data has been written to cache!
2025-06-19 15:28:41,575 - INFO - No cached data found for weather_data. Loading data...
2025-06-19 15:28:41,579 - INFO - Fetching weather data...
2025-06-19 15:28:41,933 - INFO - Data has been written to cache!
2025-06-19 15:28:41,935 - INFO - No cached data found for race_control_messages. Loading data...
2025-06-19 15:28:41,936 - INFO - Fetching race control messages...
2025-06-19 15:28:42,303 - INFO - Data has been written to cache!
2025-06-19 15:28:42,307 - WARNING - Driver 77 completed the race distance 00:00.387000 before the recorded end of the session.
2025-06-19 15:28:42,352 - INFO - Finished loading data for 20 drivers: ['77', '44', '33', '5', '16', '20', '27', '7', '18', '26', '10', '4', '11', '23', '99', '63', '88', '8', '3', '55']
2025-06-19 15:28:43,458 - INFO - [EXPORT OK] australian_grand_prix
2025-06-19 15:28:43,470 - INFO - Loading data for Bahrain Grand Prix - Race [v3.5.3]
2025-06-19 15:28:43,471 - INFO - No cached data found for session_info. Loading data...
2025-06-19 15:28:43,472 - INFO - Fetching session info data...
2025-06-19 15:28:43,810 - INFO - Data has been written to cache!
2025-06-19 15:28:43,812 - INFO - No cached data found for driver_info. Loading data...
2025-06-19 15:28:43,812 - INFO - Fetching driver list...
2025-06-19 15:28:44,166 - INFO - Data has been written to cache!
2025-06-19 15:28:44,682 - INFO - No cached data found for session_status_data. Loading data...
2025-06-19 15:28:44,683 - INFO - Fetching session status data...
2025-06-19 15:28:45,055 - INFO - Data has been written to cache!
2025-06-19 15:28:45,056 - INFO - No cached data found for lap_count. Loading data...
2025-06-19 15:28:45,057 - INFO - Fetching lap count data...
2025-06-19 15:28:45,444 - INFO - Data has been written to cache!
2025-06-19 15:28:45,445 - INFO - No cached data found for track_status_data. Loading data...
2025-06-19 15:28:45,446 - INFO - Fetching track status data...
2025-06-19 15:28:45,845 - INFO - Data has been written to cache!
2025-06-19 15:28:45,846 - INFO - No cached data found for _extended_timing_data. Loading data...
2025-06-19 15:28:45,847 - INFO - Fetching timing data...
2025-06-19 15:28:48,492 - INFO - Parsing timing data...
2025-06-19 15:28:49,386 - INFO - Data has been written to cache!
2025-06-19 15:28:49,389 - INFO - No cached data found for timing_app_data. Loading data...
2025-06-19 15:28:49,390 - INFO - Fetching timing app data...
2025-06-19 15:28:49,936 - INFO - Data has been written to cache!
2025-06-19 15:28:49,937 - INFO - Processing timing data...
2025-06-19 15:28:50,803 - INFO - No cached data found for car_data. Loading data...
2025-06-19 15:28:50,804 - INFO - Fetching car data...
2025-06-19 15:28:52,000 - INFO - Parsing car data...
2025-06-19 15:28:54,766 - INFO - Data has been written to cache!
2025-06-19 15:28:54,768 - INFO - No cached data found for position_data. Loading data...
2025-06-19 15:28:54,768 - INFO - Fetching position data...
2025-06-19 15:28:55,761 - INFO - Parsing position data...
2025-06-19 15:28:57,869 - INFO - Data has been written to cache!
2025-06-19 15:29:01,528 - INFO - No cached data found for weather_data. Loading data...
2025-06-19 15:29:01,534 - INFO - Fetching weather data...
2025-06-19 15:29:02,100 - INFO - Data has been written to cache!
2025-06-19 15:29:02,119 - INFO - No cached data found for race_control_messages. Loading data...
2025-06-19 15:29:02,121 - INFO - Fetching race control messages...
2025-06-19 15:29:02,592 - INFO - Data has been written to cache!
2025-06-19 15:29:02,597 - WARNING - Driver 44 completed the race distance 00:00.070000 before the recorded end of the session.
2025-06-19 15:29:02,719 - INFO - Finished loading data for 20 drivers: ['44', '77', '16', '33', '5', '4', '7', '10', '23', '11', '99', '26', '20', '18', '63', '88', '27', '3', '55', '8']
2025-06-19 15:29:03,107 - INFO - [EXPORT OK] bahrain_grand_prix
2025-06-19 15:29:03,119 - INFO - Loading data for Chinese Grand Prix - Race [v3.5.3]
2025-06-19 15:29:03,120 - INFO - No cached data found for session_info. Loading data...
2025-06-19 15:29:03,120 - INFO - Fetching session info data...
2025-06-19 15:29:03,503 - INFO - Data has been written to cache!
2025-06-19 15:29:03,503 - INFO - No cached data found for driver_info. Loading data...
2025-06-19 15:29:03,503 - INFO - Fetching driver list...
2025-06-19 15:29:03,896 - INFO - Data has been written to cache!
2025-06-19 15:29:04,453 - INFO - No cached data found for session_status_data. Loading data...
2025-06-19 15:29:04,454 - INFO - Fetching session status data...
2025-06-19 15:29:04,776 - INFO - Data has been written to cache!
2025-06-19 15:29:04,778 - INFO - No cached data found for lap_count. Loading data...
2025-06-19 15:29:04,779 - INFO - Fetching lap count data...
2025-06-19 15:29:05,145 - INFO - Data has been written to cache!
2025-06-19 15:29:05,146 - INFO - No cached data found for track_status_data. Loading data...
2025-06-19 15:29:05,147 - INFO - Fetching track status data...
2025-06-19 15:29:05,477 - INFO - Data has been written to cache!
2025-06-19 15:29:05,502 - INFO - No cached data found for _extended_timing_data. Loading data...
2025-06-19 15:29:05,502 - INFO - Fetching timing data...
2025-06-19 15:29:06,336 - INFO - Parsing timing data...
2025-06-19 15:29:06,888 - INFO - Data has been written to cache!
2025-06-19 15:29:06,889 - INFO - No cached data found for timing_app_data. Loading data...
2025-06-19 15:29:06,889 - INFO - Fetching timing app data...
2025-06-19 15:29:07,287 - INFO - Data has been written to cache!
2025-06-19 15:29:07,288 - INFO - Processing timing data...
2025-06-19 15:29:08,169 - INFO - No cached data found for car_data. Loading data...
2025-06-19 15:29:08,170 - INFO - Fetching car data...
2025-06-19 15:29:09,381 - INFO - Parsing car data...
2025-06-19 15:29:14,027 - INFO - Data has been written to cache!
2025-06-19 15:29:14,031 - INFO - No cached data found for position_data. Loading data...
2025-06-19 15:29:14,031 - INFO - Fetching position data...
2025-06-19 15:29:15,081 - INFO - Parsing position data...
2025-06-19 15:29:17,062 - INFO - Data has been written to cache!
2025-06-19 15:29:19,565 - INFO - No cached data found for weather_data. Loading data...
2025-06-19 15:29:19,567 - INFO - Fetching weather data...
2025-06-19 15:29:19,967 - INFO - Data has been written to cache!
2025-06-19 15:29:19,969 - INFO - No cached data found for race_control_messages. Loading data...
2025-06-19 15:29:19,969 - INFO - Fetching race control messages...
2025-06-19 15:29:20,433 - INFO - Data has been written to cache!
2025-06-19 15:29:20,452 - WARNING - Driver 44 completed the race distance 00:00.423000 before the recorded end of the session.
2025-06-19 15:29:20,526 - INFO - Finished loading data for 20 drivers: ['44', '77', '5', '33', '16', '10', '3', '11', '7', '23', '8', '18', '20', '55', '99', '63', '88', '4', '26', '27']
2025-06-19 15:29:21,297 - INFO - [EXPORT OK] chinese_grand_prix
2025-06-19 15:29:21,310 - INFO - Loading data for Azerbaijan Grand Prix - Race [v3.5.3]
2025-06-19 15:29:21,313 - INFO - No cached data found for session_info. Loading data...
2025-06-19 15:29:21,313 - INFO - Fetching session info data...
2025-06-19 15:29:21,676 - INFO - Data has been written to cache!
2025-06-19 15:29:21,678 - INFO - No cached data found for driver_info. Loading data...
2025-06-19 15:29:21,679 - INFO - Fetching driver list...
2025-06-19 15:29:22,070 - INFO - Data has been written to cache!
2025-06-19 15:29:22,300 - INFO - No cached data found for session_status_data. Loading data...
2025-06-19 15:29:22,301 - INFO - Fetching session status data...
2025-06-19 15:29:22,656 - INFO - Data has been written to cache!
2025-06-19 15:29:22,658 - INFO - No cached data found for lap_count. Loading data...
2025-06-19 15:29:22,659 - INFO - Fetching lap count data...
2025-06-19 15:29:23,039 - INFO - Data has been written to cache!
2025-06-19 15:29:23,041 - INFO - No cached data found for track_status_data. Loading data...
2025-06-19 15:29:23,042 - INFO - Fetching track status data...
2025-06-19 15:29:23,475 - INFO - Data has been written to cache!
2025-06-19 15:29:23,478 - INFO - No cached data found for _extended_timing_data. Loading data...
2025-06-19 15:29:23,479 - INFO - Fetching timing data...
2025-06-19 15:29:25,692 - INFO - Parsing timing data...
2025-06-19 15:29:26,618 - INFO - Data has been written to cache!
2025-06-19 15:29:26,622 - INFO - No cached data found for timing_app_data. Loading data...
2025-06-19 15:29:26,623 - INFO - Fetching timing app data...
2025-06-19 15:29:27,071 - INFO - Data has been written to cache!
2025-06-19 15:29:27,072 - INFO - Processing timing data...
2025-06-19 15:29:28,014 - INFO - No cached data found for car_data. Loading data...
2025-06-19 15:29:28,016 - INFO - Fetching car data...
2025-06-19 15:29:29,106 - INFO - Parsing car data...
2025-06-19 15:29:31,938 - INFO - Data has been written to cache!
2025-06-19 15:29:31,946 - INFO - No cached data found for position_data. Loading data...
2025-06-19 15:29:31,947 - INFO - Fetching position data...
2025-06-19 15:29:33,216 - INFO - Parsing position data...
2025-06-19 15:29:35,066 - INFO - Data has been written to cache!
2025-06-19 15:29:37,405 - INFO - No cached data found for weather_data. Loading data...
2025-06-19 15:29:37,409 - INFO - Fetching weather data...
2025-06-19 15:29:37,830 - INFO - Data has been written to cache!
2025-06-19 15:29:37,857 - INFO - No cached data found for race_control_messages. Loading data...
2025-06-19 15:29:37,860 - INFO - Fetching race control messages...
2025-06-19 15:29:38,347 - INFO - Data has been written to cache!
2025-06-19 15:29:38,364 - WARNING - Driver 77 completed the race distance 00:00.075000 before the recorded end of the session.
2025-06-19 15:29:40,998 - INFO - Finished loading data for 20 drivers: ['77', '44', '5', '33', '16', '11', '55', '4', '18', '7', '23', '99', '20', '27', '63', '88', '10', '8', '26', '3']
2025-06-19 15:29:41,848 - INFO - [EXPORT OK] azerbaijan_grand_prix
2025-06-19 15:29:41,898 - INFO - Loading data for Spanish Grand Prix - Race [v3.5.3]
2025-06-19 15:29:41,900 - INFO - No cached data found for session_info. Loading data...
2025-06-19 15:29:41,901 - INFO - Fetching session info data...
2025-06-19 15:29:42,328 - INFO - Data has been written to cache!
2025-06-19 15:29:42,332 - INFO - No cached data found for driver_info. Loading data...
2025-06-19 15:29:42,334 - INFO - Fetching driver list...
2025-06-19 15:29:42,886 - INFO - Data has been written to cache!
2025-06-19 15:29:43,462 - INFO - No cached data found for session_status_data. Loading data...
2025-06-19 15:29:43,468 - INFO - Fetching session status data...
2025-06-19 15:29:43,967 - INFO - Data has been written to cache!
2025-06-19 15:29:43,982 - INFO - No cached data found for lap_count. Loading data...
2025-06-19 15:29:43,983 - INFO - Fetching lap count data...
2025-06-19 15:29:44,334 - INFO - Data has been written to cache!
2025-06-19 15:29:44,336 - INFO - No cached data found for track_status_data. Loading data...
2025-06-19 15:29:44,337 - INFO - Fetching track status data...
2025-06-19 15:29:44,691 - INFO - Data has been written to cache!
2025-06-19 15:29:44,697 - INFO - No cached data found for _extended_timing_data. Loading data...
2025-06-19 15:29:44,697 - INFO - Fetching timing data...
2025-06-19 15:29:45,965 - INFO - Parsing timing data...
2025-06-19 15:29:46,646 - INFO - Data has been written to cache!
2025-06-19 15:29:46,648 - INFO - No cached data found for timing_app_data. Loading data...
2025-06-19 15:29:46,648 - INFO - Fetching timing app data...
2025-06-19 15:29:47,104 - INFO - Data has been written to cache!
2025-06-19 15:29:47,105 - INFO - Processing timing data...
2025-06-19 15:29:48,364 - INFO - No cached data found for car_data. Loading data...
2025-06-19 15:29:48,367 - INFO - Fetching car data...
2025-06-19 15:29:49,386 - INFO - Parsing car data...
2025-06-19 15:29:52,851 - INFO - Data has been written to cache!
2025-06-19 15:29:52,855 - INFO - No cached data found for position_data. Loading data...
2025-06-19 15:29:52,855 - INFO - Fetching position data...
2025-06-19 15:29:53,861 - INFO - Parsing position data...
2025-06-19 15:29:57,688 - INFO - Data has been written to cache!
2025-06-19 15:29:59,680 - INFO - No cached data found for weather_data. Loading data...
2025-06-19 15:29:59,681 - INFO - Fetching weather data...
2025-06-19 15:30:00,109 - INFO - Data has been written to cache!
2025-06-19 15:30:00,113 - INFO - No cached data found for race_control_messages. Loading data...
2025-06-19 15:30:00,114 - INFO - Fetching race control messages...
2025-06-19 15:30:00,537 - INFO - Data has been written to cache!
2025-06-19 15:30:00,548 - WARNING - Driver 44 completed the race distance 00:00.059000 before the recorded end of the session.
2025-06-19 15:30:00,612 - INFO - Finished loading data for 20 drivers: ['44', '77', '33', '5', '16', '10', '20', '55', '26', '8', '23', '3', '27', '7', '11', '99', '63', '88', '18', '4']
2025-06-19 15:30:01,022 - INFO - [EXPORT OK] spanish_grand_prix
2025-06-19 15:30:01,030 - INFO - Loading data for Monaco Grand Prix - Race [v3.5.3]
2025-06-19 15:30:01,031 - INFO - No cached data found for session_info. Loading data...
2025-06-19 15:30:01,031 - INFO - Fetching session info data...
2025-06-19 15:30:01,389 - INFO - Data has been written to cache!
2025-06-19 15:30:01,390 - INFO - No cached data found for driver_info. Loading data...
2025-06-19 15:30:01,391 - INFO - Fetching driver list...
2025-06-19 15:30:01,736 - INFO - Data has been written to cache!
2025-06-19 15:30:02,187 - INFO - No cached data found for session_status_data. Loading data...
2025-06-19 15:30:02,187 - INFO - Fetching session status data...
2025-06-19 15:30:02,515 - INFO - Data has been written to cache!
2025-06-19 15:30:02,516 - INFO - No cached data found for lap_count. Loading data...
2025-06-19 15:30:02,516 - INFO - Fetching lap count data...
2025-06-19 15:30:03,004 - INFO - Data has been written to cache!
2025-06-19 15:30:03,004 - INFO - No cached data found for track_status_data. Loading data...
2025-06-19 15:30:03,005 - INFO - Fetching track status data...
2025-06-19 15:30:03,334 - INFO - Data has been written to cache!
2025-06-19 15:30:03,337 - INFO - No cached data found for _extended_timing_data. Loading data...
2025-06-19 15:30:03,338 - INFO - Fetching timing data...
2025-06-19 15:30:04,395 - INFO - Parsing timing data...
2025-06-19 15:30:05,108 - INFO - Data has been written to cache!
2025-06-19 15:30:05,112 - INFO - No cached data found for timing_app_data. Loading data...
2025-06-19 15:30:05,113 - INFO - Fetching timing app data...
2025-06-19 15:30:05,560 - INFO - Data has been written to cache!
2025-06-19 15:30:05,565 - INFO - Processing timing data...
2025-06-19 15:30:06,886 - INFO - No cached data found for car_data. Loading data...
2025-06-19 15:30:06,887 - INFO - Fetching car data...
2025-06-19 15:30:08,050 - INFO - Parsing car data...
2025-06-19 15:30:12,516 - INFO - Data has been written to cache!
2025-06-19 15:30:12,519 - INFO - No cached data found for position_data. Loading data...
2025-06-19 15:30:12,519 - INFO - Fetching position data...
2025-06-19 15:30:13,697 - INFO - Parsing position data...
2025-06-19 15:30:15,458 - INFO - Data has been written to cache!
2025-06-19 15:30:16,856 - INFO - No cached data found for weather_data. Loading data...
2025-06-19 15:30:16,857 - INFO - Fetching weather data...
2025-06-19 15:30:17,355 - INFO - Data has been written to cache!
2025-06-19 15:30:17,356 - INFO - No cached data found for race_control_messages. Loading data...
2025-06-19 15:30:17,356 - INFO - Fetching race control messages...
2025-06-19 15:30:17,710 - INFO - Data has been written to cache!
2025-06-19 15:30:17,714 - WARNING - Driver 44 completed the race distance 00:00.087000 before the recorded end of the session.
2025-06-19 15:30:17,736 - INFO - Finished loading data for 20 drivers: ['44', '5', '77', '33', '10', '55', '26', '23', '3', '8', '4', '11', '27', '20', '63', '18', '7', '88', '99', '16']
2025-06-19 15:30:18,122 - INFO - [EXPORT OK] monaco_grand_prix
2025-06-19 15:30:18,130 - INFO - Loading data for Canadian Grand Prix - Race [v3.5.3]
2025-06-19 15:30:18,130 - INFO - No cached data found for session_info. Loading data...
2025-06-19 15:30:18,131 - INFO - Fetching session info data...
2025-06-19 15:30:18,487 - INFO - Data has been written to cache!
2025-06-19 15:30:18,488 - INFO - No cached data found for driver_info. Loading data...
2025-06-19 15:30:18,488 - INFO - Fetching driver list...
2025-06-19 15:30:18,898 - INFO - Data has been written to cache!
2025-06-19 15:30:19,121 - INFO - No cached data found for session_status_data. Loading data...
2025-06-19 15:30:19,122 - INFO - Fetching session status data...
2025-06-19 15:30:19,475 - INFO - Data has been written to cache!
2025-06-19 15:30:19,476 - INFO - No cached data found for lap_count. Loading data...
2025-06-19 15:30:19,477 - INFO - Fetching lap count data...
2025-06-19 15:30:19,807 - INFO - Data has been written to cache!
2025-06-19 15:30:19,808 - INFO - No cached data found for track_status_data. Loading data...
2025-06-19 15:30:19,808 - INFO - Fetching track status data...
2025-06-19 15:30:20,780 - INFO - Data has been written to cache!
2025-06-19 15:30:20,937 - INFO - No cached data found for _extended_timing_data. Loading data...
2025-06-19 15:30:20,995 - INFO - Fetching timing data...
2025-06-19 15:30:22,502 - INFO - Parsing timing data...
2025-06-19 15:30:23,064 - INFO - Data has been written to cache!
2025-06-19 15:30:23,066 - INFO - No cached data found for timing_app_data. Loading data...
2025-06-19 15:30:23,067 - INFO - Fetching timing app data...
2025-06-19 15:30:23,488 - INFO - Data has been written to cache!
2025-06-19 15:30:23,488 - INFO - Processing timing data...
2025-06-19 15:30:24,204 - INFO - No cached data found for car_data. Loading data...
2025-06-19 15:30:24,205 - INFO - Fetching car data...
2025-06-19 15:30:25,266 - INFO - Parsing car data...
2025-06-19 15:30:27,629 - INFO - Data has been written to cache!
2025-06-19 15:30:27,631 - INFO - No cached data found for position_data. Loading data...
2025-06-19 15:30:27,632 - INFO - Fetching position data...
2025-06-19 15:30:28,622 - INFO - Parsing position data...
2025-06-19 15:30:30,097 - INFO - Data has been written to cache!
2025-06-19 15:30:31,219 - INFO - No cached data found for weather_data. Loading data...
2025-06-19 15:30:31,220 - INFO - Fetching weather data...
2025-06-19 15:30:31,629 - INFO - Data has been written to cache!
2025-06-19 15:30:31,630 - INFO - No cached data found for race_control_messages. Loading data...
2025-06-19 15:30:31,630 - INFO - Fetching race control messages...
2025-06-19 15:30:32,047 - INFO - Data has been written to cache!
2025-06-19 15:30:32,053 - WARNING - Driver 5 completed the race distance 00:00.190000 before the recorded end of the session.
2025-06-19 15:30:32,087 - INFO - Finished loading data for 20 drivers: ['44', '5', '16', '77', '33', '3', '27', '10', '18', '26', '55', '11', '99', '8', '7', '63', '20', '88', '23', '4']
2025-06-19 15:30:33,376 - INFO - [EXPORT OK] canadian_grand_prix
2025-06-19 15:30:33,400 - INFO - Loading data for French Grand Prix - Race [v3.5.3]
2025-06-19 15:30:33,402 - INFO - No cached data found for session_info. Loading data...
2025-06-19 15:30:33,403 - INFO - Fetching session info data...
2025-06-19 15:30:33,949 - INFO - Data has been written to cache!
2025-06-19 15:30:33,951 - INFO - No cached data found for driver_info. Loading data...
2025-06-19 15:30:33,954 - INFO - Fetching driver list...
2025-06-19 15:30:34,377 - INFO - Data has been written to cache!
2025-06-19 15:30:34,631 - INFO - No cached data found for session_status_data. Loading data...
2025-06-19 15:30:34,634 - INFO - Fetching session status data...
2025-06-19 15:30:35,005 - INFO - Data has been written to cache!
2025-06-19 15:30:35,010 - INFO - No cached data found for lap_count. Loading data...
2025-06-19 15:30:35,011 - INFO - Fetching lap count data...
2025-06-19 15:30:35,447 - INFO - Data has been written to cache!
2025-06-19 15:30:35,447 - INFO - No cached data found for track_status_data. Loading data...
2025-06-19 15:30:35,448 - INFO - Fetching track status data...
2025-06-19 15:30:35,774 - INFO - Data has been written to cache!
2025-06-19 15:30:35,775 - INFO - No cached data found for _extended_timing_data. Loading data...
2025-06-19 15:30:35,775 - INFO - Fetching timing data...
2025-06-19 15:30:36,620 - INFO - Parsing timing data...
2025-06-19 15:30:37,033 - INFO - Data has been written to cache!
2025-06-19 15:30:37,033 - INFO - No cached data found for timing_app_data. Loading data...
2025-06-19 15:30:37,034 - INFO - Fetching timing app data...
2025-06-19 15:30:37,804 - INFO - Data has been written to cache!
2025-06-19 15:30:37,805 - INFO - Processing timing data...
2025-06-19 15:30:38,412 - WARNING - Driver 27: Lap timing integrity check failed for 1 lap(s)
2025-06-19 15:30:38,663 - INFO - No cached data found for car_data. Loading data...
2025-06-19 15:30:38,664 - INFO - Fetching car data...
2025-06-19 15:30:39,788 - INFO - Parsing car data...
2025-06-19 15:30:42,158 - INFO - Data has been written to cache!
2025-06-19 15:30:42,162 - INFO - No cached data found for position_data. Loading data...
2025-06-19 15:30:42,163 - INFO - Fetching position data...
2025-06-19 15:30:43,214 - INFO - Parsing position data...
2025-06-19 15:30:47,099 - INFO - Data has been written to cache!
2025-06-19 15:30:48,247 - INFO - No cached data found for weather_data. Loading data...
2025-06-19 15:30:48,248 - INFO - Fetching weather data...
2025-06-19 15:30:48,638 - INFO - Data has been written to cache!
2025-06-19 15:30:48,640 - INFO - No cached data found for race_control_messages. Loading data...
2025-06-19 15:30:48,640 - INFO - Fetching race control messages...
2025-06-19 15:30:49,048 - INFO - Data has been written to cache!
2025-06-19 15:30:49,053 - WARNING - Driver 44 completed the race distance 00:00.126000 before the recorded end of the session.
2025-06-19 15:30:49,076 - INFO - Finished loading data for 20 drivers: ['44', '77', '16', '33', '5', '55', '7', '27', '4', '10', '3', '11', '18', '26', '23', '99', '20', '88', '63', '8']
2025-06-19 15:30:49,405 - INFO - [EXPORT OK] french_grand_prix
2025-06-19 15:30:49,414 - INFO - Loading data for Austrian Grand Prix - Race [v3.5.3]
2025-06-19 15:30:49,415 - INFO - No cached data found for session_info. Loading data...
2025-06-19 15:30:49,415 - INFO - Fetching session info data...
2025-06-19 15:30:49,900 - INFO - Data has been written to cache!
2025-06-19 15:30:49,900 - INFO - No cached data found for driver_info. Loading data...
2025-06-19 15:30:49,901 - INFO - Fetching driver list...
2025-06-19 15:30:50,357 - INFO - Data has been written to cache!
2025-06-19 15:30:50,580 - INFO - No cached data found for session_status_data. Loading data...
2025-06-19 15:30:50,581 - INFO - Fetching session status data...
2025-06-19 15:30:51,000 - INFO - Data has been written to cache!
2025-06-19 15:30:51,000 - INFO - No cached data found for lap_count. Loading data...
2025-06-19 15:30:51,001 - INFO - Fetching lap count data...
2025-06-19 15:30:51,386 - INFO - Data has been written to cache!
2025-06-19 15:30:51,387 - INFO - No cached data found for track_status_data. Loading data...
2025-06-19 15:30:51,387 - INFO - Fetching track status data...
2025-06-19 15:30:51,770 - INFO - Data has been written to cache!
2025-06-19 15:30:51,771 - INFO - No cached data found for _extended_timing_data. Loading data...
2025-06-19 15:30:51,771 - INFO - Fetching timing data...
2025-06-19 15:30:53,048 - INFO - Parsing timing data...
2025-06-19 15:30:53,567 - INFO - Data has been written to cache!
2025-06-19 15:30:53,568 - INFO - No cached data found for timing_app_data. Loading data...
2025-06-19 15:30:53,568 - INFO - Fetching timing app data...
2025-06-19 15:30:54,094 - INFO - Data has been written to cache!
2025-06-19 15:30:54,095 - INFO - Processing timing data...
2025-06-19 15:30:54,899 - INFO - No cached data found for car_data. Loading data...
2025-06-19 15:30:54,900 - INFO - Fetching car data...
2025-06-19 15:30:56,022 - INFO - Parsing car data...
2025-06-19 15:30:59,983 - INFO - Data has been written to cache!
2025-06-19 15:30:59,987 - INFO - No cached data found for position_data. Loading data...
2025-06-19 15:30:59,987 - INFO - Fetching position data...
2025-06-19 15:31:01,054 - INFO - Parsing position data...
2025-06-19 15:31:02,815 - INFO - Data has been written to cache!
2025-06-19 15:31:03,768 - INFO - No cached data found for weather_data. Loading data...
2025-06-19 15:31:03,769 - INFO - Fetching weather data...
2025-06-19 15:31:04,146 - INFO - Data has been written to cache!
2025-06-19 15:31:04,148 - INFO - No cached data found for race_control_messages. Loading data...
2025-06-19 15:31:04,148 - INFO - Fetching race control messages...
2025-06-19 15:31:04,521 - INFO - Data has been written to cache!
2025-06-19 15:31:04,527 - WARNING - Driver 33 completed the race distance 00:00.042000 before the recorded end of the session.
2025-06-19 15:31:04,550 - INFO - Finished loading data for 20 drivers: ['33', '16', '77', '5', '44', '4', '10', '55', '7', '99', '11', '3', '27', '18', '23', '8', '26', '63', '20', '88']
2025-06-19 15:31:04,958 - INFO - [EXPORT OK] austrian_grand_prix
2025-06-19 15:31:04,967 - INFO - Loading data for British Grand Prix - Race [v3.5.3]
2025-06-19 15:31:04,968 - INFO - No cached data found for session_info. Loading data...
2025-06-19 15:31:04,968 - INFO - Fetching session info data...
2025-06-19 15:31:05,374 - INFO - Data has been written to cache!
2025-06-19 15:31:05,378 - INFO - No cached data found for driver_info. Loading data...
2025-06-19 15:31:05,379 - INFO - Fetching driver list...
2025-06-19 15:31:05,815 - INFO - Data has been written to cache!
2025-06-19 15:31:06,255 - INFO - No cached data found for session_status_data. Loading data...
2025-06-19 15:31:06,268 - INFO - Fetching session status data...
2025-06-19 15:31:06,667 - INFO - Data has been written to cache!
2025-06-19 15:31:06,668 - INFO - No cached data found for lap_count. Loading data...
2025-06-19 15:31:06,669 - INFO - Fetching lap count data...
2025-06-19 15:31:07,009 - INFO - Data has been written to cache!
2025-06-19 15:31:07,012 - INFO - No cached data found for track_status_data. Loading data...
2025-06-19 15:31:07,013 - INFO - Fetching track status data...
2025-06-19 15:31:07,330 - INFO - Data has been written to cache!
2025-06-19 15:31:07,332 - INFO - No cached data found for _extended_timing_data. Loading data...
2025-06-19 15:31:07,333 - INFO - Fetching timing data...
2025-06-19 15:31:08,083 - INFO - Parsing timing data...
2025-06-19 15:31:08,642 - DEBUG - Failed to parse timedelta string '1 L'
Traceback (most recent call last):
  File "/Users/ompatel/Downloads/RacinglinAi/.venv/lib/python3.11/site-packages/fastf1/utils.py", line 169, in to_timedelta
    seconds=int(seconds), microseconds=int(msus)
            ^^^^^^^^^^^^
ValueError: invalid literal for int() with base 10: '1 L'
2025-06-19 15:31:08,667 - DEBUG - Failed to parse timedelta string '1 L'
Traceback (most recent call last):
  File "/Users/ompatel/Downloads/RacinglinAi/.venv/lib/python3.11/site-packages/fastf1/utils.py", line 169, in to_timedelta
    seconds=int(seconds), microseconds=int(msus)
            ^^^^^^^^^^^^
ValueError: invalid literal for int() with base 10: '1 L'
2025-06-19 15:31:08,689 - DEBUG - Failed to parse timedelta string '1 L'
Traceback (most recent call last):
  File "/Users/ompatel/Downloads/RacinglinAi/.venv/lib/python3.11/site-packages/fastf1/utils.py", line 169, in to_timedelta
    seconds=int(seconds), microseconds=int(msus)
            ^^^^^^^^^^^^
ValueError: invalid literal for int() with base 10: '1 L'
2025-06-19 15:31:08,743 - WARNING - Failed to align laps for drivers: ['20']
2025-06-19 15:31:08,767 - INFO - Data has been written to cache!
2025-06-19 15:31:08,768 - INFO - No cached data found for timing_app_data. Loading data...
2025-06-19 15:31:08,768 - INFO - Fetching timing app data...
2025-06-19 15:31:09,220 - INFO - Data has been written to cache!
2025-06-19 15:31:09,221 - INFO - Processing timing data...
2025-06-19 15:31:10,186 - INFO - No cached data found for car_data. Loading data...
2025-06-19 15:31:10,187 - INFO - Fetching car data...
2025-06-19 15:31:12,573 - INFO - Parsing car data...
2025-06-19 15:31:15,199 - INFO - Data has been written to cache!
2025-06-19 15:31:15,201 - INFO - No cached data found for position_data. Loading data...
2025-06-19 15:31:15,202 - INFO - Fetching position data...
2025-06-19 15:31:16,226 - INFO - Parsing position data...
2025-06-19 15:31:17,980 - INFO - Data has been written to cache!
2025-06-19 15:31:19,164 - INFO - No cached data found for weather_data. Loading data...
2025-06-19 15:31:19,165 - INFO - Fetching weather data...
2025-06-19 15:31:19,603 - INFO - Data has been written to cache!
2025-06-19 15:31:19,604 - INFO - No cached data found for race_control_messages. Loading data...
2025-06-19 15:31:19,604 - INFO - Fetching race control messages...
2025-06-19 15:31:20,022 - INFO - Data has been written to cache!
2025-06-19 15:31:20,034 - WARNING - Driver 44 completed the race distance 00:00.042000 before the recorded end of the session.
2025-06-19 15:31:20,111 - INFO - Finished loading data for 20 drivers: ['44', '77', '16', '10', '33', '55', '3', '7', '26', '27', '4', '23', '18', '63', '88', '5', '11', '99', '8', '20']
2025-06-19 15:31:20,609 - INFO - [EXPORT OK] british_grand_prix
2025-06-19 15:31:20,633 - INFO - Loading data for German Grand Prix - Race [v3.5.3]
2025-06-19 15:31:20,635 - INFO - No cached data found for session_info. Loading data...
2025-06-19 15:31:20,636 - INFO - Fetching session info data...
2025-06-19 15:31:20,977 - INFO - Data has been written to cache!
2025-06-19 15:31:20,979 - INFO - No cached data found for driver_info. Loading data...
2025-06-19 15:31:20,980 - INFO - Fetching driver list...
2025-06-19 15:31:21,329 - INFO - Data has been written to cache!
2025-06-19 15:31:21,568 - INFO - No cached data found for session_status_data. Loading data...
2025-06-19 15:31:21,569 - INFO - Fetching session status data...
2025-06-19 15:31:21,959 - INFO - Data has been written to cache!
2025-06-19 15:31:21,960 - INFO - No cached data found for lap_count. Loading data...
2025-06-19 15:31:21,960 - INFO - Fetching lap count data...
2025-06-19 15:31:22,287 - INFO - Data has been written to cache!
2025-06-19 15:31:22,288 - INFO - No cached data found for track_status_data. Loading data...
2025-06-19 15:31:22,288 - INFO - Fetching track status data...
2025-06-19 15:31:22,638 - INFO - Data has been written to cache!
2025-06-19 15:31:22,655 - INFO - No cached data found for _extended_timing_data. Loading data...
2025-06-19 15:31:22,656 - INFO - Fetching timing data...
2025-06-19 15:31:24,653 - INFO - Parsing timing data...
2025-06-19 15:31:25,320 - WARNING - Failed to align laps for drivers: ['11']
2025-06-19 15:31:25,390 - INFO - Data has been written to cache!
2025-06-19 15:31:25,390 - INFO - No cached data found for timing_app_data. Loading data...
2025-06-19 15:31:25,391 - INFO - Fetching timing app data...
2025-06-19 15:31:25,883 - INFO - Data has been written to cache!
2025-06-19 15:31:25,884 - INFO - Processing timing data...
2025-06-19 15:31:27,443 - INFO - No cached data found for car_data. Loading data...
2025-06-19 15:31:27,444 - INFO - Fetching car data...
2025-06-19 15:31:28,527 - INFO - Parsing car data...
2025-06-19 15:31:32,489 - INFO - Data has been written to cache!
2025-06-19 15:31:32,493 - INFO - No cached data found for position_data. Loading data...
2025-06-19 15:31:32,493 - INFO - Fetching position data...
2025-06-19 15:31:33,581 - INFO - Parsing position data...
2025-06-19 15:31:41,442 - INFO - Data has been written to cache!
2025-06-19 15:31:44,335 - INFO - No cached data found for weather_data. Loading data...
2025-06-19 15:31:44,348 - INFO - Fetching weather data...
2025-06-19 15:31:44,760 - INFO - Data has been written to cache!
2025-06-19 15:31:44,769 - INFO - No cached data found for race_control_messages. Loading data...
2025-06-19 15:31:44,769 - INFO - Fetching race control messages...
2025-06-19 15:31:45,276 - INFO - Data has been written to cache!
2025-06-19 15:31:45,296 - WARNING - Driver 33 completed the race distance 00:00.090000 before the recorded end of the session.
2025-06-19 15:31:45,695 - INFO - Finished loading data for 20 drivers: ['33', '5', '26', '18', '55', '23', '8', '20', '44', '88', '63', '7', '99', '10', '77', '27', '16', '4', '3', '11']
2025-06-19 15:31:46,609 - INFO - [EXPORT OK] german_grand_prix
2025-06-19 15:31:46,660 - INFO - Loading data for Hungarian Grand Prix - Race [v3.5.3]
2025-06-19 15:31:46,661 - INFO - No cached data found for session_info. Loading data...
2025-06-19 15:31:46,662 - INFO - Fetching session info data...
2025-06-19 15:31:47,033 - INFO - Data has been written to cache!
2025-06-19 15:31:47,034 - INFO - No cached data found for driver_info. Loading data...
2025-06-19 15:31:47,035 - INFO - Fetching driver list...
2025-06-19 15:31:47,686 - INFO - Data has been written to cache!
2025-06-19 15:31:48,128 - INFO - No cached data found for session_status_data. Loading data...
2025-06-19 15:31:48,129 - INFO - Fetching session status data...
2025-06-19 15:31:48,468 - INFO - Data has been written to cache!
2025-06-19 15:31:48,483 - INFO - No cached data found for lap_count. Loading data...
2025-06-19 15:31:48,483 - INFO - Fetching lap count data...
2025-06-19 15:31:48,832 - INFO - Data has been written to cache!
2025-06-19 15:31:48,833 - INFO - No cached data found for track_status_data. Loading data...
2025-06-19 15:31:48,834 - INFO - Fetching track status data...
2025-06-19 15:31:49,194 - INFO - Data has been written to cache!
2025-06-19 15:31:49,196 - INFO - No cached data found for _extended_timing_data. Loading data...
2025-06-19 15:31:49,196 - INFO - Fetching timing data...
2025-06-19 15:31:52,336 - INFO - Parsing timing data...
2025-06-19 15:31:53,906 - INFO - Data has been written to cache!
2025-06-19 15:31:53,929 - INFO - No cached data found for timing_app_data. Loading data...
2025-06-19 15:31:53,930 - INFO - Fetching timing app data...
2025-06-19 15:31:54,381 - INFO - Data has been written to cache!
2025-06-19 15:31:54,382 - INFO - Processing timing data...
2025-06-19 15:31:55,817 - INFO - No cached data found for car_data. Loading data...
2025-06-19 15:31:55,819 - INFO - Fetching car data...
2025-06-19 15:31:56,861 - INFO - Parsing car data...
2025-06-19 15:32:01,182 - INFO - Data has been written to cache!
2025-06-19 15:32:01,187 - INFO - No cached data found for position_data. Loading data...
2025-06-19 15:32:01,188 - INFO - Fetching position data...
2025-06-19 15:32:02,243 - INFO - Parsing position data...
2025-06-19 15:32:07,741 - INFO - Data has been written to cache!
2025-06-19 15:32:09,477 - INFO - No cached data found for weather_data. Loading data...
2025-06-19 15:32:09,478 - INFO - Fetching weather data...
2025-06-19 15:32:09,879 - INFO - Data has been written to cache!
2025-06-19 15:32:09,881 - INFO - No cached data found for race_control_messages. Loading data...
2025-06-19 15:32:09,882 - INFO - Fetching race control messages...
2025-06-19 15:32:10,220 - INFO - Data has been written to cache!
2025-06-19 15:32:10,228 - WARNING - Driver 44 completed the race distance 00:00.069000 before the recorded end of the session.
2025-06-19 15:32:10,260 - INFO - Finished loading data for 20 drivers: ['44', '33', '5', '16', '55', '10', '7', '77', '4', '23', '11', '27', '20', '3', '26', '63', '18', '99', '88', '8']
2025-06-19 15:32:11,143 - INFO - [EXPORT OK] hungarian_grand_prix
2025-06-19 15:32:11,154 - INFO - Loading data for Belgian Grand Prix - Race [v3.5.3]
2025-06-19 15:32:11,154 - INFO - No cached data found for session_info. Loading data...
2025-06-19 15:32:11,155 - INFO - Fetching session info data...
2025-06-19 15:32:11,488 - INFO - Data has been written to cache!
2025-06-19 15:32:11,488 - INFO - No cached data found for driver_info. Loading data...
2025-06-19 15:32:11,489 - INFO - Fetching driver list...
2025-06-19 15:32:11,844 - INFO - Data has been written to cache!
2025-06-19 15:32:11,981 - INFO - No cached data found for session_status_data. Loading data...
2025-06-19 15:32:11,982 - INFO - Fetching session status data...
2025-06-19 15:32:12,468 - INFO - Data has been written to cache!
2025-06-19 15:32:12,471 - INFO - No cached data found for lap_count. Loading data...
2025-06-19 15:32:12,471 - INFO - Fetching lap count data...
2025-06-19 15:32:12,847 - INFO - Data has been written to cache!
2025-06-19 15:32:12,848 - INFO - No cached data found for track_status_data. Loading data...
2025-06-19 15:32:12,849 - INFO - Fetching track status data...
2025-06-19 15:32:13,225 - INFO - Data has been written to cache!
2025-06-19 15:32:13,227 - INFO - No cached data found for _extended_timing_data. Loading data...
2025-06-19 15:32:13,228 - INFO - Fetching timing data...
2025-06-19 15:32:14,272 - INFO - Parsing timing data...
2025-06-19 15:32:14,689 - WARNING - Failed to align laps for drivers: ['55']
2025-06-19 15:32:14,712 - INFO - Data has been written to cache!
2025-06-19 15:32:14,712 - INFO - No cached data found for timing_app_data. Loading data...
2025-06-19 15:32:14,713 - INFO - Fetching timing app data...
2025-06-19 15:32:15,217 - INFO - Data has been written to cache!
2025-06-19 15:32:15,218 - INFO - Processing timing data...
2025-06-19 15:32:17,855 - INFO - No cached data found for car_data. Loading data...
2025-06-19 15:32:17,864 - INFO - Fetching car data...
2025-06-19 15:32:19,064 - INFO - Parsing car data...
2025-06-19 15:32:22,223 - INFO - Data has been written to cache!
2025-06-19 15:32:22,229 - INFO - No cached data found for position_data. Loading data...
2025-06-19 15:32:22,231 - INFO - Fetching position data...
2025-06-19 15:32:23,340 - INFO - Parsing position data...
2025-06-19 15:32:25,251 - INFO - Data has been written to cache!
2025-06-19 15:32:26,604 - INFO - No cached data found for weather_data. Loading data...
2025-06-19 15:32:26,604 - INFO - Fetching weather data...
2025-06-19 15:32:26,974 - INFO - Data has been written to cache!
2025-06-19 15:32:26,975 - INFO - No cached data found for race_control_messages. Loading data...
2025-06-19 15:32:26,975 - INFO - Fetching race control messages...
2025-06-19 15:32:27,317 - INFO - Data has been written to cache!
2025-06-19 15:32:27,345 - WARNING - Driver 16 completed the race distance 00:00.211000 before the recorded end of the session.
2025-06-19 15:32:27,419 - INFO - Finished loading data for 20 drivers: ['16', '44', '77', '5', '23', '11', '26', '27', '10', '18', '4', '20', '8', '3', '63', '7', '88', '99', '55', '33']
2025-06-19 15:32:28,855 - INFO - [EXPORT OK] belgian_grand_prix
2025-06-19 15:32:28,924 - INFO - Loading data for Italian Grand Prix - Race [v3.5.3]
2025-06-19 15:32:28,926 - INFO - No cached data found for session_info. Loading data...
2025-06-19 15:32:28,927 - INFO - Fetching session info data...
2025-06-19 15:32:29,436 - INFO - Data has been written to cache!
2025-06-19 15:32:29,442 - INFO - No cached data found for driver_info. Loading data...
2025-06-19 15:32:29,444 - INFO - Fetching driver list...
2025-06-19 15:32:29,938 - INFO - Data has been written to cache!
2025-06-19 15:32:30,414 - INFO - No cached data found for session_status_data. Loading data...
2025-06-19 15:32:30,417 - INFO - Fetching session status data...
2025-06-19 15:32:30,763 - INFO - Data has been written to cache!
2025-06-19 15:32:30,764 - INFO - No cached data found for lap_count. Loading data...
2025-06-19 15:32:30,765 - INFO - Fetching lap count data...
2025-06-19 15:32:31,096 - INFO - Data has been written to cache!
2025-06-19 15:32:31,097 - INFO - No cached data found for track_status_data. Loading data...
2025-06-19 15:32:31,097 - INFO - Fetching track status data...
2025-06-19 15:32:31,499 - INFO - Data has been written to cache!
2025-06-19 15:32:31,501 - INFO - No cached data found for _extended_timing_data. Loading data...
2025-06-19 15:32:31,502 - INFO - Fetching timing data...
2025-06-19 15:32:32,568 - INFO - Parsing timing data...
2025-06-19 15:32:33,050 - INFO - Data has been written to cache!
2025-06-19 15:32:33,051 - INFO - No cached data found for timing_app_data. Loading data...
2025-06-19 15:32:33,051 - INFO - Fetching timing app data...
2025-06-19 15:32:33,610 - INFO - Data has been written to cache!
2025-06-19 15:32:33,611 - INFO - Processing timing data...
2025-06-19 15:32:34,366 - INFO - No cached data found for car_data. Loading data...
2025-06-19 15:32:34,367 - INFO - Fetching car data...
2025-06-19 15:32:35,492 - INFO - Parsing car data...
2025-06-19 15:32:38,295 - INFO - Data has been written to cache!
2025-06-19 15:32:38,307 - INFO - No cached data found for position_data. Loading data...
2025-06-19 15:32:38,308 - INFO - Fetching position data...
2025-06-19 15:32:39,390 - INFO - Parsing position data...
2025-06-19 15:32:43,698 - INFO - Data has been written to cache!
2025-06-19 15:32:45,034 - INFO - No cached data found for weather_data. Loading data...
2025-06-19 15:32:45,034 - INFO - Fetching weather data...
2025-06-19 15:32:45,413 - INFO - Data has been written to cache!
2025-06-19 15:32:45,414 - INFO - No cached data found for race_control_messages. Loading data...
2025-06-19 15:32:45,415 - INFO - Fetching race control messages...
2025-06-19 15:32:45,751 - INFO - Data has been written to cache!
2025-06-19 15:32:45,754 - WARNING - Driver 16 completed the race distance 00:00.092000 before the recorded end of the session.
2025-06-19 15:32:45,787 - INFO - Finished loading data for 20 drivers: ['16', '77', '44', '3', '27', '23', '11', '33', '99', '4', '10', '18', '5', '63', '7', '8', '88', '20', '26', '55']
2025-06-19 15:32:46,267 - INFO - [EXPORT OK] italian_grand_prix
2025-06-19 15:32:46,284 - INFO - Loading data for Singapore Grand Prix - Race [v3.5.3]
2025-06-19 15:32:46,286 - INFO - No cached data found for session_info. Loading data...
2025-06-19 15:32:46,286 - INFO - Fetching session info data...
2025-06-19 15:32:46,639 - INFO - Data has been written to cache!
2025-06-19 15:32:46,640 - INFO - No cached data found for driver_info. Loading data...
2025-06-19 15:32:46,640 - INFO - Fetching driver list...
2025-06-19 15:32:46,986 - INFO - Data has been written to cache!
2025-06-19 15:32:47,196 - INFO - No cached data found for session_status_data. Loading data...
2025-06-19 15:32:47,198 - INFO - Fetching session status data...
2025-06-19 15:32:47,645 - INFO - Data has been written to cache!
2025-06-19 15:32:47,646 - INFO - No cached data found for lap_count. Loading data...
2025-06-19 15:32:47,647 - INFO - Fetching lap count data...
2025-06-19 15:32:48,045 - INFO - Data has been written to cache!
2025-06-19 15:32:48,046 - INFO - No cached data found for track_status_data. Loading data...
2025-06-19 15:32:48,047 - INFO - Fetching track status data...
2025-06-19 15:32:48,502 - INFO - Data has been written to cache!
2025-06-19 15:32:48,510 - INFO - No cached data found for _extended_timing_data. Loading data...
2025-06-19 15:32:48,510 - INFO - Fetching timing data...
2025-06-19 15:32:49,784 - INFO - Parsing timing data...
2025-06-19 15:32:50,445 - DEBUG - Failed to parse timedelta string '1 L'
Traceback (most recent call last):
  File "/Users/ompatel/Downloads/RacinglinAi/.venv/lib/python3.11/site-packages/fastf1/utils.py", line 169, in to_timedelta
    seconds=int(seconds), microseconds=int(msus)
            ^^^^^^^^^^^^
ValueError: invalid literal for int() with base 10: '1 L'
2025-06-19 15:32:50,478 - DEBUG - Failed to parse timedelta string '1 L'
Traceback (most recent call last):
  File "/Users/ompatel/Downloads/RacinglinAi/.venv/lib/python3.11/site-packages/fastf1/utils.py", line 169, in to_timedelta
    seconds=int(seconds), microseconds=int(msus)
            ^^^^^^^^^^^^
ValueError: invalid literal for int() with base 10: '1 L'
2025-06-19 15:32:50,504 - DEBUG - Failed to parse timedelta string '1 L'
Traceback (most recent call last):
  File "/Users/ompatel/Downloads/RacinglinAi/.venv/lib/python3.11/site-packages/fastf1/utils.py", line 169, in to_timedelta
    seconds=int(seconds), microseconds=int(msus)
            ^^^^^^^^^^^^
ValueError: invalid literal for int() with base 10: '1 L'
2025-06-19 15:32:50,538 - DEBUG - Failed to parse timedelta string '1 L'
Traceback (most recent call last):
  File "/Users/ompatel/Downloads/RacinglinAi/.venv/lib/python3.11/site-packages/fastf1/utils.py", line 169, in to_timedelta
    seconds=int(seconds), microseconds=int(msus)
            ^^^^^^^^^^^^
ValueError: invalid literal for int() with base 10: '1 L'
2025-06-19 15:32:50,564 - DEBUG - Failed to parse timedelta string '1 L'
Traceback (most recent call last):
  File "/Users/ompatel/Downloads/RacinglinAi/.venv/lib/python3.11/site-packages/fastf1/utils.py", line 169, in to_timedelta
    seconds=int(seconds), microseconds=int(msus)
            ^^^^^^^^^^^^
ValueError: invalid literal for int() with base 10: '1 L'
2025-06-19 15:32:50,595 - DEBUG - Failed to parse timedelta string '1 L'
Traceback (most recent call last):
  File "/Users/ompatel/Downloads/RacinglinAi/.venv/lib/python3.11/site-packages/fastf1/utils.py", line 169, in to_timedelta
    seconds=int(seconds), microseconds=int(msus)
            ^^^^^^^^^^^^
ValueError: invalid literal for int() with base 10: '1 L'
2025-06-19 15:32:50,621 - DEBUG - Failed to parse timedelta string '1 L'
Traceback (most recent call last):
  File "/Users/ompatel/Downloads/RacinglinAi/.venv/lib/python3.11/site-packages/fastf1/utils.py", line 169, in to_timedelta
    seconds=int(seconds), microseconds=int(msus)
            ^^^^^^^^^^^^
ValueError: invalid literal for int() with base 10: '1 L'
2025-06-19 15:32:50,648 - DEBUG - Failed to parse timedelta string '1 L'
Traceback (most recent call last):
  File "/Users/ompatel/Downloads/RacinglinAi/.venv/lib/python3.11/site-packages/fastf1/utils.py", line 169, in to_timedelta
    seconds=int(seconds), microseconds=int(msus)
            ^^^^^^^^^^^^
ValueError: invalid literal for int() with base 10: '1 L'
2025-06-19 15:32:50,682 - DEBUG - Failed to parse timedelta string '1 L'
Traceback (most recent call last):
  File "/Users/ompatel/Downloads/RacinglinAi/.venv/lib/python3.11/site-packages/fastf1/utils.py", line 169, in to_timedelta
    seconds=int(seconds), microseconds=int(msus)
            ^^^^^^^^^^^^
ValueError: invalid literal for int() with base 10: '1 L'
2025-06-19 15:32:50,709 - DEBUG - Failed to parse timedelta string '1 L'
Traceback (most recent call last):
  File "/Users/ompatel/Downloads/RacinglinAi/.venv/lib/python3.11/site-packages/fastf1/utils.py", line 169, in to_timedelta
    seconds=int(seconds), microseconds=int(msus)
            ^^^^^^^^^^^^
ValueError: invalid literal for int() with base 10: '1 L'
2025-06-19 15:32:50,733 - DEBUG - Failed to parse timedelta string '1 L'
Traceback (most recent call last):
  File "/Users/ompatel/Downloads/RacinglinAi/.venv/lib/python3.11/site-packages/fastf1/utils.py", line 169, in to_timedelta
    seconds=int(seconds), microseconds=int(msus)
            ^^^^^^^^^^^^
ValueError: invalid literal for int() with base 10: '1 L'
2025-06-19 15:32:50,756 - DEBUG - Failed to parse timedelta string '1 L'
Traceback (most recent call last):
  File "/Users/ompatel/Downloads/RacinglinAi/.venv/lib/python3.11/site-packages/fastf1/utils.py", line 169, in to_timedelta
    seconds=int(seconds), microseconds=int(msus)
            ^^^^^^^^^^^^
ValueError: invalid literal for int() with base 10: '1 L'
2025-06-19 15:32:50,781 - DEBUG - Failed to parse timedelta string '1 L'
Traceback (most recent call last):
  File "/Users/ompatel/Downloads/RacinglinAi/.venv/lib/python3.11/site-packages/fastf1/utils.py", line 169, in to_timedelta
    seconds=int(seconds), microseconds=int(msus)
            ^^^^^^^^^^^^
ValueError: invalid literal for int() with base 10: '1 L'
2025-06-19 15:32:50,808 - DEBUG - Failed to parse timedelta string '1 L'
Traceback (most recent call last):
  File "/Users/ompatel/Downloads/RacinglinAi/.venv/lib/python3.11/site-packages/fastf1/utils.py", line 169, in to_timedelta
    seconds=int(seconds), microseconds=int(msus)
            ^^^^^^^^^^^^
ValueError: invalid literal for int() with base 10: '1 L'
2025-06-19 15:32:50,835 - DEBUG - Failed to parse timedelta string '1 L'
Traceback (most recent call last):
  File "/Users/ompatel/Downloads/RacinglinAi/.venv/lib/python3.11/site-packages/fastf1/utils.py", line 169, in to_timedelta
    seconds=int(seconds), microseconds=int(msus)
            ^^^^^^^^^^^^
ValueError: invalid literal for int() with base 10: '1 L'
2025-06-19 15:32:50,861 - DEBUG - Failed to parse timedelta string '1 L'
Traceback (most recent call last):
  File "/Users/ompatel/Downloads/RacinglinAi/.venv/lib/python3.11/site-packages/fastf1/utils.py", line 169, in to_timedelta
    seconds=int(seconds), microseconds=int(msus)
            ^^^^^^^^^^^^
ValueError: invalid literal for int() with base 10: '1 L'
2025-06-19 15:32:50,882 - DEBUG - Failed to parse timedelta string '1 L'
Traceback (most recent call last):
  File "/Users/ompatel/Downloads/RacinglinAi/.venv/lib/python3.11/site-packages/fastf1/utils.py", line 169, in to_timedelta
    seconds=int(seconds), microseconds=int(msus)
            ^^^^^^^^^^^^
ValueError: invalid literal for int() with base 10: '1 L'
2025-06-19 15:32:50,905 - DEBUG - Failed to parse timedelta string '1 L'
Traceback (most recent call last):
  File "/Users/ompatel/Downloads/RacinglinAi/.venv/lib/python3.11/site-packages/fastf1/utils.py", line 169, in to_timedelta
    seconds=int(seconds), microseconds=int(msus)
            ^^^^^^^^^^^^
ValueError: invalid literal for int() with base 10: '1 L'
2025-06-19 15:32:50,928 - DEBUG - Failed to parse timedelta string '1 L'
Traceback (most recent call last):
  File "/Users/ompatel/Downloads/RacinglinAi/.venv/lib/python3.11/site-packages/fastf1/utils.py", line 169, in to_timedelta
    seconds=int(seconds), microseconds=int(msus)
            ^^^^^^^^^^^^
ValueError: invalid literal for int() with base 10: '1 L'
2025-06-19 15:32:50,953 - DEBUG - Failed to parse timedelta string '1 L'
Traceback (most recent call last):
  File "/Users/ompatel/Downloads/RacinglinAi/.venv/lib/python3.11/site-packages/fastf1/utils.py", line 169, in to_timedelta
    seconds=int(seconds), microseconds=int(msus)
            ^^^^^^^^^^^^
ValueError: invalid literal for int() with base 10: '1 L'
2025-06-19 15:32:50,981 - DEBUG - Failed to parse timedelta string '1 L'
Traceback (most recent call last):
  File "/Users/ompatel/Downloads/RacinglinAi/.venv/lib/python3.11/site-packages/fastf1/utils.py", line 169, in to_timedelta
    seconds=int(seconds), microseconds=int(msus)
            ^^^^^^^^^^^^
ValueError: invalid literal for int() with base 10: '1 L'
2025-06-19 15:32:51,009 - DEBUG - Failed to parse timedelta string '1 L'
Traceback (most recent call last):
  File "/Users/ompatel/Downloads/RacinglinAi/.venv/lib/python3.11/site-packages/fastf1/utils.py", line 169, in to_timedelta
    seconds=int(seconds), microseconds=int(msus)
            ^^^^^^^^^^^^
ValueError: invalid literal for int() with base 10: '1 L'
2025-06-19 15:32:51,042 - DEBUG - Failed to parse timedelta string '1 L'
Traceback (most recent call last):
  File "/Users/ompatel/Downloads/RacinglinAi/.venv/lib/python3.11/site-packages/fastf1/utils.py", line 169, in to_timedelta
    seconds=int(seconds), microseconds=int(msus)
            ^^^^^^^^^^^^
ValueError: invalid literal for int() with base 10: '1 L'
2025-06-19 15:32:51,074 - DEBUG - Failed to parse timedelta string '1 L'
Traceback (most recent call last):
  File "/Users/ompatel/Downloads/RacinglinAi/.venv/lib/python3.11/site-packages/fastf1/utils.py", line 169, in to_timedelta
    seconds=int(seconds), microseconds=int(msus)
            ^^^^^^^^^^^^
ValueError: invalid literal for int() with base 10: '1 L'
2025-06-19 15:32:51,107 - DEBUG - Failed to parse timedelta string '1 L'
Traceback (most recent call last):
  File "/Users/ompatel/Downloads/RacinglinAi/.venv/lib/python3.11/site-packages/fastf1/utils.py", line 169, in to_timedelta
    seconds=int(seconds), microseconds=int(msus)
            ^^^^^^^^^^^^
ValueError: invalid literal for int() with base 10: '1 L'
2025-06-19 15:32:51,136 - DEBUG - Failed to parse timedelta string '1 L'
Traceback (most recent call last):
  File "/Users/ompatel/Downloads/RacinglinAi/.venv/lib/python3.11/site-packages/fastf1/utils.py", line 169, in to_timedelta
    seconds=int(seconds), microseconds=int(msus)
            ^^^^^^^^^^^^
ValueError: invalid literal for int() with base 10: '1 L'
2025-06-19 15:32:51,175 - DEBUG - Failed to parse timedelta string '1 L'
Traceback (most recent call last):
  File "/Users/ompatel/Downloads/RacinglinAi/.venv/lib/python3.11/site-packages/fastf1/utils.py", line 169, in to_timedelta
    seconds=int(seconds), microseconds=int(msus)
            ^^^^^^^^^^^^
ValueError: invalid literal for int() with base 10: '1 L'
2025-06-19 15:32:51,209 - DEBUG - Failed to parse timedelta string '1 L'
Traceback (most recent call last):
  File "/Users/ompatel/Downloads/RacinglinAi/.venv/lib/python3.11/site-packages/fastf1/utils.py", line 169, in to_timedelta
    seconds=int(seconds), microseconds=int(msus)
            ^^^^^^^^^^^^
ValueError: invalid literal for int() with base 10: '1 L'
2025-06-19 15:32:51,251 - DEBUG - Failed to parse timedelta string '1 L'
Traceback (most recent call last):
  File "/Users/ompatel/Downloads/RacinglinAi/.venv/lib/python3.11/site-packages/fastf1/utils.py", line 169, in to_timedelta
    seconds=int(seconds), microseconds=int(msus)
            ^^^^^^^^^^^^
ValueError: invalid literal for int() with base 10: '1 L'
2025-06-19 15:32:51,288 - DEBUG - Failed to parse timedelta string '1 L'
Traceback (most recent call last):
  File "/Users/ompatel/Downloads/RacinglinAi/.venv/lib/python3.11/site-packages/fastf1/utils.py", line 169, in to_timedelta
    seconds=int(seconds), microseconds=int(msus)
            ^^^^^^^^^^^^
ValueError: invalid literal for int() with base 10: '1 L'
2025-06-19 15:32:51,329 - DEBUG - Failed to parse timedelta string '1 L'
Traceback (most recent call last):
  File "/Users/ompatel/Downloads/RacinglinAi/.venv/lib/python3.11/site-packages/fastf1/utils.py", line 169, in to_timedelta
    seconds=int(seconds), microseconds=int(msus)
            ^^^^^^^^^^^^
ValueError: invalid literal for int() with base 10: '1 L'
2025-06-19 15:32:51,384 - DEBUG - Failed to parse timedelta string '1 L'
Traceback (most recent call last):
  File "/Users/ompatel/Downloads/RacinglinAi/.venv/lib/python3.11/site-packages/fastf1/utils.py", line 169, in to_timedelta
    seconds=int(seconds), microseconds=int(msus)
            ^^^^^^^^^^^^
ValueError: invalid literal for int() with base 10: '1 L'
2025-06-19 15:32:51,435 - WARNING - Failed to align laps for drivers: ['55']
2025-06-19 15:32:51,512 - INFO - Data has been written to cache!
2025-06-19 15:32:51,515 - INFO - No cached data found for timing_app_data. Loading data...
2025-06-19 15:32:51,517 - INFO - Fetching timing app data...
2025-06-19 15:32:52,924 - INFO - Data has been written to cache!
2025-06-19 15:32:52,934 - INFO - Processing timing data...
2025-06-19 15:32:54,654 - WARNING - Driver 18: Lap timing integrity check failed for 1 lap(s)
2025-06-19 15:32:54,945 - INFO - No cached data found for car_data. Loading data...
2025-06-19 15:32:54,946 - INFO - Fetching car data...
2025-06-19 15:32:56,133 - INFO - Parsing car data...
2025-06-19 15:33:00,355 - INFO - Data has been written to cache!
2025-06-19 15:33:00,361 - INFO - No cached data found for position_data. Loading data...
2025-06-19 15:33:00,361 - INFO - Fetching position data...
2025-06-19 15:33:01,835 - INFO - Parsing position data...
2025-06-19 15:33:07,400 - INFO - Data has been written to cache!
2025-06-19 15:33:09,181 - INFO - No cached data found for weather_data. Loading data...
2025-06-19 15:33:09,182 - INFO - Fetching weather data...
2025-06-19 15:33:09,553 - INFO - Data has been written to cache!
2025-06-19 15:33:09,556 - INFO - No cached data found for race_control_messages. Loading data...
2025-06-19 15:33:09,556 - INFO - Fetching race control messages...
2025-06-19 15:33:09,996 - INFO - Data has been written to cache!
2025-06-19 15:33:10,006 - WARNING - Driver 5 completed the race distance 00:00.171000 before the recorded end of the session.
2025-06-19 15:33:10,124 - INFO - Finished loading data for 20 drivers: ['5', '16', '33', '44', '77', '23', '4', '10', '27', '99', '8', '55', '18', '3', '26', '88', '20', '7', '11', '63']
2025-06-19 15:33:10,677 - INFO - [EXPORT OK] singapore_grand_prix
2025-06-19 15:33:10,689 - INFO - Loading data for Russian Grand Prix - Race [v3.5.3]
2025-06-19 15:33:10,691 - INFO - No cached data found for session_info. Loading data...
2025-06-19 15:33:10,691 - INFO - Fetching session info data...
2025-06-19 15:33:11,107 - INFO - Data has been written to cache!
2025-06-19 15:33:11,108 - INFO - No cached data found for driver_info. Loading data...
2025-06-19 15:33:11,109 - INFO - Fetching driver list...
2025-06-19 15:33:11,536 - INFO - Data has been written to cache!
2025-06-19 15:33:11,983 - INFO - No cached data found for session_status_data. Loading data...
2025-06-19 15:33:11,984 - INFO - Fetching session status data...
2025-06-19 15:33:12,367 - INFO - Data has been written to cache!
2025-06-19 15:33:12,377 - INFO - No cached data found for lap_count. Loading data...
2025-06-19 15:33:12,378 - INFO - Fetching lap count data...
2025-06-19 15:33:12,712 - INFO - Data has been written to cache!
2025-06-19 15:33:12,713 - INFO - No cached data found for track_status_data. Loading data...
2025-06-19 15:33:12,713 - INFO - Fetching track status data...
2025-06-19 15:33:13,044 - INFO - Data has been written to cache!
2025-06-19 15:33:13,045 - INFO - No cached data found for _extended_timing_data. Loading data...
2025-06-19 15:33:13,046 - INFO - Fetching timing data...
2025-06-19 15:33:14,221 - INFO - Parsing timing data...
2025-06-19 15:33:14,736 - INFO - Data has been written to cache!
2025-06-19 15:33:14,736 - INFO - No cached data found for timing_app_data. Loading data...
2025-06-19 15:33:14,736 - INFO - Fetching timing app data...
2025-06-19 15:33:15,317 - INFO - Data has been written to cache!
2025-06-19 15:33:15,318 - INFO - Processing timing data...
2025-06-19 15:33:16,985 - INFO - No cached data found for car_data. Loading data...
2025-06-19 15:33:17,002 - INFO - Fetching car data...
2025-06-19 15:33:18,185 - INFO - Parsing car data...
2025-06-19 15:33:21,477 - INFO - Data has been written to cache!
2025-06-19 15:33:21,487 - INFO - No cached data found for position_data. Loading data...
2025-06-19 15:33:21,488 - INFO - Fetching position data...
2025-06-19 15:33:22,525 - INFO - Parsing position data...
2025-06-19 15:33:24,276 - INFO - Data has been written to cache!
2025-06-19 15:33:25,665 - INFO - No cached data found for weather_data. Loading data...
2025-06-19 15:33:25,666 - INFO - Fetching weather data...
2025-06-19 15:33:26,261 - INFO - Data has been written to cache!
2025-06-19 15:33:26,264 - INFO - No cached data found for race_control_messages. Loading data...
2025-06-19 15:33:26,264 - INFO - Fetching race control messages...
2025-06-19 15:33:26,606 - INFO - Data has been written to cache!
2025-06-19 15:33:26,610 - WARNING - Driver 44 completed the race distance 00:00.308000 before the recorded end of the session.
2025-06-19 15:33:26,633 - INFO - Finished loading data for 20 drivers: ['44', '77', '16', '33', '23', '55', '11', '4', '20', '27', '18', '26', '7', '10', '99', '88', '63', '5', '3', '8']
2025-06-19 15:33:27,096 - INFO - [EXPORT OK] russian_grand_prix
2025-06-19 15:33:27,212 - INFO - Loading data for Japanese Grand Prix - Race [v3.5.3]
2025-06-19 15:33:27,213 - INFO - No cached data found for session_info. Loading data...
2025-06-19 15:33:27,214 - INFO - Fetching session info data...
2025-06-19 15:33:28,172 - INFO - Data has been written to cache!
2025-06-19 15:33:28,546 - INFO - No cached data found for driver_info. Loading data...
2025-06-19 15:33:28,549 - INFO - Fetching driver list...
2025-06-19 15:33:29,086 - INFO - Data has been written to cache!
2025-06-19 15:33:29,321 - INFO - No cached data found for session_status_data. Loading data...
2025-06-19 15:33:29,322 - INFO - Fetching session status data...
2025-06-19 15:33:29,726 - INFO - Data has been written to cache!
2025-06-19 15:33:29,735 - INFO - No cached data found for lap_count. Loading data...
2025-06-19 15:33:29,736 - INFO - Fetching lap count data...
2025-06-19 15:33:30,136 - INFO - Data has been written to cache!
2025-06-19 15:33:30,137 - INFO - No cached data found for track_status_data. Loading data...
2025-06-19 15:33:30,139 - INFO - Fetching track status data...
2025-06-19 15:33:30,482 - INFO - Data has been written to cache!
2025-06-19 15:33:30,485 - INFO - No cached data found for _extended_timing_data. Loading data...
2025-06-19 15:33:30,486 - INFO - Fetching timing data...
2025-06-19 15:33:31,712 - INFO - Parsing timing data...
2025-06-19 15:33:31,729 - WARNING - Driver  5: Ignoring late data for a previously processed lap.The data may contain errors (previous: 52; current 53)
2025-06-19 15:33:31,752 - WARNING - Driver 16: Ignoring late data for a previously processed lap.The data may contain errors (previous: 51; current 52)
2025-06-19 15:33:31,770 - WARNING - Driver 77: Ignoring late data for a previously processed lap.The data may contain errors (previous: 52; current 53)
2025-06-19 15:33:31,779 - WARNING - Driver 44: Ignoring late data for a previously processed lap.The data may contain errors (previous: 52; current 53)
2025-06-19 15:33:31,798 - WARNING - Driver 23: Ignoring late data for a previously processed lap.The data may contain errors (previous: 52; current 53)
2025-06-19 15:33:31,818 - WARNING - Driver 55: Ignoring late data for a previously processed lap.The data may contain errors (previous: 52; current 53)
2025-06-19 15:33:31,834 - WARNING - Driver  4: Ignoring late data for a previously processed lap.The data may contain errors (previous: 51; current 52)
2025-06-19 15:33:31,850 - WARNING - Driver 10: Ignoring late data for a previously processed lap.The data may contain errors (previous: 51; current 52)
2025-06-19 15:33:31,871 - WARNING - Driver  8: Ignoring late data for a previously processed lap.The data may contain errors (previous: 51; current 52)
2025-06-19 15:33:31,888 - WARNING - Driver 99: Ignoring late data for a previously processed lap.The data may contain errors (previous: 51; current 52)
2025-06-19 15:33:31,904 - WARNING - Driver 18: Ignoring late data for a previously processed lap.The data may contain errors (previous: 51; current 52)
2025-06-19 15:33:31,923 - WARNING - Driver  7: Ignoring late data for a previously processed lap.The data may contain errors (previous: 51; current 52)
2025-06-19 15:33:31,943 - WARNING - Driver 26: Ignoring late data for a previously processed lap.The data may contain errors (previous: 51; current 52)
2025-06-19 15:33:31,965 - WARNING - Driver 27: Ignoring late data for a previously processed lap.The data may contain errors (previous: 51; current 52)
2025-06-19 15:33:31,983 - WARNING - Driver  3: Ignoring late data for a previously processed lap.The data may contain errors (previous: 51; current 52)
2025-06-19 15:33:32,024 - WARNING - Driver 63: Ignoring late data for a previously processed lap.The data may contain errors (previous: 50; current 51)
2025-06-19 15:33:32,041 - WARNING - Driver 20: Ignoring late data for a previously processed lap.The data may contain errors (previous: 51; current 52)
2025-06-19 15:33:32,059 - WARNING - Driver 88: Ignoring late data for a previously processed lap.The data may contain errors (previous: 50; current 51)
2025-06-19 15:33:32,239 - INFO - Data has been written to cache!
2025-06-19 15:33:32,240 - INFO - No cached data found for timing_app_data. Loading data...
2025-06-19 15:33:32,240 - INFO - Fetching timing app data...
2025-06-19 15:33:32,782 - INFO - Data has been written to cache!
2025-06-19 15:33:32,782 - INFO - Processing timing data...
2025-06-19 15:33:33,677 - INFO - No cached data found for car_data. Loading data...
2025-06-19 15:33:33,678 - INFO - Fetching car data...
2025-06-19 15:33:34,737 - INFO - Parsing car data...
2025-06-19 15:33:37,791 - INFO - Data has been written to cache!
2025-06-19 15:33:37,799 - INFO - No cached data found for position_data. Loading data...
2025-06-19 15:33:37,799 - INFO - Fetching position data...
2025-06-19 15:33:38,882 - INFO - Parsing position data...
2025-06-19 15:33:43,255 - INFO - Data has been written to cache!
2025-06-19 15:33:45,557 - INFO - No cached data found for weather_data. Loading data...
2025-06-19 15:33:45,559 - INFO - Fetching weather data...
2025-06-19 15:33:45,982 - INFO - Data has been written to cache!
2025-06-19 15:33:45,984 - INFO - No cached data found for race_control_messages. Loading data...
2025-06-19 15:33:45,984 - INFO - Fetching race control messages...
2025-06-19 15:33:46,363 - INFO - Data has been written to cache!
2025-06-19 15:33:46,371 - WARNING - Driver 77 completed the race distance 00:00.224000 before the recorded end of the session.
2025-06-19 15:33:46,419 - INFO - Finished loading data for 20 drivers: ['77', '5', '44', '23', '55', '16', '10', '11', '18', '26', '4', '7', '8', '99', '20', '63', '88', '33', '3', '27']
2025-06-19 15:33:46,808 - INFO - [EXPORT OK] japanese_grand_prix
2025-06-19 15:33:46,821 - INFO - Loading data for Mexican Grand Prix - Race [v3.5.3]
2025-06-19 15:33:46,821 - INFO - No cached data found for session_info. Loading data...
2025-06-19 15:33:46,822 - INFO - Fetching session info data...
2025-06-19 15:33:47,148 - INFO - Data has been written to cache!
2025-06-19 15:33:47,148 - INFO - No cached data found for driver_info. Loading data...
2025-06-19 15:33:47,149 - INFO - Fetching driver list...
2025-06-19 15:33:47,574 - INFO - Data has been written to cache!
2025-06-19 15:33:48,050 - INFO - No cached data found for session_status_data. Loading data...
2025-06-19 15:33:48,051 - INFO - Fetching session status data...
2025-06-19 15:33:48,415 - INFO - Data has been written to cache!
2025-06-19 15:33:48,416 - INFO - No cached data found for lap_count. Loading data...
2025-06-19 15:33:48,416 - INFO - Fetching lap count data...
2025-06-19 15:33:48,767 - INFO - Data has been written to cache!
2025-06-19 15:33:48,770 - INFO - No cached data found for track_status_data. Loading data...
2025-06-19 15:33:48,770 - INFO - Fetching track status data...
2025-06-19 15:33:49,194 - INFO - Data has been written to cache!
2025-06-19 15:33:49,196 - INFO - No cached data found for _extended_timing_data. Loading data...
2025-06-19 15:33:49,196 - INFO - Fetching timing data...
2025-06-19 15:33:50,084 - INFO - Parsing timing data...
2025-06-19 15:33:50,932 - INFO - Data has been written to cache!
2025-06-19 15:33:50,936 - INFO - No cached data found for timing_app_data. Loading data...
2025-06-19 15:33:50,937 - INFO - Fetching timing app data...
2025-06-19 15:33:53,207 - INFO - Data has been written to cache!
2025-06-19 15:33:53,216 - INFO - Processing timing data...
2025-06-19 15:33:54,646 - WARNING - Driver  5: Lap timing integrity check failed for 1 lap(s)
2025-06-19 15:33:55,271 - INFO - No cached data found for car_data. Loading data...
2025-06-19 15:33:55,274 - INFO - Fetching car data...
2025-06-19 15:33:56,001 - INFO - Parsing car data...
2025-06-19 15:33:58,765 - INFO - Data has been written to cache!
2025-06-19 15:33:58,768 - INFO - No cached data found for position_data. Loading data...
2025-06-19 15:33:58,769 - INFO - Fetching position data...
2025-06-19 15:33:59,523 - INFO - Parsing position data...
2025-06-19 15:34:01,976 - INFO - Data has been written to cache!
2025-06-19 15:34:03,071 - INFO - No cached data found for weather_data. Loading data...
2025-06-19 15:34:03,072 - INFO - Fetching weather data...
2025-06-19 15:34:03,434 - INFO - Data has been written to cache!
2025-06-19 15:34:03,435 - INFO - No cached data found for race_control_messages. Loading data...
2025-06-19 15:34:03,436 - INFO - Fetching race control messages...
2025-06-19 15:34:03,957 - INFO - Data has been written to cache!
2025-06-19 15:34:04,042 - WARNING - Driver 44 completed the race distance 00:00.798000 before the recorded end of the session.
2025-06-19 15:34:04,524 - INFO - Finished loading data for 20 drivers: ['44', '5', '77', '16', '23', '33', '11', '3', '10', '27', '26', '18', '55', '99', '20', '63', '8', '88', '7', '4']
2025-06-19 15:34:05,912 - INFO - [EXPORT OK] mexican_grand_prix
2025-06-19 15:34:05,929 - INFO - Loading data for United States Grand Prix - Race [v3.5.3]
2025-06-19 15:34:05,931 - INFO - No cached data found for session_info. Loading data...
2025-06-19 15:34:05,931 - INFO - Fetching session info data...
2025-06-19 15:34:06,338 - INFO - Data has been written to cache!
2025-06-19 15:34:06,340 - INFO - No cached data found for driver_info. Loading data...
2025-06-19 15:34:06,341 - INFO - Fetching driver list...
2025-06-19 15:34:06,822 - INFO - Data has been written to cache!
2025-06-19 15:34:07,340 - INFO - No cached data found for session_status_data. Loading data...
2025-06-19 15:34:07,340 - INFO - Fetching session status data...
2025-06-19 15:34:07,778 - INFO - Data has been written to cache!
2025-06-19 15:34:07,779 - INFO - No cached data found for lap_count. Loading data...
2025-06-19 15:34:07,779 - INFO - Fetching lap count data...
2025-06-19 15:34:08,128 - INFO - Data has been written to cache!
2025-06-19 15:34:08,129 - INFO - No cached data found for track_status_data. Loading data...
2025-06-19 15:34:08,130 - INFO - Fetching track status data...
2025-06-19 15:34:08,501 - INFO - Data has been written to cache!
2025-06-19 15:34:08,502 - INFO - No cached data found for _extended_timing_data. Loading data...
2025-06-19 15:34:08,503 - INFO - Fetching timing data...
2025-06-19 15:34:09,601 - INFO - Parsing timing data...
2025-06-19 15:34:10,066 - INFO - Data has been written to cache!
2025-06-19 15:34:10,067 - INFO - No cached data found for timing_app_data. Loading data...
2025-06-19 15:34:10,067 - INFO - Fetching timing app data...
2025-06-19 15:34:10,652 - INFO - Data has been written to cache!
2025-06-19 15:34:10,653 - INFO - Processing timing data...
2025-06-19 15:34:11,063 - WARNING - Driver  4: Lap timing integrity check failed for 1 lap(s)
2025-06-19 15:34:11,307 - INFO - No cached data found for car_data. Loading data...
2025-06-19 15:34:11,309 - INFO - Fetching car data...
2025-06-19 15:34:12,531 - INFO - Parsing car data...
2025-06-19 15:34:14,968 - INFO - Data has been written to cache!
2025-06-19 15:34:14,971 - INFO - No cached data found for position_data. Loading data...
2025-06-19 15:34:14,972 - INFO - Fetching position data...
2025-06-19 15:34:16,241 - INFO - Parsing position data...
2025-06-19 15:34:19,328 - INFO - Data has been written to cache!
2025-06-19 15:34:20,667 - INFO - No cached data found for weather_data. Loading data...
2025-06-19 15:34:20,668 - INFO - Fetching weather data...
2025-06-19 15:34:21,046 - INFO - Data has been written to cache!
2025-06-19 15:34:21,049 - INFO - No cached data found for race_control_messages. Loading data...
2025-06-19 15:34:21,049 - INFO - Fetching race control messages...
2025-06-19 15:34:21,470 - INFO - Data has been written to cache!
2025-06-19 15:34:21,474 - WARNING - Driver 77 completed the race distance 00:00.080000 before the recorded end of the session.
2025-06-19 15:34:21,546 - INFO - Finished loading data for 20 drivers: ['77', '44', '33', '16', '23', '3', '4', '55', '27', '11', '7', '26', '18', '99', '8', '10', '63', '20', '88', '5']
2025-06-19 15:34:21,996 - INFO - [EXPORT OK] united_states_grand_prix
2025-06-19 15:34:22,007 - INFO - Loading data for Brazilian Grand Prix - Race [v3.5.3]
2025-06-19 15:34:22,007 - INFO - No cached data found for session_info. Loading data...
2025-06-19 15:34:22,008 - INFO - Fetching session info data...
2025-06-19 15:34:22,358 - INFO - Data has been written to cache!
2025-06-19 15:34:22,359 - INFO - No cached data found for driver_info. Loading data...
2025-06-19 15:34:22,359 - INFO - Fetching driver list...
2025-06-19 15:34:22,807 - INFO - Data has been written to cache!
2025-06-19 15:34:23,018 - INFO - No cached data found for session_status_data. Loading data...
2025-06-19 15:34:23,018 - INFO - Fetching session status data...
2025-06-19 15:34:23,423 - INFO - Data has been written to cache!
2025-06-19 15:34:23,424 - INFO - No cached data found for lap_count. Loading data...
2025-06-19 15:34:23,425 - INFO - Fetching lap count data...
2025-06-19 15:34:23,824 - INFO - Data has been written to cache!
2025-06-19 15:34:23,825 - INFO - No cached data found for track_status_data. Loading data...
2025-06-19 15:34:23,825 - INFO - Fetching track status data...
2025-06-19 15:34:24,155 - INFO - Data has been written to cache!
2025-06-19 15:34:24,156 - INFO - No cached data found for _extended_timing_data. Loading data...
2025-06-19 15:34:24,156 - INFO - Fetching timing data...
2025-06-19 15:34:25,612 - INFO - Parsing timing data...
2025-06-19 15:34:25,946 - WARNING - Driver 20: Encountered 1 timing integrity error(s) near lap(s): [7].
This might be a bug and should be reported.
2025-06-19 15:34:26,379 - INFO - Data has been written to cache!
2025-06-19 15:34:26,380 - INFO - No cached data found for timing_app_data. Loading data...
2025-06-19 15:34:26,380 - INFO - Fetching timing app data...
2025-06-19 15:34:27,029 - INFO - Data has been written to cache!
2025-06-19 15:34:27,038 - INFO - Processing timing data...
2025-06-19 15:34:28,297 - WARNING - Driver 20: Lap timing integrity check failed for 1 lap(s)
2025-06-19 15:34:28,641 - INFO - No cached data found for car_data. Loading data...
2025-06-19 15:34:28,643 - INFO - Fetching car data...
2025-06-19 15:34:29,733 - INFO - Parsing car data...
2025-06-19 15:34:32,384 - INFO - Data has been written to cache!
2025-06-19 15:34:32,386 - INFO - No cached data found for position_data. Loading data...
2025-06-19 15:34:32,386 - INFO - Fetching position data...
2025-06-19 15:34:33,524 - INFO - Parsing position data...
2025-06-19 15:34:35,613 - INFO - Data has been written to cache!
2025-06-19 15:34:36,929 - INFO - No cached data found for weather_data. Loading data...
2025-06-19 15:34:36,931 - INFO - Fetching weather data...
2025-06-19 15:34:37,350 - INFO - Data has been written to cache!
2025-06-19 15:34:37,352 - INFO - No cached data found for race_control_messages. Loading data...
2025-06-19 15:34:37,353 - INFO - Fetching race control messages...
2025-06-19 15:34:37,756 - INFO - Data has been written to cache!
2025-06-19 15:34:37,761 - WARNING - Driver 33 completed the race distance 00:00.145000 before the recorded end of the session.
2025-06-19 15:34:37,857 - INFO - Finished loading data for 20 drivers: ['33', '10', '55', '7', '99', '3', '44', '4', '11', '26', '20', '63', '8', '23', '27', '88', '5', '16', '18', '77']
2025-06-19 15:34:39,980 - INFO - [EXPORT OK] brazilian_grand_prix
2025-06-19 15:34:40,024 - INFO - Loading data for Abu Dhabi Grand Prix - Race [v3.5.3]
2025-06-19 15:34:40,030 - INFO - No cached data found for session_info. Loading data...
2025-06-19 15:34:40,031 - INFO - Fetching session info data...
2025-06-19 15:34:40,420 - INFO - Data has been written to cache!
2025-06-19 15:34:40,422 - INFO - No cached data found for driver_info. Loading data...
2025-06-19 15:34:40,426 - INFO - Fetching driver list...
2025-06-19 15:34:40,937 - INFO - Data has been written to cache!
2025-06-19 15:34:41,174 - INFO - No cached data found for session_status_data. Loading data...
2025-06-19 15:34:41,174 - INFO - Fetching session status data...
2025-06-19 15:34:41,542 - INFO - Data has been written to cache!
2025-06-19 15:34:41,548 - INFO - No cached data found for lap_count. Loading data...
2025-06-19 15:34:41,551 - INFO - Fetching lap count data...
2025-06-19 15:34:41,931 - INFO - Data has been written to cache!
2025-06-19 15:34:41,931 - INFO - No cached data found for track_status_data. Loading data...
2025-06-19 15:34:41,932 - INFO - Fetching track status data...
2025-06-19 15:34:42,271 - INFO - Data has been written to cache!
2025-06-19 15:34:42,272 - INFO - No cached data found for _extended_timing_data. Loading data...
2025-06-19 15:34:42,273 - INFO - Fetching timing data...
2025-06-19 15:34:44,132 - INFO - Parsing timing data...
2025-06-19 15:34:44,672 - WARNING - Driver 63: Ignoring late data for a previously processed lap.The data may contain errors (previous: 34; current 35)
2025-06-19 15:34:44,903 - INFO - Data has been written to cache!
2025-06-19 15:34:44,904 - INFO - No cached data found for timing_app_data. Loading data...
2025-06-19 15:34:44,904 - INFO - Fetching timing app data...
2025-06-19 15:34:45,450 - INFO - Data has been written to cache!
2025-06-19 15:34:45,451 - INFO - Processing timing data...
2025-06-19 15:34:45,889 - WARNING - Driver  4: Lap timing integrity check failed for 1 lap(s)
2025-06-19 15:34:45,900 - WARNING - Driver 55: Lap timing integrity check failed for 1 lap(s)
2025-06-19 15:34:46,504 - INFO - No cached data found for car_data. Loading data...
2025-06-19 15:34:46,505 - INFO - Fetching car data...
2025-06-19 15:34:47,710 - INFO - Parsing car data...
2025-06-19 15:34:54,962 - INFO - Data has been written to cache!
2025-06-19 15:34:54,969 - INFO - No cached data found for position_data. Loading data...
2025-06-19 15:34:54,969 - INFO - Fetching position data...
2025-06-19 15:34:56,240 - INFO - Parsing position data...
2025-06-19 15:34:58,089 - INFO - Data has been written to cache!
2025-06-19 15:34:59,328 - INFO - No cached data found for weather_data. Loading data...
2025-06-19 15:34:59,329 - INFO - Fetching weather data...
2025-06-19 15:34:59,767 - INFO - Data has been written to cache!
2025-06-19 15:34:59,769 - INFO - No cached data found for race_control_messages. Loading data...
2025-06-19 15:34:59,769 - INFO - Fetching race control messages...
2025-06-19 15:35:00,179 - INFO - Data has been written to cache!
2025-06-19 15:35:00,206 - INFO - Finished loading data for 20 drivers: ['44', '33', '16', '77', '5', '23', '11', '4', '26', '55', '3', '27', '7', '20', '8', '99', '63', '10', '88', '18']
2025-06-19 15:35:01,025 - INFO - [EXPORT OK] abu_dhabi_grand_prix
